		LINK-10 symbol map of	P2S	version 4(210)		page 1
	Produced by LINK-10 version 2A(241) on  8-Oct-84 at 16:56:55

	Low  segment starts at	     0 ends at	  7034 length	  7035 = 4K
	High segment starts at	400000 ends at	431246 length	 31247 = 13K
	483 words free in Low segment, 345 words free in high segment
	625 Global symbols loaded, therefore min. hash size is 695
	Start address is 431242, located in program PH2S..

		*************

JOBDAT-INITIAL-SYMBOLS

	Zero length module

		*************

MAIN..	from DSK:MAIN.REL[31,1611]	created by BLISS on  6-Oct-84 at 18:37:00
	Low  segment starts at	   140 ends at	   470 length	   331 (octal),   217. (decimal)

	MAIN.0	         140	Global	Relocatable 		MAINV	     2000033	Global	Absolute    	
	FT1SEG	           0	Global	Absolute    		IOFLV	   200000007	Global	Absolute    	
	PHAZCO	         140	Global	Relocatable 		SIXBOU	         264	Global	Relocatable 	
	GETSG	         302	Global	Relocatable 		NXFILG	         356	Global	Relocatable 	
	CTCSTA	         370	Global	Relocatable 		MAIN.1	         376	Global	Relocatable Suppressed
	MAIN.P	         376	Global	Relocatable 		MAIN.C	         460	Global	Relocatable 	
	MAIN.L	         462	Global	Relocatable 		MAIN.O	         467	Global	Relocatable 	

		*************

GLOB..	from DSK:GLOBAL.REL[31,1611]	created by BLISS on  6-Oct-84 at 18:39:00
	Low  segment starts at	   471 ends at	  5015 length	  4325 (octal),  2261. (decimal)
	High segment starts at	400010 ends at	400576 length	   567 (octal),   375. (decimal)

	GLOB.0	      400010	Global	Relocatable 		.ENT.0	      400010	Global	Relocatable 	
	.ENT.1	      400013	Global	Relocatable 		.ENT.2	      400017	Global	Relocatable 	
	.ENT.3	      400024	Global	Relocatable 		.ENT.4	      400032	Global	Relocatable 	
	.EXT.4	      400041	Global	Relocatable 		.EXT.3	      400042	Global	Relocatable 	
	.EXT.2	      400043	Global	Relocatable 		.EXT.1	      400044	Global	Relocatable 	
	.EXT3)	      400045	Global	Relocatable 		GLOBV	   200000111	Global	Absolute    	
	FIRSV	   200000176	Global	Absolute    		TABLV	   200000230	Global	Absolute    	
	POOL	        1455	Global	Relocatable 		STK	        2605	Global	Relocatable 	
	CHNLTB	        3177	Global	Relocatable 		IBLOCK	        3247	Global	Relocatable 	
	TBLOCK	        3252	Global	Relocatable 		LBLOCK	        3262	Global	Relocatable 	
	GETSBL	        3266	Global	Relocatable 		FLGWRD	        3274	Global	Relocatable 	
	ISPEC	        3275	Global	Relocatable 		FSPEC	        3276	Global	Relocatable 	
	CCLSW	        3277	Global	Relocatable 		INDEX	        3300	Global	Relocatable 	
	PAGE	        3301	Global	Relocatable 		JOBFFS	        3302	Global	Relocatable 	
	SYMTBL	        3303	Global	Relocatable 		CONTBL	        3422	Global	Relocatable 	
	EXPTBL	        3467	Global	Relocatable 		LABTBL	        3606	Global	Relocatable 	
	LITTBL	        3653	Global	Relocatable 		NAMTBL	        3654	Global	Relocatable 	
	SRCTBL	        3675	Global	Relocatable 		DIMTBL	        3676	Global	Relocatable 	
	DATTBL	        3677	Global	Relocatable 		BASEPT	        3700	Global	Relocatable 	
	COMBLK	        3701	Global	Relocatable 		LITPOI	        3702	Global	Relocatable 	
	SYMPTR	        3703	Global	Relocatable 		SORCPT	        3704	Global	Relocatable 	
	LASTEX	        3705	Global	Relocatable 		LASTDI	        3706	Global	Relocatable 	
		LINK-10 symbol map of	P2S	version 4(210)		page 2
GLOB..
	CONSPT	        3707	Global	Relocatable 		LABLPT	        3710	Global	Relocatable 	
	EQVPTR	        3711	Global	Relocatable 		FORMPT	        3712	Global	Relocatable 	
	NAMLPT	        3713	Global	Relocatable 		ASIPTR	        3714	Global	Relocatable 	
	TTOTAL	        3715	Global	Relocatable 		FREELI	        3716	Global	Relocatable 	
	SPACEF	        3730	Global	Relocatable 		SRCHON	        3731	Global	Relocatable 	
	ISN	        3732	Global	Relocatable 		IDOFST	        3733	Global	Relocatable 	
	LABLOF	        3734	Global	Relocatable 		DLOOPT	        3735	Global	Relocatable 	
	DONEST	        3736	Global	Relocatable 		CURDOI	        3737	Global	Relocatable 	
	LASDOL	        3740	Global	Relocatable 		LASLVL	        3741	Global	Relocatable 	
	DELETP	        3742	Global	Relocatable 		SYMTYP	        3743	Global	Relocatable 	
	NAME	        3744	Global	Relocatable 		TYPE	        3745	Global	Relocatable 	
	INCREM	        3746	Global	Relocatable 		DECEXP	        3747	Global	Relocatable 	
	ENTRY	        3750	Global	Relocatable 		REGSAV	        3755	Global	Relocatable 	
	SEGINC	        3775	Global	Relocatable 		LOWLOC	        3776	Global	Relocatable 	
	HILOC	        3777	Global	Relocatable 		RELOCW	        4000	Global	Relocatable 	
	MAINRL	        4001	Global	Relocatable 		LOCRLB	        4025	Global	Relocatable 	
	SYMRLB	        4051	Global	Relocatable 		RDATWD	        4075	Global	Relocatable 	
	BLANKC	        4076	Global	Relocatable 		ENDSCA	        4077	Global	Relocatable 	
	MULENT	        4100	Global	Relocatable 		FORMAR	        4101	Global	Relocatable 	
	COMSIZ	        4102	Global	Relocatable 		ONEPLI	        4103	Global	Relocatable 	
	SP	        4104	Global	Relocatable 		LEXL	        4105	Global	Relocatable 	
	LSAVE	        4106	Global	Relocatable 		FARRY	        4107	Global	Relocatable 	
	CODELI	        4110	Global	Relocatable 		STALAB	        4111	Global	Relocatable 	
	PROGNA	        4112	Global	Relocatable 		IDTYPE	        4113	Global	Relocatable 	
	ASTATF	        4114	Global	Relocatable 		ERRLIN	        4115	Global	Relocatable 	
	TMPCNT	        4116	Global	Relocatable 		BSAVE	        4122	Global	Relocatable 	
	FSAVE	        4123	Global	Relocatable 		VSAVE	        4124	Global	Relocatable 	
	TYPTAB	        4125	Global	Relocatable 		LIBFUN	      400057	Global	Relocatable 	
	ONEAFT	      400156	Global	Relocatable 		LIBATT	      400266	Global	Relocatable 	
	CLRWDS	      400464	Global	Relocatable 		TREEPT	        4157	Global	Relocatable 	
	CSTMNT	        4160	Global	Relocatable 		ZERBLK	        4161	Global	Relocatable 	
	A1NODE	        4162	Global	Relocatable 		A2NODE	        4163	Global	Relocatable 	
	A1LABE	        4164	Global	Relocatable 		A2LABE	        4165	Global	Relocatable 	
	A3LABE	        4166	Global	Relocatable 		OPDSPI	        4167	Global	Relocatable 	
	REGFOR	        4170	Global	Relocatable 		PC	        4171	Global	Relocatable 	
	PBOPWD	        4172	Global	Relocatable 		PSYMPT	        4173	Global	Relocatable 	
	IOLSPT	        4174	Global	Relocatable 		DATASP	        4175	Global	Relocatable 	
	RESNAM	        4176	Global	Relocatable 		NEGFLG	        4177	Global	Relocatable 	
	NOTFLG	        4200	Global	Relocatable 		TRUECE	        4201	Global	Relocatable 	
	FALSEC	        4202	Global	Relocatable 		CIOCAL	        4203	Global	Relocatable 	
	CIOCLA	        4204	Global	Relocatable 		INPFLA	        4205	Global	Relocatable 	
	USERFN	        4206	Global	Relocatable 		CLOBBR	        4207	Global	Relocatable 	
	DBLMOD	        4210	Global	Relocatable 		LSTLNK	        4211	Global	Relocatable 	
	FTEMP	        4212	Global	Relocatable 		FRSTLN	        4213	Global	Relocatable 	
	ANCHOR	        4214	Global	Relocatable 		VERYFR	        4215	Global	Relocatable 	
	PBFPTR	        4216	Global	Relocatable 		PBUFF	        4217	Global	Relocatable 	
	PEEPPT	        4447	Global	Relocatable 		ILABIX	        4450	Global	Relocatable 	
	GBSYRE	        4451	Global	Relocatable 		GBSYCT	        4452	Global	Relocatable 	
	STBSYR	        4453	Global	Relocatable 		STRGCT	        4454	Global	Relocatable 	
	BLOCKB	        4455	Global	Relocatable 		NOBBRE	        4456	Global	Relocatable 	
	PAIRMO	        4457	Global	Relocatable 		EHASH	        4460	Global	Relocatable 	
	BACKST	        4515	Global	Relocatable 		IOPTFL	        4516	Global	Relocatable 	
	DOSP	        4517	Global	Relocatable 		DOSTAK	        4520	Global	Relocatable 	
	EXITNO	        4560	Global	Relocatable 		RDCCT	        4561	Global	Relocatable 	
		LINK-10 symbol map of	P2S	version 4(210)		page 3
GLOB..
	LPRDCC	        4562	Global	Relocatable 		RDCLNK	        4563	Global	Relocatable 	
	LOCLNK	        4564	Global	Relocatable 		ARGLIN	        4565	Global	Relocatable 	
	SPECCA	        4566	Global	Relocatable 		QQ	        4567	Global	Relocatable 	
	UNIQVA	        4570	Global	Relocatable 		ASSOCP	        4571	Global	Relocatable 	
	FNTMP	        4572	Global	Relocatable 		DOCNT	        4573	Global	Relocatable 	
	OPTLAB	        4574	Global	Relocatable 		GLOBRE	        4575	Global	Relocatable 	
	RGRAPH	        4615	Global	Relocatable 		FGRAPH	        4616	Global	Relocatable 	
	SSIZTC	        4617	Global	Relocatable 		INTLTC	        4620	Global	Relocatable 	
	LOOP	        4621	Global	Relocatable 		INDVAR	        4622	Global	Relocatable 	
	LEND	        4623	Global	Relocatable 		LENTRY	        4624	Global	Relocatable 	
	LOOPNO	        4625	Global	Relocatable 		CHOSEN	        4626	Global	Relocatable 	
	TOP	        4666	Global	Relocatable 		BOTTOM	        4667	Global	Relocatable 	
	TPREV	        4670	Global	Relocatable 		PREV	        4671	Global	Relocatable 	
	PHI	        4672	Global	Relocatable 		NAN	        4673	Global	Relocatable 	
	EHASHP	        4674	Global	Relocatable 		LOWLIM	        4675	Global	Relocatable 	
	CELMNT	        4676	Global	Relocatable 		EVALU	      400531	Global	Relocatable 	
	INNERL	        4677	Global	Relocatable 		DOWDP	        4700	Global	Relocatable 	
	CDONOD	        4701	Global	Relocatable 		ITMCT	        4702	Global	Relocatable 	
	MTOPFU	      400567	Global	Relocatable 		DWP	        4703	Global	Relocatable 	
	C1H	        4704	Global	Relocatable 		C1L	        4705	Global	Relocatable 	
	C2H	        4706	Global	Relocatable 		C2L	        4707	Global	Relocatable 	
	COPRIX	        4710	Global	Relocatable 		SAVACS	        4711	Global	Relocatable 	
	SAVE17	        4720	Global	Relocatable 		EOPSAV	        4721	Global	Relocatable 	
	NOCR	        4722	Global	Relocatable 		STPTR	        4723	Global	Relocatable 	
	STLPTR	        4724	Global	Relocatable 		STPOS	        4725	Global	Relocatable 	
	LASTLI	        4726	Global	Relocatable 		ERRFLA	        4727	Global	Relocatable 	
	MSGNOT	        4730	Global	Relocatable 		CLASPT	        4731	Global	Relocatable 	
	CLASLP	        4732	Global	Relocatable 		CONTPT	        4733	Global	Relocatable 	
	LEXLIN	        4734	Global	Relocatable 		NUMWAR	        4735	Global	Relocatable 	
	NUMFAT	        4736	Global	Relocatable 		WARNOP	        4737	Global	Relocatable 	
	STMNDE	        4740	Global	Relocatable 		PSTATE	        4741	Global	Relocatable 	
	BACKLI	        4742	Global	Relocatable 		LOOK4L	        4743	Global	Relocatable 	
	FNDFF	        4744	Global	Relocatable 		DIMSTK	        4745	Global	Relocatable 	
	LOOK4C	        4746	Global	Relocatable 		ENDOFI	           0	Global	Absolute    	
	GLOBEN	        4747	Global	Relocatable 		BGSTBF	        4750	Global	Relocatable 	
	SAVFLG	        4751	Global	Relocatable 		DEBGSW	        4752	Global	Relocatable 	
	BUGOUT	        4753	Global	Relocatable 		FLAGS2	        4754	Global	Relocatable 	
	CURPOO	        4755	Global	Relocatable 		CURPTR	        4756	Global	Relocatable 	
	CHARPO	        4757	Global	Relocatable 		LINEPT	        4760	Global	Relocatable 	
	SEQLAS	        4761	Global	Relocatable 		LINENO	        4762	Global	Relocatable 	
	PAGELI	        4764	Global	Relocatable 		LINELI	        4765	Global	Relocatable 	
	HEADST	        4766	Global	Relocatable 		BASENO	        5012	Global	Relocatable 	
	HEADPT	        5013	Global	Relocatable 		PAGEPT	        5014	Global	Relocatable 	
	GLOB.F	      400047	Global	Relocatable 		GLOB.1	      400056	Global	Relocatable Suppressed
	GLOB.P	      400056	Global	Relocatable 		GLOB.G	         471	Global	Relocatable Suppressed
	.BREG	        5015	Global	Relocatable 	

		*************

$SCNDC	from DSK:SCAN.REL[10,7]	created on 20-Sep-74 at  0:00:00

	Zero length module

		*************
		LINK-10 symbol map of	P2S	version 4(210)		page 4
$SCNDC

.SCAN	from DSK:SCAN.REL[10,7]	created on 20-Sep-74 at  0:00:00
	Low  segment starts at	  5016 ends at	  5650 length	   633 (octal),   411. (decimal)

	F.NAM	        5432	Global	Relocatable 		N.CORE	        5103	Global	Relocatable 	
	N.EZER	        5102	Global	Relocatable Suppressed	N.OFFS	        5104	Global	Relocatable 	
	N.ZER	        5061	Global	Relocatable Suppressed	%%SCAN	   700000541	Global	Absolute    Suppressed
	.LASWD	        5615	Global	Relocatable 		.MYPPN	        5016	Global	Relocatable 	
	.NMUE	        5614	Global	Relocatable Suppressed	.NMUL	        5557	Global	Relocatable 	
	.QUOTE	        5060	Global	Relocatable 		.SCANL	         633	Global	Absolute    Suppressed
	.SCANZ	        5016	Global	Relocatable Suppressed

		*************

.VERBO	from DSK:SCAN.REL[10,7]	created on 20-Sep-74 at  0:00:00
	Low  segment starts at	  5651 ends at	  5652 length	     2 (octal),     2. (decimal)

	.FLCBF	        5652	Global	Relocatable 		.FLVRB	        5651	Global	Relocatable 	
	.VRBOL	           2	Global	Absolute    Suppressed	.VRBOZ	        5651	Global	Relocatable Suppressed

		*************

.TNEWL	from DSK:SCAN.REL[10,7]	created on 20-Sep-74 at  0:00:00

	Zero length module

		*************

.TOUTS	from DSK:SCAN.REL[10,7]	created on 20-Sep-74 at  0:00:00
	Low  segment starts at	  5653 ends at	  5653 length	     1 (octal),     1. (decimal)

	GUIDL.	          12	Global	Absolute    Suppressed	GUIDM.	777777777766	Global	Absolute    Suppressed
	.TOUTL	           1	Global	Absolute    Suppressed	.TOUTZ	        5653	Global	Relocatable Suppressed

		*************

.STOPB	from DSK:SCAN.REL[10,7]	created on 20-Sep-74 at  0:00:00

	Zero length module

		*************

.CNTDT	from DSK:SCAN.REL[10,7]	created on 20-Sep-74 at  0:00:00

	Zero length module

		*************

.GTPUT	from DSK:SCAN.REL[10,7]	created on 20-Sep-74 at  0:00:00

	Zero length module

		*************

		LINK-10 symbol map of	P2S	version 4(210)		page 5


.SAVE	from DSK:SCAN.REL[10,7]	created on 20-Sep-74 at  0:00:00

	Zero length module

		*************

.WILD	from DSK:WILD.REL[10,7]	created on 25-Sep-74 at  0:00:00
	Low  segment starts at	  5654 ends at	  6262 length	   407 (octal),   263. (decimal)

	B.DC	        6260	Global	Relocatable 		%%WILD	   700000311	Global	Absolute    Suppressed
	.WIFIR	        5735	Global	Relocatable 		.WILAS	        5736	Global	Relocatable 	
	.WILDL	         407	Global	Absolute    Suppressed	.WILDZ	        5654	Global	Relocatable Suppressed
	.WLDBF	        6005	Global	Relocatable 		.WLDFL	        5725	Global	Relocatable 	

		*************

FTNCMD	from DSK:COMMAN.REL[31,1611]	created by MACRO on  7-Oct-84 at 15:37:00
	Low  segment starts at	  6263 ends at	  6614 length	   332 (octal),   218. (decimal)

	CORERR	        6263	Global	Relocatable 	

		*************

SERV..	from DSK:SRCA.REL[31,1611]	created by BLISS on  6-Oct-84 at 18:43:00
	Low  segment starts at	  6615 ends at	  6633 length	    17 (octal),    15. (decimal)
	High segment starts at	400577 ends at	401717 length	  1121 (octal),   593. (decimal)

	SERV.0	      400577	Global	Relocatable 		SRCAV	   200000060	Global	Absolute    	
	ADDLOO	      400577	Global	Relocatable 		TBLSEA	      400703	Global	Relocatable 	
	THASH	      400767	Global	Relocatable 		SRCHLI	      401021	Global	Relocatable 	
	NEWENT	      401105	Global	Relocatable 		TESTEN	      401400	Global	Relocatable 	
	SAVSPA	      401447	Global	Relocatable 		CORMAN	      401465	Global	Relocatable 	
	GENLAB	      401536	Global	Relocatable 		MAKEPR	      401545	Global	Relocatable 	
	MAKPR1	      401571	Global	Relocatable 		SERV.1	      401662	Global	Relocatable Suppressed
	SERV.P	      401662	Global	Relocatable 		SERV.C	      401674	Global	Relocatable 	
	SERV.L	      401700	Global	Relocatable 		SERV.O	        6615	Global	Relocatable 	

		*************

INOU..	from DSK:INOUT.REL[31,1611]	created by BLISS on  6-Oct-84 at 18:39:00
	Low  segment starts at	  6634 ends at	  6664 length	    31 (octal),    25. (decimal)
	High segment starts at	401720 ends at	403203 length	  1264 (octal),   692. (decimal)

	INOU.0	      401720	Global	Relocatable 		INOUV	   200000042	Global	Absolute    	
	NUMODI	        6634	Global	Relocatable 		DIGITS	      401720	Global	Relocatable 	
	STRNG6	      401740	Global	Relocatable 		STRNG7	      401752	Global	Relocatable 	
	HEADCH	      401761	Global	Relocatable 		HEADIN	      401771	Global	Relocatable 	
	FATLER	      402052	Global	Relocatable 		WARNER	      402215	Global	Relocatable 	
	FATLEX	      402225	Global	Relocatable 		WARNLE	      402235	Global	Relocatable 	
	BLDMSG	      402245	Global	Relocatable 		ERROR	      402422	Global	Relocatable 	
	OUUOLS	      402653	Global	Relocatable 		OUTSTA	      402671	Global	Relocatable 	
	LINEOU	      402717	Global	Relocatable 		CHAROU	      402743	Global	Relocatable 	
	STRNGO	      402752	Global	Relocatable 		LSTOUT	      402771	Global	Relocatable 	
		LINK-10 symbol map of	P2S	version 4(210)		page 6
INOU..
	OUUOBI	      402775	Global	Relocatable 		RELOUT	      403013	Global	Relocatable 	
	SOUTPU	      403017	Global	Relocatable 		CLOSUP	      403022	Global	Relocatable 	
	INOU.1	      403026	Global	Relocatable Suppressed	INOU.P	      403026	Global	Relocatable 	
	INOU.C	      403150	Global	Relocatable 		INOU.L	      403160	Global	Relocatable 	
	INOU.G	        6634	Global	Relocatable Suppressed	INOU.O	        6635	Global	Relocatable 	

		*************

ERR3	from DSK:ERR3.REL[31,1611]	created on  6-Oct-84 at 18:38:00
	High segment starts at	403204 ends at	403304 length	   101 (octal),    65. (decimal)

	CGERR	      403207	Global	Relocatable 		SKERR	      403204	Global	Relocatable 	
	VEDIT	           1	Global	Absolute    Suppressed

		*************

ERRC..	from DSK:ERROVC.REL[31,1611]	created by BLISS on  6-Oct-84 at 19:23:00
	High segment starts at	403305 ends at	403320 length	    14 (octal),    12. (decimal)

	ERRC.0	      403305	Global	Relocatable 		E64	           0	Global	Absolute    	
	WOPTMS	          10	Global	Absolute    		WARMSG	          10	Global	Absolute    	
	ERRMSG	      403310	Global	Relocatable 		BACKTY	           0	Global	Absolute    	
	NXTFIL	           0	Global	Absolute    		ENDUNI	           0	Global	Absolute    	
	FINALC	           0	Global	Absolute    		LEXNAM	           0	Global	Absolute    	
	ERRC.1	      403307	Global	Relocatable Suppressed	ERRC.P	      403307	Global	Relocatable 	

		*************

CNSTCM	from DSK:CNSTCM.REL[31,1611]	created on  6-Oct-84 at 18:49:00
	High segment starts at	403321 ends at	404326 length	  1006 (octal),   518. (decimal)

	CNSTCM	      403321	Entry	Relocatable 		CNSTCV	   201000100	Global	Absolute    	
	KADPRN	      403475	Global	Relocatable 		KARIAB	      403354	Global	Relocatable 	
	KARIIB	      403334	Global	Relocatable 		KBOOLB	      403476	Global	Relocatable 	
	KDNEGB	      403502	Global	Relocatable 		KDPINT	      403450	Global	Relocatable 	
	KDPRL	      403474	Global	Relocatable 		KILDAB	      404046	Global	Relocatable 	
	KILFBA	      404030	Global	Relocatable 		KILFBR	      404037	Global	Relocatable 	
	KSPECB	      403625	Global	Relocatable 		KTYPCB	      403374	Global	Relocatable 	

		*************

SKST..	from DSK:SKSTMN.REL[31,1611]	created by BLISS on  6-Oct-84 at 19:27:00
	Low  segment starts at	  6665 ends at	  6717 length	    33 (octal),    27. (decimal)
	High segment starts at	404327 ends at	407200 length	  2652 (octal),  1450. (decimal)

	SKST.0	      404327	Global	Relocatable 		SKSTV	   201000133	Global	Absolute    	
	P2SKST	      404327	Global	Relocatable 		SKASMN	      404573	Global	Relocatable 	
	SKSFN	      404740	Global	Relocatable 		SKRETU	      404756	Global	Relocatable 	
	SKAGO	      404777	Global	Relocatable 		SKCGO	      405022	Global	Relocatable 	
	DELGOL	      405112	Global	Relocatable 		SKLOGI	      405131	Global	Relocatable 	
	SKARIF	      405205	Global	Relocatable 		SKASSI	      405621	Global	Relocatable 	
	SKDECE	      405635	Global	Relocatable 		SKCALL	      405656	Global	Relocatable 	
	FOLDIO	      405716	Global	Relocatable 		FORMIO	      406017	Global	Relocatable 	
	FILTER	      406073	Global	Relocatable 		LOOKEL	      406120	Global	Relocatable 	
		LINK-10 symbol map of	P2S	version 4(210)		page 7
SKST..
	IODEPN	      406301	Global	Relocatable 		DEFONC	      406407	Global	Relocatable 	
	DOP2SK	      406433	Global	Relocatable 		TRINTO	      406542	Global	Relocatable 	
	DOENSK	      406570	Global	Relocatable 		P2REGC	      406653	Global	Relocatable 	
	LOOKOU	      407054	Global	Relocatable 		LOKIOU	      407102	Global	Relocatable 	
	SKST.1	      407124	Global	Relocatable Suppressed	SKST.C	      407124	Global	Relocatable 	
	SKST.L	      407131	Global	Relocatable 		SKST.O	        6665	Global	Relocatable 	

		*************

INPT..	from DSK:INPT.REL[31,1611]	created by BLISS on  6-Oct-84 at 19:29:00
	High segment starts at	407201 ends at	407271 length	    71 (octal),    57. (decimal)

	INPT.0	      407201	Global	Relocatable 		INPTV	   201000123	Global	Absolute    	
	SKIOLI	      407201	Global	Relocatable 		INPT.1	      407265	Global	Relocatable Suppressed
	INPT.L	      407265	Global	Relocatable 	

		*************

DOPT	from DSK:DOPT.REL[31,1611]	created on  6-Oct-84 at 19:28:00

	Zero length module

		*************

P2S1..	from DSK:P2S1.REL[31,1611]	created by BLISS on  6-Oct-84 at 19:33:00
	Low  segment starts at	  6720 ends at	  6742 length	    23 (octal),    19. (decimal)
	High segment starts at	407272 ends at	412441 length	  3150 (octal),  1640. (decimal)

	P2S1.0	      407272	Global	Relocatable 		P2S1V	     2000073	Global	Absolute    	
	P2SKL1	      412314	Global	Relocatable 		P2SKBL	      407272	Global	Relocatable 	
	BLSKOP	      407471	Global	Relocatable 		P2SKIG	      407574	Global	Relocatable 	
	P2SKRE	      407577	Global	Relocatable 		RELSKO	      407675	Global	Relocatable 	
	P2SKFN	      410456	Global	Relocatable 		P2SKAR	      410664	Global	Relocatable 	
	ARSKOP	      411261	Global	Relocatable 		P2SKLT	      411510	Global	Relocatable 	
	P2SKLA	      411732	Global	Relocatable 		P2SKNE	      411775	Global	Relocatable 	
	P2S1.1	      412313	Global	Relocatable Suppressed	P2S1.P	      412313	Global	Relocatable 	
	P2S1.C	      412335	Global	Relocatable 		P2S1.L	      412353	Global	Relocatable 	
	P2S1.O	        6720	Global	Relocatable 	

		*************

P2S2..	from DSK:P2S2.REL[31,1611]	created by BLISS on  6-Oct-84 at 19:35:00
	Low  segment starts at	  6743 ends at	  6764 length	    22 (octal),    18. (decimal)
	High segment starts at	412442 ends at	415601 length	  3140 (octal),  1632. (decimal)

	P2S2.0	      412442	Global	Relocatable 		P2S2V	   201000062	Global	Absolute    	
	TAKNOT	      412442	Global	Relocatable 		TAKNEG	      412541	Global	Relocatable 	
	SETNEG	      412644	Global	Relocatable 		DNEGCN	      412702	Global	Relocatable 	
	NOTOFN	      412727	Global	Relocatable 		NEGOFN	      413072	Global	Relocatable 	
	BLCMB	      413235	Global	Relocatable 		CNTMPY	      413353	Global	Relocatable 	
	ONECNS	      413377	Global	Relocatable 		MONECN	      413420	Global	Relocatable 	
	INTEGC	      413441	Global	Relocatable 		POWERO	      413511	Global	Relocatable 	
	P2VAL	      413541	Global	Relocatable 		P2PLUS	      413557	Global	Relocatable 	
	P2VL1	      413620	Global	Relocatable 		RETURN	      413642	Global	Relocatable 	
		LINK-10 symbol map of	P2S	version 4(210)		page 8
P2S2..
	ARCMB	      413757	Global	Relocatable 		CMBEQL	      414634	Global	Relocatable 	
	FOLDLI	      415314	Global	Relocatable 		FOLDAI	      415424	Global	Relocatable 	
	P2S2.1	      415502	Global	Relocatable Suppressed	P2S2.P	      415502	Global	Relocatable 	
	P2S2.C	      415513	Global	Relocatable 		P2S2.L	      415520	Global	Relocatable 	
	P2S2.O	        6743	Global	Relocatable 	

		*************

MEMC..	from DSK:MEMCMP.REL[31,1611]	created by BLISS on  6-Oct-84 at 19:23:00
	Low  segment starts at	  6765 ends at	  6776 length	    12 (octal),    10. (decimal)
	High segment starts at	415602 ends at	416456 length	   655 (octal),   429. (decimal)

	MEMC.0	      415602	Global	Relocatable 		MEMCV	   200000036	Global	Absolute    	
	MEMCMC	      415602	Global	Relocatable 		VMEMCM	      415722	Global	Relocatable 	
	ARRMEM	      416153	Global	Relocatable 		SPECTO	      416365	Global	Relocatable 	
	MEMC.1	      416430	Global	Relocatable Suppressed	MEMC.L	      416430	Global	Relocatable 	
	MEMC.O	        6765	Global	Relocatable 	

		*************

CANN..	from DSK:CANNON.REL[31,1611]	created by BLISS on  6-Oct-84 at 19:37:00
	Low  segment starts at	  6777 ends at	  7000 length	     2 (octal),     2. (decimal)
	High segment starts at	416457 ends at	417750 length	  1272 (octal),   698. (decimal)

	CANN.0	      416457	Global	Relocatable 		CANNV	   201000030	Global	Absolute    	
	MOVDOW	      416457	Global	Relocatable 		CANONI	      417373	Global	Relocatable 	
	SWAP2D	      417627	Global	Relocatable 		CANN.1	      417675	Global	Relocatable Suppressed
	CANN.C	      417675	Global	Relocatable 		CANN.L	      417700	Global	Relocatable 	
	CANN.O	        6777	Global	Relocatable 	

		*************

COMS..	from DSK:COMSUB.REL[31,1611]	created by BLISS on  6-Oct-84 at 19:41:00
	Low  segment starts at	  7001 ends at	  7027 length	    27 (octal),    23. (decimal)
	High segment starts at	417751 ends at	425205 length	  5235 (octal),  2717. (decimal)

	COMS.0	      417751	Global	Relocatable 		COMSV	   200000376	Global	Absolute    	
	CMNMAK	      417751	Global	Relocatable 		STPREC	      420164	Global	Relocatable 	
	BOPBOP	      420253	Global	Relocatable 		NARY2	      420313	Global	Relocatable 	
	NEXTUP	      420444	Global	Relocatable 		UNRYMA	      420630	Global	Relocatable 	
	CHK4OP	      421017	Global	Relocatable 		MATCHE	      421041	Global	Relocatable 	
	CMNLNK	      421354	Global	Relocatable 		CHKHAI	      422135	Global	Relocatable 	
	HASHIT	      422334	Global	Relocatable 		XPUNGE	      423071	Global	Relocatable 	
	ELIM	      423246	Global	Relocatable 		LOCELI	      423416	Global	Relocatable 	
	REA	      423446	Global	Relocatable 		REAIO	      424143	Global	Relocatable 	
	LOCELM	      424213	Global	Relocatable 		SLINGH	      424250	Global	Relocatable 	
	TBLSRC	      424266	Global	Relocatable 		MAKETR	      424354	Global	Relocatable 	
	DELETE	      424447	Global	Relocatable 		LOCLMO	      424542	Global	Relocatable 	
	ARGCMN	      424560	Global	Relocatable 		LOK1SU	      424616	Global	Relocatable 	
	LOK2SU	      424653	Global	Relocatable 		DELLNK	      424717	Global	Relocatable 	
	LOCLDE	      424741	Global	Relocatable 		COMS.1	      425072	Global	Relocatable Suppressed
	COMS.C	      425072	Global	Relocatable 		COMS.L	      425074	Global	Relocatable 	
	COMS.O	        7001	Global	Relocatable 	

		LINK-10 symbol map of	P2S	version 4(210)		page 9
COMS..
		*************

DGCMN	from DSK:DGCMN.REL[31,1611]	created on  6-Oct-84 at 19:42:00

	Zero length module

		*************

DPSIM	from DSK:DPSIM.REL[31,1611]	created on  6-Oct-84 at 18:49:00
	High segment starts at	425206 ends at	425601 length	   374 (octal),   252. (decimal)

	DFA0	      425227	Global	Relocatable 		DFA4	      425213	Global	Relocatable 	
	DFAM0	      425226	Global	Relocatable 		DFAM4	      425212	Global	Relocatable 	
	DFD0	      425504	Global	Relocatable 		DFD4	      425506	Global	Relocatable 	
	DFDM0	      425503	Global	Relocatable 		DFDM4	      425505	Global	Relocatable 	
	DFM0	      425416	Global	Relocatable 		DFM4	      425420	Global	Relocatable 	
	DFMM0	      425415	Global	Relocatable 		DFMM4	      425417	Global	Relocatable 	
	DFS0	      425217	Global	Relocatable 		DFS4	      425207	Global	Relocatable 	
	DFSM0	      425216	Global	Relocatable 		DFSM4	      425206	Global	Relocatable 	
	DPSIMV	     2000001	Global	Absolute    	

		*************

GOPT..	from DSK:GOPTIM.REL[31,1611]	created by BLISS on  6-Oct-84 at 19:43:00
	High segment starts at	425602 ends at	426630 length	  1027 (octal),   535. (decimal)

	GOPT.0	      425602	Global	Relocatable 		GOPTV	   200000064	Global	Absolute    	
	LOOKUP	      425602	Global	Relocatable 		CHKUA	      425624	Global	Relocatable 	
	LOKCAL	      425645	Global	Relocatable 		REPLAC	      425754	Global	Relocatable 	
	DOPARM	      426416	Global	Relocatable 		LNKASS	      426445	Global	Relocatable 	
	MAKASS	      426520	Global	Relocatable 		GOPT.1	      426607	Global	Relocatable Suppressed
	GOPT.L	      426607	Global	Relocatable 	

		*************

UTIL..	from DSK:UTIL.REL[31,1611]	created by BLISS on  6-Oct-84 at 19:47:00
	Low  segment starts at	  7030 ends at	  7034 length	     5 (octal),     5. (decimal)
	High segment starts at	426631 ends at	431201 length	  2351 (octal),  1257. (decimal)

	UTIL.0	      426631	Global	Relocatable 		UTILV	   200000124	Global	Absolute    	
	TRANSM	      426631	Global	Relocatable 		PROPNE	      426702	Global	Relocatable 	
	NODERR	      427074	Global	Relocatable 		SETPVA	      427077	Global	Relocatable 	
	SETPIM	      427172	Global	Relocatable 		LOOKAN	      427245	Global	Relocatable 	
	LOKA1	      427271	Global	Relocatable 		LOKA2	      427357	Global	Relocatable 	
	LEAFSU	      427445	Global	Relocatable 		SWAPEM	      427555	Global	Relocatable 	
	MISCIO	      427605	Global	Relocatable 		DOVARS	      427661	Global	Relocatable 	
	IOCS	      430003	Global	Relocatable 		E1ORE2	      430035	Global	Relocatable 	
	IOSUBS	      430133	Global	Relocatable 		CONTVA	      430305	Global	Relocatable 	
	CONTFN	      430662	Global	Relocatable 		UNFLDO	      430772	Global	Relocatable 	
	ARGCON	      431027	Global	Relocatable 		LASTON	      431044	Global	Relocatable 	
	UTIL.1	      431110	Global	Relocatable Suppressed	UTIL.P	      431110	Global	Relocatable 	
	UTIL.L	      431132	Global	Relocatable 		UTIL.O	        7030	Global	Relocatable 	

		*************
		LINK-10 symbol map of	P2S	version 4(210)		page 10
UTIL..

PH2S..	from DSK:PH2S.REL[31,1611]	created by BLISS on  6-Oct-84 at 19:47:00
	High segment starts at	431202 ends at	431246 length	    45 (octal),    37. (decimal)

	PH2S.0	      431202	Global	Relocatable 		PH2SV	   202000036	Global	Absolute    	
	MRP2S	      431202	Global	Relocatable 		PH2S.F	      431242	Global	Relocatable 	
	PH2S.1	      431246	Global	Relocatable Suppressed	PH2S.L	      431246	Global	Relocatable 	

		*************

PSEUDO	from DSK:JOBD.REL[31,1611]	created on  6-Oct-84 at 18:39:00

	Zero length module

		*************


		LINK-10 symbol map of	P2S	version 4(210)		page 11

5 undefined global symbols

.TNEWL	0
.POPJ1	0
.SWDON	0
.TCRLF	0
GUIDT.	0

		*************

	Index to LINK-10 symbol map of	P2S	version 4(210)		page 12

	Name	Page	Name	Page	Name	Page	Name	Page

	CANN..	 8	FTNCMD	 5	P2S2..	 7	.GTPUT	 4
	CNSTCM	 6	GLOB..	 1	PH2S..	10	.SAVE	 5
	COMS..	 8	GOPT..	 9	PSEUDO	10	.SCAN	 4
	DGCMN	 9	INOU..	 5	SERV..	 5	.STOPB	 4
	DOPT	 7	INPT..	 7	SKST..	 6	.TNEWL	 4
	DPSIM	 9	MAIN..	 1	UTIL..	 9	.TOUTS	 4
	ERR3	 6	MEMC..	 8	$SCNDC	 3	.VERBO	 4
	ERRC..	 6	P2S1..	 7	.CNTDT	 4	.WILD	 5

	[End of LINK-10 map of	P2S]
