		LINK-10 symbol map of	BLIS10	version 5(124)		page 1
	Produced by LINK-10 version 2A(244) on 10-Apr-64 at 19:58:48

	Low  segment starts at	     0 ends at	 14321 length	 14322 = 13P
	High segment starts at	400000 ends at	512477 length	112500 = 75P
	513 words free in Low segment, 513 words free in high segment
	851 Global symbols loaded, therefore min. hash size is 946
	Start address is 510105, located in program DRIV..

		*************

JOBDAT-INITIAL-SYMBOLS

	Zero length module

		*************

BLISIO	from DSK:LOIO.REL
	Low  segment starts at	   140 ends at	   407 length	   250 (octal),   168. (decimal)
	High segment starts at	400010 ends at	402016 length	  2007 (octal),  1031. (decimal)

	BIO	         163	Global	Relocatable 		CCLBP	         165	Global	Relocatable 	
	CCLBUF	         166	Global	Relocatable 		CCLCTL	         164	Global	Relocatable 	
	FINIO	      401634	Global	Relocatable 		FORCE	      401611	Global	Relocatable 	
	INITIO	      401624	Global	Relocatable 		LOIOV	          14	Global	Absolute    Suppressed
	MAJVBP	      401776	Global	Relocatable 		MINVBP	      401777	Global	Relocatable 	
	PAGE	      401667	Global	Relocatable 		PAGER	      401662	Global	Relocatable 	
	READTE	      401702	Global	Relocatable 		RPAGE	         407	Global	Relocatable 	
	SOSPGC	         370	Global	Relocatable 		TTYLIS	      401674	Global	Relocatable 	
	$F	           2	Global	Absolute    		$V	           3	Global	Absolute    	

		*************

LOBL..	from DSK:LOBLI.REL
	Low  segment starts at	   410 ends at	   416 length	     7 (octal),     7. (decimal)
	High segment starts at	402017 ends at	414052 length	 12034 (octal),  5148. (decimal)

	LOBL.0	      402017	Global	Relocatable 		BEGIV	          25	Global	Absolute    	
	LOADV	           1	Global	Absolute    		TVMP	      402017	Global	Relocatable 	
	LITV	      402050	Global	Relocatable 		LITA	      402063	Global	Relocatable 	
	RAGLAR	      402102	Global	Relocatable 		RMA	      402126	Global	Relocatable 	
	LEXRA	      402144	Global	Relocatable 		REGAR	      402173	Global	Relocatable 	
	REGAK	      402222	Global	Relocatable 		TVRP	      402246	Global	Relocatable 	
	ITRP	      402277	Global	Relocatable 		DCRP	      402314	Global	Relocatable 	
	REGP	      402341	Global	Relocatable 		SMPOSL	      402355	Global	Relocatable 	
	SMNEGL	      402365	Global	Relocatable 		LODEV	           2	Global	Absolute    	
	CHECKE	      402375	Global	Relocatable 		DECSYN	      402416	Global	Relocatable 	
	DECSYM	      402463	Global	Relocatable 		DECSYQ	      402477	Global	Relocatable 	
	GENFCN	      402515	Global	Relocatable 		LODRV	          14	Global	Absolute    	
	OUTPUT	      402547	Global	Relocatable 		OCHAR	      402566	Global	Relocatable 	
	OUTREL	      402600	Global	Relocatable 		OUTPST	      402612	Global	Relocatable 	
	OUTSTR	      402633	Global	Relocatable 		OUTSTN	      402666	Global	Relocatable 	
	OUTBLA	      402727	Global	Relocatable 		OUTMOC	      402753	Global	Relocatable 	
	OUTCON	      403020	Global	Relocatable 		NEWLIN	      403042	Global	Relocatable 	
	EOCHAR	      403070	Global	Relocatable 		EOUTPS	      403114	Global	Relocatable 	
	EOUTST	      403131	Global	Relocatable 		EOSTN	      403156	Global	Relocatable 	
		LINK-10 symbol map of	BLIS10	version 5(124)		page 2
LOBL..
	OUTNUM	      403272	Global	Relocatable 		ENEWLI	      403351	Global	Relocatable 	
	EMESSA	      403371	Global	Relocatable 		FORCEL	      403405	Global	Relocatable 	
	SAVEMA	      403537	Global	Relocatable 		IDERRO	      403553	Global	Relocatable 	
	ERROUT	      403601	Global	Relocatable 		ERROR	      403656	Global	Relocatable 	
	WARNEM	      403673	Global	Relocatable 		GIVERR	      404020	Global	Relocatable 	
	GIVEDI	      404074	Global	Relocatable 		READAL	      404251	Global	Relocatable 	
	LOGTV	           1	Global	Absolute    		GTHASH	      404342	Global	Relocatable 	
	MAXER	      404346	Global	Relocatable 		GTLEXP	      404354	Global	Relocatable 	
	CLEARR	      404372	Global	Relocatable 		RESTOR	      404404	Global	Relocatable 	
	LEXNPS	      404415	Global	Relocatable 		FULLWO	      404426	Global	Relocatable 	
	LOLEV	           6	Global	Absolute    		LEXERR	      404450	Global	Relocatable 	
	PUNT	      404462	Global	Relocatable 		DOCORE	      404510	Global	Relocatable 	
	CALLEX	      404520	Global	Relocatable 		RELEAS	      404714	Global	Relocatable 	
	GETSPA	      405025	Global	Relocatable 		LTINSE	      405105	Global	Relocatable 	
	GETLIT	      405173	Global	Relocatable 		LITLEX	      405207	Global	Relocatable 	
	HASH	      405237	Global	Relocatable 		STINSE	      405245	Global	Relocatable 	
	GLOBAL	      405310	Global	Relocatable 		GSTINS	      405331	Global	Relocatable 	
	ESCAPE	         410	Global	Relocatable 		SKAN	      405706	Global	Relocatable 	
	IDFIXF	      406545	Global	Relocatable 		IDFIXE	      406723	Global	Relocatable 	
	WRUND2	      407221	Global	Relocatable 		WRUND	      407660	Global	Relocatable 	
	HRUND	      407700	Global	Relocatable 		SRUND	      410057	Global	Relocatable 	
	LOLSV	           2	Global	Absolute    		TEMPLA	      410130	Global	Relocatable 	
	SKELET	      410144	Global	Relocatable 		HEADER	      410176	Global	Relocatable 	
	UNTEMP	      410225	Global	Relocatable 		UNSKEL	      410244	Global	Relocatable 	
	SYPHON	      410265	Global	Relocatable 		LAST	      410361	Global	Relocatable 	
	SWALAB	      410423	Global	Relocatable 		CLASSP	      410534	Global	Relocatable 	
	CLASSL	      410552	Global	Relocatable 		ACPR1	      410557	Global	Relocatable 	
	ACPR2	      410565	Global	Relocatable 		ACPR3	      410574	Global	Relocatable 	
	ACPDT	      410606	Global	Relocatable 		ACPDB	      410614	Global	Relocatable 	
	ADVR1	      410621	Global	Relocatable 		ADVR2	      410631	Global	Relocatable 	
	ADVR3	      410643	Global	Relocatable 		PUSHCO	      410676	Global	Relocatable 	
	PUSHCP	      410702	Global	Relocatable 		FOLLCP	      410716	Global	Relocatable 	
	LOSECO	      410732	Global	Relocatable 		PROMOT	      410741	Global	Relocatable 	
	DROP	      410772	Global	Relocatable 		SCAN	      411015	Global	Relocatable 	
	SCAN0	      411042	Global	Relocatable 		ERASET	      411060	Global	Relocatable 	
	ERASEB	      411067	Global	Relocatable 		NEWBOT	      411076	Global	Relocatable 	
	PUSHTO	      411107	Global	Relocatable 		PUSHBO	      411157	Global	Relocatable 	
	PRECED	      411170	Global	Relocatable 		ALLNOS	      411245	Global	Relocatable 	
	PREVCO	      411264	Global	Relocatable 		PCIVR	      411302	Global	Relocatable 	
	LOCATE	      411334	Global	Relocatable 		SURFAC	      411416	Global	Relocatable 	
	DELCEL	      411430	Global	Relocatable 		DETCEL	      411472	Global	Relocatable 	
	EMPTY	      411505	Global	Relocatable 		EMPTYD	      411515	Global	Relocatable 	
	ERASE	      411541	Global	Relocatable 		ERASED	      411551	Global	Relocatable 	
	FLATTE	      411564	Global	Relocatable 		LNKARN	      411614	Global	Relocatable 	
	TAKE	      411646	Global	Relocatable 		LOMAV	           3	Global	Absolute    	
	MCSAV	      411656	Global	Relocatable 		EXPMCR	      411707	Global	Relocatable 	
	GETACT	      412135	Global	Relocatable 		PUSHEX	      412344	Global	Relocatable 	
	POPEXP	      412442	Global	Relocatable 		PRGSTR	      412563	Global	Relocatable 	
	DUMPMA	      412603	Global	Relocatable 		SCANNE	      412666	Global	Relocatable 	
	LOXRV	           1	Global	Absolute    		XREFIN	      413057	Global	Relocatable 	
	XLINE	      413201	Global	Relocatable 		XEOB	      413350	Global	Relocatable 	
	LOBL.1	      413443	Global	Relocatable Suppressed	LOBL.P	      413443	Global	Relocatable 	
	LOBL.C	      413454	Global	Relocatable 		LOBL.L	      413614	Global	Relocatable 	
	LOBL.G	         410	Global	Relocatable Suppressed	LOBL.O	         411	Global	Relocatable 	
		LINK-10 symbol map of	BLIS10	version 5(124)		page 3
LOBL..

		*************

H1BL..	from DSK:H1BLI.REL
	Low  segment starts at	   417 ends at	   437 length	    21 (octal),    17. (decimal)
	High segment starts at	414053 ends at	441714 length	 25642 (octal), 11170. (decimal)

	H1BL.0	      414053	Global	Relocatable 		H1CNV	          22	Global	Absolute    	
	GCE0	      414053	Global	Relocatable 		GCE1	      414147	Global	Relocatable 	
	GCE2	      414176	Global	Relocatable 		GDWU0	      414413	Global	Relocatable 	
	GDWU1	      414425	Global	Relocatable 		GDWU2	      414453	Global	Relocatable 	
	GWUD0	      414523	Global	Relocatable 		GWUD1	      414535	Global	Relocatable 	
	GWUD2	      414571	Global	Relocatable 		GID0	      414667	Global	Relocatable 	
	GID1	      414705	Global	Relocatable 		GID2	      414745	Global	Relocatable 	
	GID3	      415000	Global	Relocatable 		GID4	      415260	Global	Relocatable 	
	GITE0	      415567	Global	Relocatable 		GITE1	      415632	Global	Relocatable 	
	GITE2	      415702	Global	Relocatable 		GITE3	      415765	Global	Relocatable 	
	GCOST0	      416003	Global	Relocatable 		GCOST1	      416052	Global	Relocatable 	
	GCOST2	      416117	Global	Relocatable 		GCOST3	      416527	Global	Relocatable 	
	GCOST4	      417004	Global	Relocatable 		GSE0	      417047	Global	Relocatable 	
	GSE1	      417160	Global	Relocatable 		GSE2	      417175	Global	Relocatable 	
	GSE3	      417271	Global	Relocatable 		GSE3O	      417470	Global	Relocatable 	
	GSE3A	      417532	Global	Relocatable 		GSE4	      417557	Global	Relocatable 	
	GSE5	      417577	Global	Relocatable 		GFRC1	      417735	Global	Relocatable 	
	GCREA0	      417762	Global	Relocatable 		GCREA1	      420026	Global	Relocatable 	
	GCREA2	      420100	Global	Relocatable 		GCREA3	      420434	Global	Relocatable 	
	GCREA4	      420473	Global	Relocatable 		GCREA5	      420637	Global	Relocatable 	
	GEXCH0	      420661	Global	Relocatable 		GEXCH1	      421021	Global	Relocatable 	
	GSPUNO	      421561	Global	Relocatable 		GSPLF	      421606	Global	Relocatable 	
	GML	      421777	Global	Relocatable 		CONVEY	      422102	Global	Relocatable 	
	GRETUR	      422110	Global	Relocatable 		GLEAVE	      422207	Global	Relocatable 	
	GXBLOC	      423050	Global	Relocatable 		GXLOOP	      423060	Global	Relocatable 	
	GXCOND	      423070	Global	Relocatable 		GXCMPE	      423100	Global	Relocatable 	
	GXSELE	      423110	Global	Relocatable 		GXSET	      423120	Global	Relocatable 	
	GXCASE	      423130	Global	Relocatable 		GEXIT	      423140	Global	Relocatable 	
	TIMEIN	      424070	Global	Relocatable 		TIMEOU	      424075	Global	Relocatable 	
	MPTIMI	      424117	Global	Relocatable 		MPTIMO	      424124	Global	Relocatable 	
	DEBIN	      424131	Global	Relocatable 		DEBOUT	      424147	Global	Relocatable 	
	H1DEV	           7	Global	Absolute    		SROUTI	      424165	Global	Relocatable 	
	SFUNCT	      424210	Global	Relocatable 		SSTRUC	      424306	Global	Relocatable 	
	SUNDEC	      424410	Global	Relocatable 		SFORWA	      424435	Global	Relocatable 	
	SLOCAL	      424535	Global	Relocatable 		SOWN	      424545	Global	Relocatable 	
	SGLOBA	      424555	Global	Relocatable 		PGLO	      424632	Global	Relocatable 	
	SEXTER	      424670	Global	Relocatable 		PEXTER	      424700	Global	Relocatable 	
	SREGIS	      424771	Global	Relocatable 		WHICHB	      425047	Global	Relocatable 	
	MKDUMI	      425113	Global	Relocatable 		SBIND	      425314	Global	Relocatable 	
	SDECLA	      425326	Global	Relocatable 		SMAP	      425336	Global	Relocatable 	
	UNMAP	      425412	Global	Relocatable 		CHKULA	      426227	Global	Relocatable 	
	STRSCO	      426256	Global	Relocatable 		STRECO	      426321	Global	Relocatable 	
	RELSTR	      426333	Global	Relocatable 		GSSA	      426347	Global	Relocatable 	
	SWITCH	      426502	Global	Relocatable 		SSWITC	      426752	Global	Relocatable 	
	SMODHE	      427002	Global	Relocatable 		H1RFS	      427013	Global	Relocatable 	
	H1GTV	           2	Global	Absolute    		FIXOCC	      427101	Global	Relocatable 	
	MAKGT	      427213	Global	Relocatable 		GENGRA	      427547	Global	Relocatable 	
		LINK-10 symbol map of	BLIS10	version 5(124)		page 4
H1BL..
	GTPURG	      430000	Global	Relocatable 		GTINCR	      430231	Global	Relocatable 	
	GTDECR	      430235	Global	Relocatable 		FIXSID	      430241	Global	Relocatable 	
	GENCOD	      430267	Global	Relocatable 		FOCGPH	      430340	Global	Relocatable 	
	H1LEV	           1	Global	Absolute    		BLOCKP	      430414	Global	Relocatable 	
	H1MAV	           2	Global	Absolute    		SMACRO	      430634	Global	Relocatable 	
	H1REV	           5	Global	Absolute    		REQDAT	         417	Global	Relocatable 	
	REQCHN	         437	Global	Relocatable 		REQREL	      431221	Global	Relocatable 	
	SREQUI	      431352	Global	Relocatable 		H1SYV	           4	Global	Absolute    	
	INITSY	      431626	Global	Relocatable 		RECOVE	      432015	Global	Relocatable 	
	IDCHEC	      432122	Global	Relocatable 		SLABEL	      432161	Global	Relocatable 	
	EXPRES	      432242	Global	Relocatable 		SCOMPO	      432310	Global	Relocatable 	
	SSET	      432701	Global	Relocatable 		SCREAT	      433655	Global	Relocatable 	
	SEXCHJ	      434010	Global	Relocatable 		SSQOPE	      434144	Global	Relocatable 	
	SPTR	      434515	Global	Relocatable 		SCASE	      435123	Global	Relocatable 	
	SREP	      435376	Global	Relocatable 		SLEAVE	      435665	Global	Relocatable 	
	SESCAP	      435754	Global	Relocatable 		SSPUNO	      436216	Global	Relocatable 	
	SSELEC	      436414	Global	Relocatable 		SIF	      437205	Global	Relocatable 	
	SDO	      437433	Global	Relocatable 		SWU	      437565	Global	Relocatable 	
	SPAROP	      437724	Global	Relocatable 		DECLTE	      440107	Global	Relocatable 	
	SPLIT	      440203	Global	Relocatable 		H1BL.1	      441017	Global	Relocatable Suppressed
	H1BL.P	      441017	Global	Relocatable 		H1BL.C	      441073	Global	Relocatable 	
	H1BL.L	      441333	Global	Relocatable 		H1BL.G	         417	Global	Relocatable Suppressed

		*************

H2BL..	from DSK:H2BLI.REL
	High segment starts at	441715 ends at	464724 length	 23010 (octal),  9736. (decimal)

	H2BL.0	      441715	Global	Relocatable 		H2ADV	           1	Global	Absolute    	
	GPA	      441715	Global	Relocatable 		GMA	      442017	Global	Relocatable 	
	FSA	      442600	Global	Relocatable 		COPTR	      442653	Global	Relocatable 	
	READY	      442775	Global	Relocatable 		GLTM	      443021	Global	Relocatable 	
	MADRIR	      443047	Global	Relocatable 		MEMORY	      443062	Global	Relocatable 	
	USABLE	      443102	Global	Relocatable 		VALPTR	      443123	Global	Relocatable 	
	PTRTYP	      443140	Global	Relocatable 		MPTRTY	      443152	Global	Relocatable 	
	MADDRF	      443235	Global	Relocatable 		MCOPTR	      443253	Global	Relocatable 	
	MLEXFR	      443271	Global	Relocatable 		H2ARV	           5	Global	Absolute    	
	GPTR	      443323	Global	Relocatable 		GDOT	      443747	Global	Relocatable 	
	GAT	      444263	Global	Relocatable 		GSLSH	      444370	Global	Relocatable 	
	GSTO	      444621	Global	Relocatable 		CODEDP	      446117	Global	Relocatable 	
	GLSH	      446137	Global	Relocatable 		GMUL	      446351	Global	Relocatable 	
	LOG2	      447002	Global	Relocatable 		GDIV	      447423	Global	Relocatable 	
	GMOD	      447432	Global	Relocatable 		GADD	      447441	Global	Relocatable 	
	GSUB	      447450	Global	Relocatable 		GNEG	      447457	Global	Relocatable 	
	FALR	      450630	Global	Relocatable 		GLSS	      452030	Global	Relocatable 	
	GEQL	      452037	Global	Relocatable 		GLEQ	      452046	Global	Relocatable 	
	GGEQ	      452055	Global	Relocatable 		GNEQ	      452064	Global	Relocatable 	
	GGTR	      452073	Global	Relocatable 		GAND	      452102	Global	Relocatable 	
	GOR	      452111	Global	Relocatable 		GXOR	      452120	Global	Relocatable 	
	GEQV	      452127	Global	Relocatable 		GNOT	      452136	Global	Relocatable 	
	GFADR	      453352	Global	Relocatable 		GFMLR	      453361	Global	Relocatable 	
	GFSBR	      453566	Global	Relocatable 		GFDVR	      453575	Global	Relocatable 	
	GFNEG	      453637	Global	Relocatable 		GFIX	      453645	Global	Relocatable 	
	GFLOAT	      453764	Global	Relocatable 		FLOATB	      454065	Global	Relocatable 	
		LINK-10 symbol map of	BLIS10	version 5(124)		page 5
H2BL..
	GOTM	      454432	Global	Relocatable 		H2CNV	           1	Global	Absolute    	
	GPROLO	      455550	Global	Relocatable 		GEPILO	      456120	Global	Relocatable 	
	GFRC2	      456334	Global	Relocatable 		H2GTV	           2	Global	Absolute    	
	GTORES	      456437	Global	Relocatable 		GENERA	      456741	Global	Relocatable 	
	SETFUN	      457213	Global	Relocatable 		MARKFU	      457251	Global	Relocatable 	
	LOREV	           2	Global	Absolute    		GLR	      457301	Global	Relocatable 	
	GLTR	      460161	Global	Relocatable 		GOLTR	      460170	Global	Relocatable 	
	GLTR2	      460177	Global	Relocatable 		GLPR	      460206	Global	Relocatable 	
	GLAR	      460215	Global	Relocatable 		RELOAD	      460257	Global	Relocatable 	
	ACQUIR	      460366	Global	Relocatable 		RMFRLS	      460557	Global	Relocatable 	
	ENTFRL	      460612	Global	Relocatable 		TRYVRE	      460655	Global	Relocatable 	
	GETAR	      460707	Global	Relocatable 		GETRN	      461074	Global	Relocatable 	
	UNUSEO	      461310	Global	Relocatable 		SWAP	      461330	Global	Relocatable 	
	MOVERE	      461361	Global	Relocatable 		OPENSP	      461437	Global	Relocatable 	
	DUMPRE	      461532	Global	Relocatable 		GENLOC	      461565	Global	Relocatable 	
	GETMIN	      461620	Global	Relocatable 		REACQU	      461742	Global	Relocatable 	
	MATCH	      461755	Global	Relocatable 		TRCTSE	      462051	Global	Relocatable 	
	REGSEA	      462101	Global	Relocatable 		SAVEWO	      462151	Global	Relocatable 	
	GTUPDA	      462161	Global	Relocatable 		CODEN	      462211	Global	Relocatable 	
	CODE	      462463	Global	Relocatable 		ENTER	      462524	Global	Relocatable 	
	RMREFR	      462553	Global	Relocatable 		RMALL	      462611	Global	Relocatable 	
	CLEARO	      462652	Global	Relocatable 		CLEARS	      462700	Global	Relocatable 	
	CLEART	      462720	Global	Relocatable 		FREERN	      462743	Global	Relocatable 	
	DUA	      463001	Global	Relocatable 		DUN	      463011	Global	Relocatable 	
	DUAN	      463021	Global	Relocatable 		DUM	      463061	Global	Relocatable 	
	INCRUS	      463077	Global	Relocatable 		DULEX	      463136	Global	Relocatable 	
	RELREG	      463161	Global	Relocatable 		REGINI	      463254	Global	Relocatable 	
	SAVREG	      463356	Global	Relocatable 		LIVR	      463421	Global	Relocatable 	
	CTRCTH	      463434	Global	Relocatable 		COPYTR	      463446	Global	Relocatable 	
	SAVRT	      463574	Global	Relocatable 		RESRT	      463677	Global	Relocatable 	
	FREEVR	      464053	Global	Relocatable 		GETVRE	      464076	Global	Relocatable 	
	H2BL.1	      464123	Global	Relocatable Suppressed	H2BL.P	      464123	Global	Relocatable 	
	H2BL.C	      464137	Global	Relocatable 		H2BL.L	      464362	Global	Relocatable 	

		*************

BLSE..	from DSK:BLSERR.REL
	High segment starts at	464725 ends at	465730 length	  1004 (octal),   516. (decimal)

	BLSE.0	      464725	Global	Relocatable 		ERRTAB	      464730	Global	Relocatable 	
	BLSE.1	      464727	Global	Relocatable Suppressed	BLSE.P	      464727	Global	Relocatable 	

		*************

DRIV..	from DSK:H3BLI.REL
	Low  segment starts at	   440 ends at	   470 length	    31 (octal),    25. (decimal)
	High segment starts at	465731 ends at	511414 length	 23464 (octal), 10036. (decimal)

	DRIV.0	      465731	Global	Relocatable 		.ENT.0	      465731	Global	Relocatable 	
	.ENT.1	      465734	Global	Relocatable 		.ENT.2	      465740	Global	Relocatable 	
	.ENT.3	      465745	Global	Relocatable 		.ENT.4	      465753	Global	Relocatable 	
	.ENT.5	      465762	Global	Relocatable 		.EXT.5	      465772	Global	Relocatable 	
	.EXT.4	      465773	Global	Relocatable 		.EXT.3	      465774	Global	Relocatable 	
	.EXT.2	      465775	Global	Relocatable 		.EXT.1	      465776	Global	Relocatable 	
		LINK-10 symbol map of	BLIS10	version 5(124)		page 6
DRIV..
	.EXT.0	      465777	Global	Relocatable 		H3PEEV	          17	Global	Absolute    	
	PX	         440	Global	Relocatable 		PEEPHD	         441	Global	Relocatable 	
	LNKUP	         442	Global	Relocatable 		LNKUP2	         443	Global	Relocatable 	
	LNKDN	         444	Global	Relocatable 		LNKDN2	         445	Global	Relocatable 	
	PSTACK	         446	Global	Relocatable 		PSTKPT	         460	Global	Relocatable 	
	PEEPOK	         461	Global	Relocatable 		PSTOP	         462	Global	Relocatable 	
	PEEPER	      466071	Global	Relocatable 		PEEP00	      466247	Global	Relocatable 	
	PEEP01	      466515	Global	Relocatable 		PEEP02	      466714	Global	Relocatable 	
	PEEP03	      467073	Global	Relocatable 		PEEP04	      467152	Global	Relocatable 	
	PEEP07	      467251	Global	Relocatable 		PEEP10	      467303	Global	Relocatable 	
	PEEP11	      467354	Global	Relocatable 		PEEP12	      467410	Global	Relocatable 	
	PEEP23	      467416	Global	Relocatable 		PEEP14	      467444	Global	Relocatable 	
	PEEP05	      470026	Global	Relocatable 		PEEP20	      470053	Global	Relocatable 	
	PEEP21	      470170	Global	Relocatable 		PEEP30	      470215	Global	Relocatable 	
	PEEP36	      470252	Global	Relocatable 		PEEPA0	      470322	Global	Relocatable 	
	POPT01	      470405	Global	Relocatable 		POPT02	      470422	Global	Relocatable 	
	POPT03	      470521	Global	Relocatable 		POPT04	      470551	Global	Relocatable 	
	POPT06	      470601	Global	Relocatable 		POPT07	      470634	Global	Relocatable 	
	POPT09	      470667	Global	Relocatable 		POPT10	      470715	Global	Relocatable 	
	POPT11	      470743	Global	Relocatable 		POPT14	      470777	Global	Relocatable 	
	POPT15	      471040	Global	Relocatable 		POPT16	      471077	Global	Relocatable 	
	POPT17	      471125	Global	Relocatable 		POPT18	      471150	Global	Relocatable 	
	POPT19	      471173	Global	Relocatable 		POPT21	      471227	Global	Relocatable 	
	POPT22	      471253	Global	Relocatable 		POPT23	      471305	Global	Relocatable 	
	POPT24	      471331	Global	Relocatable 		POPT27	      471373	Global	Relocatable 	
	POPT29	      471421	Global	Relocatable 		POPT30	      471451	Global	Relocatable 	
	POPT70	      471506	Global	Relocatable 		POPT71	      471565	Global	Relocatable 	
	POPT72	      471622	Global	Relocatable 		POPT73	      471655	Global	Relocatable 	
	POPT74	      471717	Global	Relocatable 		POPT75	      472025	Global	Relocatable 	
	NONSKI	      472051	Global	Relocatable 		OPTOME	      472101	Global	Relocatable 	
	AROPTO	      472145	Global	Relocatable 		DELCOD	      472213	Global	Relocatable 	
	H3ASV	          14	Global	Absolute    		MACOUT	      472241	Global	Relocatable 	
	MBLKOU	      472306	Global	Relocatable 		MCODEO	      472331	Global	Relocatable 	
	MCPOUT	      472372	Global	Relocatable 		MDCLOU	      472437	Global	Relocatable 	
	MENDOU	      472504	Global	Relocatable 		MEXTOU	      472615	Global	Relocatable 	
	MLITOU	      472711	Global	Relocatable 		MMHDOU	      472762	Global	Relocatable 	
	MPLITO	      473014	Global	Relocatable 		MREGSO	      473112	Global	Relocatable 	
	R50TOA	      473307	Global	Relocatable 		H3CCV	           1	Global	Absolute    	
	CCLINI	      473416	Global	Relocatable 		H3CNV	           6	Global	Absolute    	
	PSWSTK	      473615	Global	Relocatable 		PSWTIM	      473641	Global	Relocatable 	
	PSWSTT	      473673	Global	Relocatable 		CNINIT	      474131	Global	Relocatable 	
	PSWVER	      474422	Global	Relocatable 		H3DEV	           1	Global	Absolute    	
	RFS	      474570	Global	Relocatable 		SALLMA	      475445	Global	Relocatable 	
	SMACHO	      475466	Global	Relocatable 		INSTVE	      475536	Global	Relocatable 	
	H3LDV	          14	Global	Absolute    		WRITE9	      476133	Global	Relocatable 	
	WRIT10	      476151	Global	Relocatable 		DEFLOW	      476171	Global	Relocatable 	
	DEFGLL	      476275	Global	Relocatable 		DEFGB	      476345	Global	Relocatable 	
	GETNAM	      476375	Global	Relocatable 		OFFST	      476444	Global	Relocatable 	
	RPTTRA	      476511	Global	Relocatable 		RLTTRA	      476520	Global	Relocatable 	
	LIINIT	      477232	Global	Relocatable 		LDINT	      500063	Global	Relocatable 	
	H3LEV	           2	Global	Absolute    		PURGEN	      500642	Global	Relocatable 	
	H3LSV	           3	Global	Absolute    		ERASEC	      501033	Global	Relocatable 	
	FLATFU	      501152	Global	Relocatable 		H3REV	           4	Global	Absolute    	
	PSWRES	      503606	Global	Relocatable 		PSWSAV	      503711	Global	Relocatable 	
		LINK-10 symbol map of	BLIS10	version 5(124)		page 7
DRIV..
	PSWSPC	      503767	Global	Relocatable 		RGINIT	      504114	Global	Relocatable 	
	H3XRV	           2	Global	Absolute    		XREFWR	      505065	Global	Relocatable 	
	H3DRV	          22	Global	Absolute    		MACHIN	      505112	Global	Relocatable 	
	OUTOFF	      505370	Global	Relocatable 		OUTCTR	      506043	Global	Relocatable 	
	WRITEC	      506100	Global	Relocatable 		PSWENT	      507572	Global	Relocatable 	
	DRIVER	      507725	Global	Relocatable 		DRIV.F	      510105	Global	Relocatable 	
	DRIV.1	      510117	Global	Relocatable Suppressed	DRIV.P	      510117	Global	Relocatable 	
	DRIV.C	      510527	Global	Relocatable 		DRIV.L	      511075	Global	Relocatable 	
	DRIV.G	         440	Global	Relocatable Suppressed	DRIV.O	         463	Global	Relocatable 	
	.BREG	         470	Global	Relocatable 	

		*************

LOONCE	from DSK:LOONCE.REL
	Low  segment starts at	   471 ends at	 14321 length	 13631 (octal),  6041. (decimal)
	High segment starts at	511415 ends at	512477 length	  1063 (octal),   563. (decimal)

	ACCUM	        2026	Global	Relocatable 		ACCUML	        1557	Global	Relocatable 	
	AMNTFR	        1522	Global	Relocatable 		ART	        5717	Global	Relocatable 	
	AVL	         471	Global	Relocatable 		BLOCKL	        1550	Global	Relocatable 	
	BODYMC	        1501	Global	Relocatable 		BREG	        1530	Global	Relocatable 	
	BUF1	        1754	Global	Relocatable 		BUF2	        2000	Global	Relocatable 	
	BUFF	        2075	Global	Relocatable 		BUFPT1	        1601	Global	Relocatable 	
	BUFPT2	        1602	Global	Relocatable 		BXA	        1730	Global	Relocatable 	
	CHANGE	        1636	Global	Relocatable 		CHAR	        1555	Global	Relocatable 	
	CNAME	       12175	Global	Relocatable 		CODEPR	        1605	Global	Relocatable 	
	CODEPT	        1604	Global	Relocatable 		CODETO	        1514	Global	Relocatable 	
	CONVT	      511415	Entry	Relocatable 		COREGO	       12257	Global	Relocatable 	
	CSTI	        1720	Global	Relocatable 		CSTIL	        1721	Global	Relocatable 	
	CT	       12261	Global	Relocatable 		CURST	        1665	Global	Relocatable 	
	CURSTA	        1700	Global	Relocatable 		CURSTE	        1677	Global	Relocatable 	
	CURSTI	        1666	Global	Relocatable 		CURSTN	        1701	Global	Relocatable 	
	DEBFLG	        1750	Global	Relocatable 		DEL	        1565	Global	Relocatable 	
	DEPTH	        2000	Global	Absolute    Suppressed	DEVBPT	        1520	Global	Relocatable 	
	DT	        2616	Global	Relocatable 		EDNUM	         124	Global	Absolute    Suppressed
	ENDLK	       12264	Global	Relocatable 		ENDOFS	       12263	Global	Relocatable 	
	ENLEX	        1574	Global	Relocatable 		ENTHED	        1707	Global	Relocatable 	
	ERRDAT	       12245	Global	Relocatable 		ERRDEV	       12247	Global	Relocatable 	
	ERRFIL	       12251	Global	Relocatable 		ERRLEV	        1512	Global	Relocatable 	
	ERROPE	       12246	Global	Relocatable 		ERRORF	        1510	Global	Relocatable 	
	ERRPPN	       12250	Global	Relocatable 		ETL	        1621	Global	Relocatable 	
	ETP	        1620	Global	Relocatable 		EXPHT	        2362	Global	Relocatable 	
	EXTCOU	       12164	Global	Relocatable 		FBLKMC	        1500	Global	Relocatable 	
	FCNLIS	        1612	Global	Relocatable 		FCNSTA	        1551	Global	Relocatable 	
	FLAGS	        1742	Global	Relocatable 		FNAME	       12173	Global	Relocatable 	
	FNSTAT	        1724	Global	Relocatable 		FORGET	        1504	Global	Relocatable 	
	FREEHE	       12262	Global	Relocatable 		FREEVH	        1517	Global	Relocatable 	
	FREG	        1531	Global	Relocatable 		FSTRHE	        1571	Global	Relocatable 	
	FUNCTI	        1547	Global	Relocatable 		FUTDEL	        1567	Global	Relocatable 	
	FUTSYM	        1566	Global	Relocatable 		GENSYM	        1610	Global	Relocatable 	
	GLLIST	        1476	Global	Relocatable 		GNAME	       12171	Global	Relocatable 	
	GNAMES	        2062	Global	Relocatable 		GRAPHH	        6003	Global	Relocatable 	
	GTL	        1613	Global	Relocatable 		GTP	        1615	Global	Relocatable 	
	HIORG	        1717	Global	Relocatable 		HITREG	        1535	Global	Relocatable 	
		LINK-10 symbol map of	BLIS10	version 5(124)		page 8
LOONCE
	HOLD	        1506	Global	Relocatable 		HT	        2421	Global	Relocatable 	
	INCA	        1641	Global	Relocatable 		INCASI	        1643	Global	Relocatable 	
	INDECS	        1703	Global	Relocatable 		IOBUFF	       10043	Global	Relocatable 	
	JMPING	        1637	Global	Relocatable 		JSPREG	        1541	Global	Relocatable 	
	LABIND	        1475	Global	Relocatable 		LAHTR	        1536	Global	Relocatable 	
	LASTED	           0	Global	Absolute    Suppressed	LINCNT	        1623	Global	Relocatable 	
	LNAME	       12177	Global	Relocatable 		LOADEC	        1537	Global	Relocatable 	
	LOC2	        1616	Global	Relocatable 		LOCC	        1617	Global	Relocatable 	
	LOONV	          16	Global	Absolute    		LSTART	        1711	Global	Relocatable 	
	LT	        2716	Global	Relocatable 		LTBASE	       12143	Global	Relocatable 	
	LTTBAS	       12153	Global	Relocatable 		LXCLOA	        1674	Global	Relocatable 	
	LXCLOP	        1671	Global	Relocatable 		LXCOMM	        1673	Global	Relocatable 	
	LXOPEA	        1672	Global	Relocatable 		LXOPEP	        1667	Global	Relocatable 	
	LXPLUS	        1670	Global	Relocatable 		MACROD	        1560	Global	Relocatable 	
	MAJVER	           5	Global	Absolute    Suppressed	MAPTB	        1706	Global	Relocatable 	
	MAXLOC	        1576	Global	Relocatable 		MCBUFF	        1472	Global	Relocatable 	
	MHTIME	        1515	Global	Relocatable 		MINVER	           0	Global	Absolute    Suppressed
	MMC	        1751	Global	Relocatable 		MNAM	        2073	Global	Relocatable 	
	MNAME	        1622	Global	Relocatable 		MODLEN	        1525	Global	Relocatable 	
	MODREG	        1533	Global	Relocatable 		MPOCDV	      511473	Global	Relocatable 	
	MUSTDU	        1702	Global	Relocatable 		NCBUFF	        1572	Global	Relocatable 	
	NDEL	        1633	Global	Relocatable 		NEEDDI	        1715	Global	Relocatable 	
	NEXTGL	        1577	Global	Relocatable 		NEXTLA	       12166	Global	Relocatable 	
	NEXTLO	        1575	Global	Relocatable 		NEXTOW	        1600	Global	Relocatable 	
	NFUTDE	        1635	Global	Relocatable 		NFUTSY	        1634	Global	Relocatable 	
	NLINES	        1554	Global	Relocatable 		NOCSAV	        1545	Global	Relocatable 	
	NODISC	        1526	Global	Relocatable 		NOENGL	       12256	Global	Relocatable 	
	NOGBGC	        1523	Global	Relocatable 		NOPSAV	        1546	Global	Relocatable 	
	NORECV	        1524	Global	Relocatable 		NOSAVR	        1553	Global	Relocatable 	
	NOSVR	        1543	Global	Relocatable 		NREG	        1626	Global	Relocatable 	
	NSYM	        1632	Global	Relocatable 		NUMENT	        1710	Global	Relocatable 	
	NUMPAR	        1642	Global	Relocatable 		OASS	        1656	Global	Relocatable 	
	OCE	      511622	Global	Relocatable 		OEQL	        1655	Global	Relocatable 	
	OFLAGS	        1651	Global	Relocatable 		OFUN	        1654	Global	Relocatable 	
	ONAME	       12167	Global	Relocatable 		ONCEON	       12265	Entry	Relocatable 	
	OPAR	        1653	Global	Relocatable 		OPTTOR	        1540	Global	Relocatable 	
	ORG2	        1716	Global	Relocatable 		OTL	        1614	Global	Relocatable 	
	OTYPE	        1652	Global	Relocatable 		PACCUM	        1561	Global	Relocatable 	
	PBUFF	        1562	Global	Relocatable 		PGM	        1607	Global	Relocatable 	
	PGSL	        1513	Global	Relocatable 		PLBOOL	        1714	Global	Relocatable 	
	PLHEAD	        1712	Global	Relocatable 		PLNEXT	        1713	Global	Relocatable 	
	PNAME	       12203	Global	Relocatable 		POC	      511502	Global	Relocatable 	
	POSIT	        1502	Global	Relocatable 		POSITC	        1503	Global	Relocatable 	
	PROGRA	        1606	Global	Relocatable 		PSTRIN	        1563	Global	Relocatable 	
	PT	        3717	Global	Relocatable 		PTLNK	        1603	Global	Relocatable 	
	PTOVEC	        1663	Global	Relocatable 		PTREFN	       12205	Global	Relocatable 	
	PTTRAN	       11143	Global	Relocatable 		QUOTET	        1625	Global	Relocatable 	
	RBREG	       12206	Global	Relocatable 		REALFS	        1704	Global	Relocatable 	
	REALS	        1705	Global	Relocatable 		REGUSE	        1552	Global	Relocatable 	
	RENTLE	       12207	Global	Relocatable 		RESREG	        1544	Global	Relocatable 	
	RETOT	        1631	Global	Relocatable 		RT	        5743	Global	Relocatable 	
	RXITLE	       12226	Global	Relocatable 		SACCUM	        2024	Global	Relocatable 	
	SAVJBR	        1505	Global	Relocatable 		SERRPO	        1657	Global	Relocatable 	
	SERRST	        1660	Global	Relocatable 		SESTOG	        1516	Global	Relocatable 	
		LINK-10 symbol map of	BLIS10	version 5(124)		page 9
LOONCE
	SFDB	        1471	Global	Relocatable 		SFORLA	        1611	Global	Relocatable 	
	SIZE	        1645	Global	Relocatable 		SREG	        1527	Global	Relocatable 	
	SSTREX	        1675	Global	Relocatable 		STACK	        6043	Global	Relocatable 	
	STARTB	       12255	Global	Relocatable 		STE	        1644	Global	Relocatable 	
	STELAS	        1647	Global	Relocatable 		STELIS	        1646	Global	Relocatable 	
	STEMC	        1477	Global	Relocatable 		STKSTA	        1722	Global	Relocatable 	
	STRDEF	        1664	Global	Relocatable 		STREXP	        1676	Global	Relocatable 	
	STRHED	        1570	Global	Relocatable 		STRINF	        1507	Global	Relocatable 	
	STRING	        2131	Global	Relocatable 		STRLXS	        1650	Global	Relocatable 	
	STRSTE	        1640	Global	Relocatable 		SVREGM	        1534	Global	Relocatable 	
	SYM	        1564	Global	Relocatable 		TABLE	       12261	Global	Relocatable 	
	TEXTHD	       12163	Global	Relocatable 		TGRBLE	        1662	Global	Relocatable 	
	TIMSTA	        1723	Global	Relocatable 		TNAME	       12201	Global	Relocatable 	
	TOPOFT	       12261	Global	Relocatable 		TRBLEV	        1661	Global	Relocatable 	
	TSTACK	         471	Global	Relocatable 		TYPE	        1624	Global	Relocatable 	
	TYPEDO	      511443	Global	Relocatable 		UNDECL	        1573	Global	Relocatable 	
	VAL	        1556	Global	Relocatable 		VALIDB	        1521	Global	Relocatable 	
	VREG	        1532	Global	Relocatable 		VTARGE	        1542	Global	Relocatable 	
	WARNIN	        1511	Global	Relocatable 		WDVECT	        1726	Global	Relocatable 	
	XHED	        1630	Global	Relocatable 		XHT	        2165	Global	Relocatable 	
	XNCBUF	        1627	Global	Relocatable 		XWDOFF	       12165	Global	Relocatable 	

		*************


	Index to LINK-10 symbol map of	BLIS10	version 5(124)		page 10

	Name	Page	Name	Page	Name	Page	Name	Page

	BLISIO	 1	DRIV..	 5	H2BL..	 4	LOONCE	 7
	BLSE..	 5	H1BL..	 3	LOBL..	 1

	[End of LINK-10 map of	BLIS10]
