		LINK-10 symbol map of	P2	version 4(210)		page 1
	Produced by LINK-10 version 2A(241) on  8-Oct-84 at 16:59:58

	Low  segment starts at	     0 ends at	  7174 length	  7175 = 4K
	High segment starts at	400000 ends at	463302 length	 63303 = 26K
	387 words free in Low segment, 317 words free in high segment
	729 Global symbols loaded, therefore min. hash size is 811
	Start address is 463256, located in program PHA2..

		*************

JOBDAT-INITIAL-SYMBOLS

	Zero length module

		*************

MAIN..	from DSK:MAIN.REL[31,1611]	created by BLISS on  6-Oct-84 at 18:37:00
	Low  segment starts at	   140 ends at	  3667 length	  3530 (octal),  1880. (decimal)

	MAIN.0	         140	Global	Relocatable 		MAINV	     2000033	Global	Absolute    	
	FT1SEG	           0	Global	Absolute    		IOFLV	   200000007	Global	Absolute    	
	PHAZCO	         140	Global	Relocatable 		SIXBOU	         264	Global	Relocatable 	
	GETSG	         302	Global	Relocatable 		NXFJ&F	         356	Global	Relocatable 	
	CTCSTA	         370	Global	Relocatable 		MAIN.1	         376	Global	Relocatable Suppressed
	MAIN.P	         376	Global	Relocatable 		MAIN.C	         460	Global	Relocatable 	
	MAIN.L	         462	Global	Relocatable 		MAIN.O	         467	Global	Relocatable 	

		*************

GLOB..	from DSK:GLOBAL.REL[31,1611]
	Low  segment starts at	   471 ends at	  5015 length	  4325 (octal),  2261. (decimal)
	High segment starts at	400010 ends at	400576 length	   567 (octal),   375. (decimal)

	GLOB.0	      400010	Global	Relocatable 		.ENT.0	      400010	Global	Relocatable 	
	.ENT.1	      400013	Global	Relocatable 		.ENT.2	      400017	Global	Relocatable 	
	.ENT.3	      400024	Global	Relocatable 		.ENT.4	      400032	Global	Relocatable 	
	.EXT.4	      400041	Global	Relocatable 		.EXT.3	      400042	Global	Relocatable 	
	.EXT.2	      400043	Global	Relocatable 		.EXT.1	      400044	Global	Relocatable 	
	.EXT.0	      400045	Global	Relocatable 		STACK	         471	Global	Relocatable 	
	GLOBV	   200000111	Global	Absolute    		FIRSV	   200000176	Global	Absolute    	
	TABLV	   200000230	Global	Absolute    		POOL	        1455	Global	Relocatable 	
	STK	        2605	Global	Relocatable 		CHNLTB	        3177	Global	Relocatable 	
	IBLOCK	        3247	Global	Relocatable 		TBLOCK	        3252	Global	Relocatable 	
	LBLOCK	        3262	Global	Relocatable 		GETSBL	        3266	Global	Relocatable 	
	FLGWRD	        3274	Global	Relocatable 		ISPEC	        3275	Global	Relocatable 	
	FSPEC	        3276	Global	Relocatable 		CCLSW	        3277	Global	Relocatable 	
	INDEX	        3300	Global	Relocatable 		PAGE	        3301	Global	Relocatable 	
	JOBFFS	        3302	Global	Relocatable 		SYMTBL	        3303	Global	Relocatable 	
	CONTBL	        3422	Global	Relocatable 		EXPTBL	        3467	Global	Relocatable 	
	LABTBL	        3606	Global	Relocatable 		LITTBL	        3653	Global	Relocatable 	
	NAMTBL	        3654	Global	Relocatable 		SRCTBL	        3675	Global	Relocatable 	
	DIMTBL	        3676	Global	Relocatable 		DATTBL	        3677	Global	Relocatable 	
	BASEPT	        3700	Global	Relocatable 		COMBLK	        3701	Global	Relocatable 	
	LITPOI	        7101	Global	Relocatable 		SYMQ.Q	        3703	Global	Relocatable 	
	SORCPT	        3704	Global	Relocatable 		LASTEX	        3705	Global	Relocatable 	
		LINK-10 symbol map of	P2	version 4(210)		page 2
GLOB..
	LASTDI	        3706	Global	Relocatable 		CONSPT	        3707	Global	Relocatable 	
	LABLPT	        3710	Global	Relocatable 		EQVPTR	        3711	Global	Relocatable 	
	FORMPT	        3712	Global	Relocatable 		NAMLPT	        3713	Global	Relocatable 	
	ASIPTR	        3714	Global	Relocatable 		TTOTAL	        3715	Global	Relocatable 	
	FREELI	        3716	Global	Relocatable 		SPACEF	        3730	Global	Relocatable 	
	SRCHON	        3731	Global	Relocatable 		ISN	        3732	Global	Relocatable 	
	IDOFST	        3733	Global	Relocatable 		LABLOF	        3734	Global	Relocatable 	
	DLOOPT	        3735	Global	Relocatable 		DONEST	        3736	Global	Relocatable 	
	CURDOI	        3737	Global	Relocatable 		LASDOL	        3740	Global	Relocatable 	
	LASLVL	        3741	Global	Relocatable 		DELETP	        3742	Global	Relocatable 	
	SYMTYP	        3743	Global	Relocatable 		NAME	        3744	Global	Relocatable 	
	TYPE	        3745	Global	Relocatable 		INCREM	        3746	Global	Relocatable 	
	DECEXP	        3747	Global	Relocatable 		ENTRY	        3750	Global	Relocatable 	
	REGSAV	        3755	Global	Relocatable 		SEGINC	        3775	Global	Relocatable 	
	LOWLOC	        3776	Global	Relocatable 		HILOC	        3777	Global	Relocatable 	
	RELOCW	        4000	Global	Relocatable 		MAINRL	        4001	Global	Relocatable 	
	LOCRLB	        4025	Global	Relocatable 		SYMRLB	        4051	Global	Relocatable 	
	RDATWD	        4075	Global	Relocatable 		BLANKC	        4076	Global	Relocatable 	
	ENDSCA	        4077	Global	Relocatable 		MULENT	        4100	Global	Relocatable 	
	FORMAR	        4101	Global	Relocatable 		COMSIZ	        4102	Global	Relocatable 	
	ONEPLI	        4103	Global	Relocatable 		SP	        4104	Global	Relocatable 	
	LEXL	        4105	Global	Relocatable 		LSAVE	        4106	Global	Relocatable 	
	FARRY	        4107	Global	Relocatable 		CODELI	        4110	Global	Relocatable 	
	STALAB	        4111	Global	Relocatable 		PROGNA	        4112	Global	Relocatable 	
	IDTYPE	        4113	Global	Relocatable 		ASTATF	        4114	Global	Relocatable 	
	ERRLIN	        4115	Global	Relocatable 		TMPCNT	        4607	Global	Relocatable 	
	C.@VE	        4122	Global	Relocatable 		FSAVE	        4123	Global	Relocatable 	
	VSAVE	        4124	Global	Relocatable 		TYPTAB	        4125	Global	Relocatable 	
	LIBFUN	      400057	Global	Relocatable 		ONEAFT	      400156	Global	Relocatable 	
	LIBATT	      400266	Global	Relocatable 		CLRWDS	      400464	Global	Relocatable 	
	TREEPT	        4157	Global	Relocatable 		CSTMNT	        4160	Global	Relocatable 	
	ZERBLK	        4161	Global	Relocatable 		A1NODE	        4162	Global	Relocatable 	
	A2NODE	        4163	Global	Relocatable 		A1LABE	        4164	Global	Relocatable 	
	A2LABE	        4165	Global	Relocatable 		A3LABE	        4166	Global	Relocatable 	
	OPDSPI	        4167	Global	Relocatable 		REGFOR	        4170	Global	Relocatable 	
	PC	        4171	Global	Relocatable 		PBOPWD	        4172	Global	Relocatable 	
	PSYMPT	        4173	Global	Relocatable 		IOLSPT	        4174	Global	Relocatable 	
	DATASP	        4175	Global	Relocatable 		RESNAM	        4176	Global	Relocatable 	
	NEGFLG	        4177	Global	Relocatable 		NOTFLG	        4200	Global	Relocatable 	
	TRUECE	        4201	Global	Relocatable 		FALSEC	        4202	Global	Relocatable 	
	CIOCAL	        4203	Global	Relocatable 		CIOCLA	        4204	Global	Relocatable 	
	INPFLA	        4205	Global	Relocatable 		USERFN	        4206	Global	Relocatable 	
	CLOBBR	        4207	Global	Relocatable 		DBLMOD	        4210	Global	Relocatable 	
	LSTLNK	        4211	Global	Relocatable 		FTEMP	        4212	Global	Relocatable 	
	FRSTLN	        4213	Global	Relocatable 		ANCHOR	        4214	Global	Relocatable 	
	VERYFR	        4215	Global	Relocatable 		PBFPTR	        4216	Global	Relocatable 	
	PBUFF	        4217	Global	Relocatable 		PEEPPT	        4447	Global	Relocatable 	
	ILABIX	        4450	Global	Relocatable 		GBSYRE	        4451	Global	Relocatable 	
	GBSYCT	        4452	Global	Relocatable 		STBSYR	        4453	Global	Relocatable 	
	STRGCT	        4454	Global	Relocatable 		BLOCKB	        4455	Global	Relocatable 	
	NOBBRE	        4456	Global	Relocatable 		PAIRMO	        4457	Global	Relocatable 	
	EHASH	        4460	Global	Relocatable 		BACKST	        4515	Global	Relocatable 	
	IOPTFL	        4516	Global	Relocatable 		DOSP	        4517	Global	Relocatable 	
	DOSTAK	        4520	Global	Relocatable 		EXITNO	        4560	Global	Relocatable 	
		LINK-10 symbol map of	P2	version 4(210)		page 3
GLOB..
	RDCCT	        4561	Global	Relocatable 		LPRDCC	        4562	Global	Relocatable 	
	RDCLNK	        4563	Global	Relocatable 		LOCLNK	        4564	Global	Relocatable 	
	ARGLIN	        4565	Global	Relocatable 		SPECCA	        4566	Global	Relocatable 	
	QQ	        4567	Global	Relocatable 		UNIQVA	        4570	Global	Relocatable 	
	ASSOCP	        4571	Global	Relocatable 		FNTMP	        4572	Global	Relocatable 	
	DOCNT	        4573	Global	Relocatable 		OPTLAB	        4574	Global	Relocatable 	
	GLOBRE	        4575	Global	Relocatable 		RGRAPH	        4615	Global	Relocatable 	
	FGRAPH	        4616	Global	Relocatable 		SSIZTC	        4617	Global	Relocatable 	
	INTLTC	        4620	Global	Relocatable 		LOOP	        4621	Global	Relocatable 	
	INDVAR	        4622	Global	Relocatable 		LEND	        4623	Global	Relocatable 	
	LENTRY	        4624	Global	Relocatable 		LOOPNO	        4625	Global	Relocatable 	
	CHOSEN	        4626	Global	Relocatable 		TOP	        4666	Global	Relocatable 	
	BOTTOM	        4667	Global	Relocatable 		TPREV	        4670	Global	Relocatable 	
	PREV	        4671	Global	Relocatable 		PHI	        4672	Global	Relocatable 	
	NAN	        4673	Global	Relocatable 		EHASHP	        4674	Global	Relocatable 	
	LOWLIM	        4675	Global	Relocatable 		CELMNT	        4676	Global	Relocatable 	
	EVALU	      400531	Global	Relocatable 		INNERL	        4677	Global	Relocatable 	
	DOWDP	        4700	Global	Relocatable 		CDONOD	        4701	Global	Relocatable 	
	ITMCT	        4702	Global	Relocatable 		MTOPFU	      400567	Global	Relocatable 	
	DWP	        4703	Global	Relocatable 		C1H	        4704	Global	Relocatable 	
	C1L	        4705	Global	Relocatable 		C2H	        4706	Global	Relocatable 	
	C2L	        4707	Global	Relocatable 		COPRIX	        4710	Global	Relocatable 	
	SAVACS	        4711	Global	Relocatable 		SAVE17	        4720	Global	Relocatable 	
	EOPSAV	        4721	Global	Relocatable 		NOCR	        4722	Global	Relocatable 	
	STPTR	        4723	Global	Relocatable 		STLPTR	        4724	Global	Relocatable 	
	STPOS	        4725	Global	Relocatable 		LASTLI	        4726	Global	Relocatable 	
	ERRFLA	        4727	Global	Relocatable 		MSGNOT	        4730	Global	Relocatable 	
	CLASPT	        4731	Global	Relocatable 		CLASLP	        4732	Global	Relocatable 	
	CONTPT	        4733	Global	Relocatable 		LEXLIN	        4734	Global	Relocatable 	
	NUMWAR	        4735	Global	Relocatable 		NUMFAT	        4736	Global	Relocatable 	
	WARNOP	        4737	Global	Relocatable 		STMNDE	        4740	Global	Relocatable 	
	PSTATE	        4741	Global	Relocatable 		BACKLI	        4742	Global	Relocatable 	
	LOOK4L	        4743	Global	Relocatable 		FNDFF	        4744	Global	Relocatable 	
	DIMSTK	        4745	Global	Relocatable 		LOOK4C	        4746	Global	Relocatable 	
	ENDOFI	           0	Global	Absolute    		GLOBEN	        4747	Global	Relocatable 	
	BGSTBF	        4750	Global	Relocatable 		SAVFLG	        4751	Global	Relocatable 	
	DEBGSW	        4752	Global	Relocatable 		BUGOUT	        4753	Global	Relocatable 	
	FLAGS2	        4754	Global	Relocatable 		CURPOO	        4755	Global	Relocatable 	
	CURPTR	        4756	Global	Relocatable 		CHARPO	        4757	Global	Relocatable 	
	LINEPT	        4760	Global	Relocatable 		SEQLAS	        4761	Global	Relocatable 	
	LINENO	        4762	Global	Relocatable 		PAGELI	        4764	Global	Relocatable 	
	LINELI	        4765	Global	Relocatable 		HEADST	        4766	Global	Relocatable 	
	BASENO	        5012	Global	Relocatable 		HEADPT	        5013	Global	Relocatable 	
	PAGEPT	        5014	Global	Relocatable 		GLOB.F	      400047	Global	Relocatable 	
	GLOB.1	      400056	Global	Relocatable Suppressed	GLOB.P	      400056	Global	Relocatable 	
	GLOB.G	         471	Global	Relocatable Suppressed	.BREG	        5015	Global	Relocatable 	

		*************

$SCNDC	from DSK:SCAN.REL[10,7]	created on 20-Sep-74 at  0:00:00

	Zero length module

		*************
		LINK-10 symbol map of	P2	version 4(210)		page 4
$SCNDC

.SCAN	from DSK:SCAN.REL[10,7]	created on 20-Sep-74 at  0:00:00
	Low  segment starts at	  5016 ends at	  5650 length	   633 (octal),   411. (decimal)

	F.NAM	        5432	Global	Relocatable 		N.CORE	        5103	Global	Relocatable 	
	N.EZER	        5102	Global	Relocatable Suppressed	N.OFFS	        5104	Global	Relocatable 	
	N.ZER	        5061	Global	Relocatable Suppressed	%%SCAN	   700000541	Global	Absolute    Suppressed
	.LASWD	        5615	Global	Relocatable 		.MYPPN	        5016	Global	Relocatable 	
	.NMUE	        5614	Global	Relocatable Suppressed	.NMUL	        5557	Global	Relocatable 	
	.QUOTE	        5060	Global	Relocatable 		.SCANL	         633	Global	Absolute    Suppressed
	.SCANZ	        5016	Global	Relocatable Suppressed

		*************

.VERBO	from DSK:SCAN.REL[10,7]	created on 20-Sep-74 at  0:00:00
	Low  segment starts at	  5651 ends at	  5652 length	     2 (octal),     2. (decimal)

	.FLCBF	        5652	Global	Relocatable 		.FLVRB	        5651	Global	Relocatable 	
	.VRBOL	           2	Global	Absolute    Suppressed	.VRBOZ	        5651	Global	Relocatable Suppressed

		*************

.TNEWL	from DSK:SCAN.REL[10,7]	created on 20-Sep-74 at  0:00:00

	Zero length module

		*************

.TOUTS	from DSK:SCAN.REL[10,7]	created on 20-Sep-74 at  0:00:00
	Low  segment starts at	  5653 ends at	  5653 length	     1 (octal),     1. (decimal)

	GUIDL.	          12	Global	Absolute    Suppressed	GUIDM.	777777777766	Global	Absolute    Suppressed
	.TOUTL	           1	Global	Absolute    Suppressed	.TOUTZ	        5653	Global	Relocatable Suppressed

		*************

.STOPB	from DSK:SCAN.REL[10,7]	created on 20-Sep-74 at  0:00:00

	Zero length module

		*************

.CNTDT	from DSK:SCAN.REL[10,7]	created on 20-Sep-74 at  0:00:00

	Zero length module

		*************

.GTPUT	from DSK:SCAN.REL[10,7]	created on 20-Sep-74 at  0:00:00

	Zero length module

		*************

		LINK-10 symbol map of	P2	version 4(210)		page 5


.SAVE	from DSK:SCAN.REL[10,7]	created on 20-Sep-74 at  0:00:00

	Zero length module

		*************

.WILD	from DSK:WILD.REL[10,7]	created on 25-Sep-74 at  0:00:00
	Low  segment starts at	  5654 ends at	  6262 length	   407 (octal),   263. (decimal)

	B.DC	        6260	Global	Relocatable 		%%WILD	   700000311	Global	Absolute    Suppressed
	.WIFIR	        5735	Global	Relocatable 		.WILAS	        5736	Global	Relocatable 	
	.WILDL	         407	Global	Absolute    Suppressed	.WILDZ	        5654	Global	Relocatable Suppressed
	.WLDBF	        6005	Global	Relocatable 		.WLDFL	        5725	Global	Relocatable 	

		*************

FTNCMD	from DSK:COMMAN.REL[31,1611]	created by MACRO on  7-Oct-84 at 15:37:00
	Low  segment starts at	  6263 ends at	  6614 length	   332 (octal),   218. (decimal)

	CORERR	        6263	Global	Relocatable 	

		*************

SERV..	from DSK:SRCA.REL[31,1611]	created by BLISS on  6-Oct-84 at 18:43:00
	Low  segment starts at	  6615 ends at	  6633 length	    17 (octal),    15. (decimal)
	High segment starts at	400577 ends at	401717 length	  1121 (octal),   593. (decimal)

	SERV.0	      400577	Global	Relocatable 		SRCAV	   200000060	Global	Absolute    	
	ADDLOO	      400577	Global	Relocatable 		TBLSEA	      400703	Global	Relocatable 	
	THASH	      400767	Global	Relocatable 		SRCHLI	      401021	Global	Relocatable 	
	NEWENT	      401105	Global	Relocatable 		TESTEN	      401400	Global	Relocatable 	
	SAVSPA	      401447	Global	Relocatable 		CORMAN	      401465	Global	Relocatable 	
	GENLAB	      401536	Global	Relocatable 		MAKEPR	      401545	Global	Relocatable 	
	MAKPR1	      401571	Global	Relocatable 		SERV.1	      401662	Global	Relocatable Suppressed
	SERV.P	      401662	Global	Relocatable 		SERV.C	      401674	Global	Relocatable 	
	SERV.L	      401700	Global	Relocatable 		SERV.O	        6615	Global	Relocatable 	

		*************

INOU..	from DSK:INOUT.REL[31,1611]	created by BLISS on  6-Oct-84 at 18:39:00
	Low  segment starts at	  6634 ends at	  6664 length	    31 (octal),    25. (decimal)
	High segment starts at	401720 ends at	403203 length	  1264 (octal),   692. (decimal)

	INOU.0	      401720	Global	Relocatable 		INOUV	   200000042	Global	Absolute    	
	NUMODI	        6634	Global	Relocatable 		DIGITS	      401720	Global	Relocatable 	
	STRNG6	      401740	Global	Relocatable 		STRNG7	      401752	Global	Relocatable 	
	HEADCH	      401761	Global	Relocatable 		HEADIN	      401771	Global	Relocatable 	
	FATLER	      402052	Global	Relocatable 		WARNER	      402215	Global	Relocatable 	
	FATLEX	      402225	Global	Relocatable 		WARNLE	      402235	Global	Relocatable 	
	BLDMSG	      402245	Global	Relocatable 		ERROR	      402422	Global	Relocatable 	
	OUUOLS	      402653	Global	Relocatable 		OUTSTA	      402671	Global	Relocatable 	
	LINEOU	      402717	Global	Relocatable 		CHAROU	      402743	Global	Relocatable 	
	STRNGO	      402752	Global	Relocatable 		LSTOUT	      402771	Global	Relocatable 	
		LINK-10 symbol map of	P2	version 4(210)		page 6
INOU..
	OUUOBI	      402775	Global	Relocatable 		RELOUT	      403013	Global	Relocatable 	
	SOUTPU	      403017	Global	Relocatable 		CLOSUP	      403022	Global	Relocatable 	
	INOU.1	      403026	Global	Relocatable Suppressed	INOU.P	      403026	Global	Relocatable 	
	INOU.C	      403150	Global	Relocatable 		INOU.L	      403160	Global	Relocatable 	
	INOU.G	        6634	Global	Relocatable Suppressed	INOU.O	        6635	Global	Relocatable 	

		*************

ERR3	from DSK:ERR3.REL[31,1611]	created on  6-Oct-84 at 18:38:00
	High segment starts at	403204 ends at	403304 length	   101 (octal),    65. (decimal)

	CGERR	      403207	Global	Relocatable 		SKERR	      403204	Global	Relocatable 	
	VEDIT	           1	Global	Absolute    Suppressed

		*************

CNSTCM	from DSK:CNSTCM.REL[31,1611]	created on  6-Oct-84 at 18:49:00
	High segment starts at	403305 ends at	404312 length	  1006 (octal),   518. (decimal)

	CNSTCM	      403305	Entry	Relocatable 		CNSTCV	   201000100	Global	Absolute    	
	KADPRN	      403461	Global	Relocatable 		KARIAB	      403340	Global	Relocatable 	
	KARIIB	      403320	Global	Relocatable 		KBOOLB	      403462	Global	Relocatable 	
	KDNEGB	      403466	Global	Relocatable 		KDPINT	      403434	Global	Relocatable 	
	KDPRL	      403460	Global	Relocatable 		KILDAB	      404032	Global	Relocatable 	
	KILFBA	      404014	Global	Relocatable 		KILFBR	      404023	Global	Relocatable 	
	KSPECB	      403611	Global	Relocatable 		KTYPCB	      403360	Global	Relocatable 	

		*************

DPSIM	from DSK:DPSIM.REL[31,1611]	created on  6-Oct-84 at 18:49:00
	High segment starts at	404313 ends at	404706 length	   374 (octal),   252. (decimal)

	DFA0	      404334	Global	Relocatable 		DFA4	      404320	Global	Relocatable 	
	DFAM0	      404333	Global	Relocatable 		DFAM4	      404317	Global	Relocatable 	
	DFD0	      404611	Global	Relocatable 		DFD4	      404613	Global	Relocatable 	
	DFDM0	      404610	Global	Relocatable 		DFDM4	      404612	Global	Relocatable 	
	DFM0	      404523	Global	Relocatable 		DFM4	      404525	Global	Relocatable 	
	DFMM0	      404522	Global	Relocatable 		DFMM4	      404524	Global	Relocatable 	
	DFS0	      404324	Global	Relocatable 		DFS4	      404314	Global	Relocatable 	
	DFSM0	      404323	Global	Relocatable 		DFSM4	      404313	Global	Relocatable 	
	DPSIMV	     2000001	Global	Absolute    	

		*************

P2S1..	from DSK:P2S1.REL[31,1611]	created by BLISS on  6-Oct-84 at 19:33:00
	Low  segment starts at	  6665 ends at	  6707 length	    23 (octal),    19. (decimal)
	High segment starts at	404707 ends at	410056 length	  3150 (octal),  1640. (decimal)

	P2S1.0	      404707	Global	Relocatable 		P2S1V	     2000073	Global	Absolute    	
	P2SKL1	      407731	Global	Relocatable 		P2SKBL	      404707	Global	Relocatable 	
	BLSKOP	      405106	Global	Relocatable 		P2SKIG	      405211	Global	Relocatable 	
	P2SKRE	      405214	Global	Relocatable 		RELSKO	      405312	Global	Relocatable 	
	P2SKFN	      406073	Global	Relocatable 		P2SKAR	      406301	Global	Relocatable 	
	ARSKOP	      406676	Global	Relocatable 		P2SKLT	      407125	Global	Relocatable 	
		LINK-10 symbol map of	P2	version 4(210)		page 7
P2S1..
	P2SKLA	      407347	Global	Relocatable 		P2SKNE	      407412	Global	Relocatable 	
	P2S1.1	      407730	Global	Relocatable Suppressed	P2S1.P	      407730	Global	Relocatable 	
	P2S1.C	      407752	Global	Relocatable 		P2S1.L	      407770	Global	Relocatable 	
	P2S1.O	        6665	Global	Relocatable 	

		*************

P2S2..	from DSK:P2S2.REL[31,1611]	created by BLISS on  6-Oct-84 at 19:35:00
	Low  segment starts at	  6710 ends at	  6731 length	    22 (octal),    18. (decimal)
	High segment starts at	410057 ends at	413216 length	  3140 (octal),  1632. (decimal)

	P2S2.0	      410057	Global	Relocatable 		P2S2V	   201000062	Global	Absolute    	
	TAKNOT	      410057	Global	Relocatable 		TAKNEG	      410156	Global	Relocatable 	
	SETNEG	      410261	Global	Relocatable 		DNEGCN	      410317	Global	Relocatable 	
	NOTOFN	      410344	Global	Relocatable 		NEGOFN	      410507	Global	Relocatable 	
	BLCMB	      410652	Global	Relocatable 		CNTMPY	      410770	Global	Relocatable 	
	ONECNS	      411014	Global	Relocatable 		MONECN	      411035	Global	Relocatable 	
	INTEGC	      411056	Global	Relocatable 		POWERO	      411126	Global	Relocatable 	
	P2VAL	      411156	Global	Relocatable 		P2PLUS	      411174	Global	Relocatable 	
	P2VL1	      411235	Global	Relocatable 		RETURN	      411257	Global	Relocatable 	
	ARCMB	      411374	Global	Relocatable 		CMBEQL	      412251	Global	Relocatable 	
	FOLDLI	      412731	Global	Relocatable 		FOLDAI	      413041	Global	Relocatable 	
	P2S2.1	      413117	Global	Relocatable Suppressed	P2S2.P	      413117	Global	Relocatable 	
	P2S2.C	      413130	Global	Relocatable 		P2S2.L	      413135	Global	Relocatable 	
	P2S2.O	        6710	Global	Relocatable 	

		*************

MEMC..	from DSK:MEMCMP.REL[31,1611]	created by BLISS on  6-Oct-84 at 19:23:00
	Low  segment starts at	  6732 ends at	  6743 length	    12 (octal),    10. (decimal)
	High segment starts at	413217 ends at	414073 length	   655 (octal),   429. (decimal)

	MEMC.0	      413217	Global	Relocatable 		MEMCV	   200000036	Global	Absolute    	
	MEMCMC	      413217	Global	Relocatable 		VMEMCM	      413337	Global	Relocatable 	
	ARRMEM	      413570	Global	Relocatable 		SPECTO	      414002	Global	Relocatable 	
	MEMC.1	      414045	Global	Relocatable Suppressed	MEMC.L	      414045	Global	Relocatable 	
	MEMC.O	        6732	Global	Relocatable 	

		*************

SKST..	from DSK:SKSTMN.REL[31,1611]	created by BLISS on  6-Oct-84 at 19:27:00
	Low  segment starts at	  6744 ends at	  6776 length	    33 (octal),    27. (decimal)
	High segment starts at	414074 ends at	416745 length	  2652 (octal),  1450. (decimal)

	SKST.0	      414074	Global	Relocatable 		SKSTV	   201000133	Global	Absolute    	
	P2SKST	      414074	Global	Relocatable 		SKASMN	      414340	Global	Relocatable 	
	SKSFN	      414505	Global	Relocatable 		SKRETU	      414523	Global	Relocatable 	
	SKAGO	      414544	Global	Relocatable 		SKCGO	      414567	Global	Relocatable 	
	DELGOL	      414657	Global	Relocatable 		SKLOGI	      414676	Global	Relocatable 	
	SKARIF	      414752	Global	Relocatable 		SKASSI	      415366	Global	Relocatable 	
	SKDECE	      415402	Global	Relocatable 		SKCALL	      415423	Global	Relocatable 	
	FOLDIO	      415463	Global	Relocatable 		FORMIO	      415564	Global	Relocatable 	
	FILTER	      415640	Global	Relocatable 		LOOKEL	      415665	Global	Relocatable 	
	IODEPN	      416046	Global	Relocatable 		DEFONC	      416154	Global	Relocatable 	
		LINK-10 symbol map of	P2	version 4(210)		page 8
SKST..
	DOP2SK	      416200	Global	Relocatable 		TRINTO	      416307	Global	Relocatable 	
	DOENSK	      416335	Global	Relocatable 		P2REGC	      416420	Global	Relocatable 	
	LOOKOU	      416621	Global	Relocatable 		LOKIOU	      416647	Global	Relocatable 	
	SKST.1	      416671	Global	Relocatable Suppressed	SKST.C	      416671	Global	Relocatable 	
	SKST.L	      416676	Global	Relocatable 		SKST.O	        6744	Global	Relocatable 	

		*************

DNPT	from DSK:DNPT.REL[31,1611]	created on  6-Oct-84 at 19:53:00

	Zero length module

		*************

IOPT..	from DSK:IOPT.REL[31,1611]	created by BLISS on  6-Oct-84 at 19:59:00
	Low  segment starts at	  6777 ends at	  7014 length	    16 (octal),    14. (decimal)
	High segment starts at	416746 ends at	425735 length	  6770 (octal),  3576. (decimal)

	IOPT.0	      416746	Global	Relocatable 		IOPTV	   200000057	Global	Absolute    	
	IOGELO	      416746	Global	Relocatable 		IOGELM	      417006	Global	Relocatable 	
	IOGPNR	      417106	Global	Relocatable 		IOEXDF	      417206	Global	Relocatable 	
	IOSTDF	      417421	Global	Relocatable 		GLEXDF	      417513	Global	Relocatable 	
	GLEXRE	      417754	Global	Relocatable 		GLSTDF	      420126	Global	Relocatable 	
	GLSTEL	      420220	Global	Relocatable 		GLSTRE	      420306	Global	Relocatable 	
	GLDOFI	      420405	Global	Relocatable 		SKOPTI	      420616	Global	Relocatable 	
	ISOLAT	      420647	Global	Relocatable 		BLDCMN	      421035	Global	Relocatable 	
	LCLLNK	      421064	Global	Relocatable 		CHNINI	      421103	Global	Relocatable 	
	CHNLNK	      421115	Global	Relocatable 		MRGCHN	      421134	Global	Relocatable 	
	FINDAS	      421150	Global	Relocatable 		ELIMTE	      421203	Global	Relocatable 	
	ELIMST	      421242	Global	Relocatable 		DIV2CM	      421306	Global	Relocatable 	
	CHKDBL	      421337	Global	Relocatable 		MAKELI	      421434	Global	Relocatable 	
	ELIMCO	      422311	Global	Relocatable 		EXPEXP	      422361	Global	Relocatable 	
	IOCONT	      422453	Global	Relocatable 		PUTBAK	      422723	Global	Relocatable 	
	COLLAP	      423263	Global	Relocatable 		RPLCMN	      424406	Global	Relocatable 	
	CMNRPL	      424436	Global	Relocatable 		DEPDCM	      425073	Global	Relocatable 	
	CMNDEP	      425111	Global	Relocatable 		CMNELI	      425347	Global	Relocatable 	
	FOLDUP	      425507	Global	Relocatable 		IOCLEA	      425571	Global	Relocatable 	
	IOPT.1	      425630	Global	Relocatable Suppressed	IOPT.C	      425630	Global	Relocatable 	
	IOPT.L	      425632	Global	Relocatable 		IOPT.O	        6777	Global	Relocatable 	

		*************

GOPT..	from DSK:GOPTIM.REL[31,1611]	created by BLISS on  6-Oct-84 at 19:43:00
	High segment starts at	425736 ends at	426764 length	  1027 (octal),   535. (decimal)

	GOPT.0	      425736	Global	Relocatable 		GOPTV	   200000064	Global	Absolute    	
	LOOKUP	      425736	Global	Relocatable 		CHKUA	      425760	Global	Relocatable 	
	LOKCAL	      426001	Global	Relocatable 		REPLAC	      426110	Global	Relocatable 	
	DOPARM	      426552	Global	Relocatable 		LNKASS	      426601	Global	Relocatable 	
	MAKASS	      426654	Global	Relocatable 		GOPT.1	      426743	Global	Relocatable Suppressed
	GOPT.L	      426743	Global	Relocatable 	

		*************

		LINK-10 symbol map of	P2	version 4(210)		page 9


GOP2..	from DSK:GOPT2.REL[31,1611]	created by BLISS on  6-Oct-84 at 19:27:00
	High segment starts at	426765 ends at	427105 length	   121 (octal),    81. (decimal)

	GOP2.0	      426765	Global	Relocatable 		GOP2V	   200000113	Global	Absolute    	
	CLEANU	      426765	Global	Relocatable 		MAKCON	      427014	Global	Relocatable 	
	MAKASG	      427026	Global	Relocatable 		GOP2.1	      427100	Global	Relocatable Suppressed
	GOP2.L	      427100	Global	Relocatable 	

		*************

GRAP..	from DSK:GRAPH.REL[31,1611]	created by BLISS on  6-Oct-84 at 19:51:00
	Low  segment starts at	  7015 ends at	  7042 length	    26 (octal),    22. (decimal)
	High segment starts at	427106 ends at	432055 length	  2750 (octal),  1512. (decimal)

	GRAP.0	      427106	Global	Relocatable 		GRAPV	   200000164	Global	Absolute    	
	GPHBLD	      430141	Global	Relocatable 		DOCOLL	      430471	Global	Relocatable 	
	FLOOD	      431367	Global	Relocatable 		WALKER	      431747	Global	Relocatable 	
	GRAP.1	      432032	Global	Relocatable Suppressed	GRAP.C	      432032	Global	Relocatable 	
	GRAP.L	      432040	Global	Relocatable 		GRAP.O	        7015	Global	Relocatable 	

		*************

CANN..	from DSK:CANNON.REL[31,1611]	created by BLISS on  6-Oct-84 at 19:37:00
	Low  segment starts at	  7043 ends at	  7044 length	     2 (octal),     2. (decimal)
	High segment starts at	432056 ends at	433347 length	  1272 (octal),   698. (decimal)

	CANN.0	      432056	Global	Relocatable 		CANNV	   201000030	Global	Absolute    	
	MOVDOW	      432056	Global	Relocatable 		CANONI	      432772	Global	Relocatable 	
	SWAP2D	      433226	Global	Relocatable 		CANN.1	      433274	Global	Relocatable Suppressed
	CANN.C	      433274	Global	Relocatable 		CANN.L	      433277	Global	Relocatable 	
	CANN.O	        7043	Global	Relocatable 	

		*************

DEFP..	from DSK:DEFPT.REL[31,1611]	created by BLISS on  6-Oct-84 at 20:05:00
	Low  segment starts at	  7045 ends at	  7066 length	    22 (octal),    18. (decimal)
	High segment starts at	433350 ends at	436370 length	  3021 (octal),  1553. (decimal)

	DEFP.0	      433350	Global	Relocatable 		DEFPV	   200000162	Global	Absolute    	
	READHE	      434607	Global	Relocatable 		SETGTR	      434666	Global	Relocatable 	
	GETDEF	      434767	Global	Relocatable 		DEFDRI	      435573	Global	Relocatable 	
	DEFP.1	      436322	Global	Relocatable Suppressed	DEFP.P	      436322	Global	Relocatable 	
	DEFP.L	      436326	Global	Relocatable 		DEFP.O	        7045	Global	Relocatable 	

		*************

MOVA..	from DSK:MOVA.REL[31,1611]	created by BLISS on  6-Oct-84 at 19:53:00
	High segment starts at	436371 ends at	437120 length	   530 (octal),   344. (decimal)

	MOVA.0	      436371	Global	Relocatable 		MOVAV	   200000031	Global	Absolute    	
	UNLIST	      436371	Global	Relocatable 		ONLIST	      436425	Global	Relocatable 	
	QUALIF	      436443	Global	Relocatable 		REDEFP	      436547	Global	Relocatable 	
	HAULAS	      436637	Global	Relocatable 		MOVA.1	      437106	Global	Relocatable Suppressed
		LINK-10 symbol map of	P2	version 4(210)		page 10
MOVA..
	MOVA.L	      437106	Global	Relocatable 	

		*************

COMS..	from DSK:COMSUB.REL[31,1611]	created by BLISS on  6-Oct-84 at 19:41:00
	Low  segment starts at	  7067 ends at	  7115 length	    27 (octal),    23. (decimal)
	High segment starts at	437121 ends at	444355 length	  5235 (octal),  2717. (decimal)

	COMS.0	      437121	Global	Relocatable 		COMSV	   200000376	Global	Absolute    	
	CMNMAK	      437121	Global	Relocatable 		STPREC	      437334	Global	Relocatable 	
	BOPBOP	      437423	Global	Relocatable 		NARY2	      437463	Global	Relocatable 	
	NEXTUP	      437614	Global	Relocatable 		UNRYMA	      440000	Global	Relocatable 	
	CHK4OP	      440167	Global	Relocatable 		MATCHE	      440211	Global	Relocatable 	
	CMNLNK	      440524	Global	Relocatable 		CHKHAI	      441305	Global	Relocatable 	
	HASHIT	      441504	Global	Relocatable 		XPUNGE	      442241	Global	Relocatable 	
	ELIM	      442416	Global	Relocatable 		LOCELI	      442566	Global	Relocatable 	
	REA	      442616	Global	Relocatable 		REAIO	      443313	Global	Relocatable 	
	LOCELM	      443363	Global	Relocatable 		SLINGH	      443420	Global	Relocatable 	
	TBLSRC	      443436	Global	Relocatable 		MAKETR	      443524	Global	Relocatable 	
	DELETE	      443617	Global	Relocatable 		LOCLMO	      443712	Global	Relocatable 	
	ARGCMN	      443730	Global	Relocatable 		LOK1SU	      443766	Global	Relocatable 	
	LOK2SU	      444023	Global	Relocatable 		DELLNK	      444067	Global	Relocatable 	
	LOCLDE	      444111	Global	Relocatable 		COMS.1	      444242	Global	Relocatable Suppressed
	COMS.C	      444242	Global	Relocatable 		COMS.L	      444244	Global	Relocatable 	
	COMS.O	        7067	Global	Relocatable 	

		*************

GCMN..	from DSK:GCMNSB.REL[31,1611]	created by BLISS on  6-Oct-84 at 20:03:00
	Low  segment starts at	  7116 ends at	  7133 length	    16 (octal),    14. (decimal)
	High segment starts at	444356 ends at	447417 length	  3042 (octal),  1570. (decimal)

	GCMN.0	      444356	Global	Relocatable 		GCMNV	   200000102	Global	Absolute    	
	DOTOHA	      444356	Global	Relocatable 		FINDTH	      444556	Global	Relocatable 	
	GLOBMO	      444615	Global	Relocatable 		GETOPT	      444652	Global	Relocatable 	
	CHKINI	      444703	Global	Relocatable 		CHKDOM	      444754	Global	Relocatable 	
	MOVCNS	      445704	Global	Relocatable 		GLOBDE	      446172	Global	Relocatable 	
	GLOBEL	      446545	Global	Relocatable 		SCRUBA	      446771	Global	Relocatable 	
	A2ARRE	      447030	Global	Relocatable 		A1ARRE	      447100	Global	Relocatable 	
	NEWCOP	      447160	Global	Relocatable 		PUTBAC	      447175	Global	Relocatable 	
	FNARRA	      447263	Global	Relocatable 		GCMN.1	      447330	Global	Relocatable Suppressed
	GCMN.C	      447330	Global	Relocatable 		GCMN.L	      447335	Global	Relocatable 	
	GCMN.O	        7116	Global	Relocatable 	

		*************

PNRO..	from DSK:PNROPT.REL[31,1611]	created by BLISS on  6-Oct-84 at 20:11:00
	Low  segment starts at	  7134 ends at	  7145 length	    12 (octal),    10. (decimal)
	High segment starts at	447420 ends at	455444 length	  6025 (octal),  3093. (decimal)

	PNRO.0	      447420	Global	Relocatable 		PNROV	   200000217	Global	Absolute    	
	FOLDER	      447737	Global	Relocatable 		LOKDEF	      452132	Global	Relocatable 	
	PROPAG	      453056	Global	Relocatable 		DOTOPR	      455145	Global	Relocatable 	
	PNRO.1	      455323	Global	Relocatable Suppressed	PNRO.C	      455323	Global	Relocatable 	
		LINK-10 symbol map of	P2	version 4(210)		page 11
PNRO..
	PNRO.L	      455341	Global	Relocatable 		PNRO.O	        7134	Global	Relocatable 	

		*************

TSTR..	from DSK:TSTR.REL[31,1611]	created by BLISS on  6-Oct-84 at 20:13:00
	Low  segment starts at	  7146 ends at	  7160 length	    13 (octal),    11. (decimal)
	High segment starts at	455445 ends at	457406 length	  1742 (octal),   994. (decimal)

	TSTR.0	      455445	Global	Relocatable 		TSTRV	   200000054	Global	Absolute    	
	TESTRE	      455445	Global	Relocatable 		LOKIND	      455567	Global	Relocatable 	
	SUPPLA	      455757	Global	Relocatable 		REDUCE	      456244	Global	Relocatable 	
	RDUCIN	      457270	Global	Relocatable 		RDCTMP	      457302	Global	Relocatable 	
	TSTR.1	      457332	Global	Relocatable Suppressed	TSTR.C	      457332	Global	Relocatable 	
	TSTR.L	      457336	Global	Relocatable 		TSTR.O	        7146	Global	Relocatable 	

		*************

UTIL..	from DSK:UTIL.REL[31,1611]	created by BLISS on  6-Oct-84 at 19:47:00
	Low  segment starts at	  7161 ends at	  7165 length	     5 (octal),     5. (decimal)
	High segment starts at	457407 ends at	461757 length	  2351 (octal),  1257. (decimal)

	UTIL.0	      457407	Global	Relocatable 		UTILV	   200000124	Global	Absolute    	
	TRANSM	      457407	Global	Relocatable 		PROPNE	      457460	Global	Relocatable 	
	NODERR	      457652	Global	Relocatable 		SETPVA	      457655	Global	Relocatable 	
	SETPIM	      457750	Global	Relocatable 		LOOKAN	      460023	Global	Relocatable 	
	LOKA1	      460047	Global	Relocatable 		LOKA2	      460135	Global	Relocatable 	
	LEAFSU	      460223	Global	Relocatable 		SWAPEM	      460333	Global	Relocatable 	
	MISCIO	      460363	Global	Relocatable 		DOVARS	      460437	Global	Relocatable 	
	IOCS	      460561	Global	Relocatable 		E1ORE2	      460613	Global	Relocatable 	
	IOSUBS	      460711	Global	Relocatable 		CONTVA	      461063	Global	Relocatable 	
	CONTFN	      461440	Global	Relocatable 		UNFLDO	      461550	Global	Relocatable 	
	ARGCON	      461605	Global	Relocatable 		LASTON	      461622	Global	Relocatable 	
	UTIL.1	      461666	Global	Relocatable Suppressed	UTIL.P	      461666	Global	Relocatable 	
	UTIL.L	      461710	Global	Relocatable 		UTIL.O	        7161	Global	Relocatable 	

		*************

ERRD..	from DSK:ERROVD.REL[31,1611]	created by BLISS on  6-Oct-84 at 19:51:00
	High segment starts at	461760 ends at	462106 length	   127 (octal),    87. (decimal)

	ERRD.0	      461760	Global	Relocatable 		E64	           0	Global	Absolute    	
	E78	          10	Global	Absolute    		E79	          27	Global	Absolute    	
	E62	          40	Global	Absolute    		E37	          62	Global	Absolute    	
	E100	          77	Global	Absolute    		E105	         112	Global	Absolute    	
	WOPTMS	         123	Global	Absolute    		WARMSG	         123	Global	Absolute    	
	ERRMSG	      461763	Global	Relocatable 		BACKTY	           0	Global	Absolute    	
	NXTFIL	           0	Global	Absolute    		ENDUNI	           0	Global	Absolute    	
	FINALC	           0	Global	Absolute    		LEXNAM	           0	Global	Absolute    	
	ERRD.1	      461762	Global	Relocatable Suppressed	ERRD.P	      461762	Global	Relocatable 	

		*************

		LINK-10 symbol map of	P2	version 4(210)		page 12


PHA2..	from DSK:PHA2.REL[31,1611]	created by BLISS on  6-Oct-84 at 20:15:00
	Low  segment starts at	  7166 ends at	  7174 length	     7 (octal),     7. (decimal)
	High segment starts at	462107 ends at	463302 length	  1174 (octal),   636. (decimal)

	PHA2.0	      462107	Global	Relocatable 		PHA2V	   200000153	Global	Absolute    	
	OPTERR	      462161	Global	Relocatable 		MRP2	      462410	Global	Relocatable 	
	PHA2.F	      463256	Global	Relocatable 		PHA2.1	      463264	Global	Relocatable Suppressed
	PHA2.C	      463264	Global	Relocatable 		PHA2.L	      463265	Global	Relocatable 	
	PHA2.O	        7166	Global	Relocatable 	

		*************

PSEUDO	from DSK:JOBD.REL[31,1611]	created on  6-Oct-84 at 18:39:00

	Zero length module

		*************


		LINK-10 symbol map of	P2	version 4(210)		page 13

5 undefined global symbols

.TNEWL	0
.POPJ1	0
.SWDON	0
.TCRLF	0
GUIDT.	0

		*************

	Index to LINK-10 symbol map of	P2	version 4(210)		page 14

	Name	Page	Name	Page	Name	Page	Name	Page

	CANN..	 9	GLOB..	 1	P2S2..	 7	.CNTDT	 4
	CNSTCM	 6	GOP2..	 9	PHA2..	12	.GTPUT	 4
	COMS..	10	GOPT..	 8	PNRO..	10	.SAVE	 5
	DEFP..	 9	GRAP..	 9	PSEUDO	12	.SCAN	 4
	DNPT	 8	INOU..	 5	SERV..	 5	.STOPB	 4
	DPSIM	 6	IOPT..	 8	SKST..	 7	.TNEWL	 4
	ERR3	 6	MAIN..	 1	TSTR..	11	.TOUTS	 4
	ERRD..	11	MEMC..	 7	UTIL..	11	.VERBO	 4
	FTNCMD	 5	MOVA..	 9	$SCNDC	 3	.WILD	 5
	GCMN..	10	P2S1..	 6

	[End of LINK-10 map of	P2]
