		LINK-10 symbol map of	P0	version 4(210)		page 1
	Produced by LINK-10 version 2A(241) on  8-Oct-84 at 16:51:44

	Low  segment starts at	     0 ends at	  7650 length	  7651 = 4K
	High segment starts at	400000 ends at	417162 length	 17163 = 8K
	87 words free in Low segment, 397 words free in high segment
	552 Global symbols loaded, therefore min. hash size is 614
	Start address is 414103, located in program FTNCMD

		*************

JOBDAT-INITIAL-SYMBOLS

	Zero length module

		*************

MAIN..	from DSK:MAIN.REL[31,1611]	created by BLISS on  6-Oct-84 at 18:37:00
	Low  segment starts at	   140 ends at	   470 length	   331 (octal),   217. (decimal)

	MAIN.0	         140	Global	Relocatable 		MAINV	     2000033	Global	Absolute    	
	FT1SEG	           0	Global	Absolute    		IOFLV	   200000007	Global	Absolute    	
	PHAZCO	         140	Global	Relocatable 		SIXBOU	         264	Global	Relocatable 	
	GETSG	         302	Global	Relocatable 		NXFILG	         356	Global	Relocatable 	
	CTCSTA	         370	Global	Relocatable 		MAIN.1	         376	Global	Relocatable Suppressed
	MAIN.P	         376	Global	Relocatable 		MAIN.C	         460	Global	Relocatable 	
	MAIN.L	         462	Global	Relocatable 		MAIN.O	         467	Global	Relocatable 	

		*************

GLOB..	from DSK:GLOBAL.REL[31,1611]	created by BLISS on  6-Oct-84 at 18:39:00
	Low  segment starts at	   471 ends at	  5015 length	  4325 (octal),  2261. (decimal)
	High segment starts at	400010 ends at	400576 length	   567 (octal),   375. (decimal)

	GLOB.0	      400010	Global	Relocatable 		.ENT.0	      400010	Global	Relocatable 	
	.ENT.1	      400013	Global	Relocatable 		.ENT.2	      400017	Global	Relocatable 	
	.ENT.3	      400024	Global	Relocatable 		.ENT.4	      400032	Global	Relocatable 	
	.EXT.4	      400041	Global	Relocatable 		.EXT.3	      400042	Global	Relocatable 	
	.EXT.2	      400043	Global	Relocatable 		.EXT.1	      400044	Global	Relocatable 	
	.EXT.0	      400045	Global	Relocatable 		STACK	         471	Global	Relocatable 	
	GLOBV	   200000111	Global	Absolute    		FIRSV	   200000176	Global	Absolute    	
	TABLV	   200000230	Global	Absolute    		POOL	        1455	Global	Relocatable 	
	STK	        2605	Global	Relocatable 		CHNLTB	        3177	Global	Relocatable 	
	IBLOCK	        3247	Global	Relocatable 		TBLOCK	        3252	Global	Relocatable 	
	LBLOCK	        3262	Global	Relocatable 		GETSBL	        3266	Global	Relocatable 	
	FLGWRD	        3274	Global	Relocatable 		ISPEC	        3275	Global	Relocatable 	
	FSPEC	        3276	Global	Relocatable 		CCLSW	        3277	Global	Relocatable 	
	INDEX	        3300	Global	Relocatable 		PAGE	        3301	Global	Relocatable 	
	JOBFFS	        3302	Global	Relocatable 		SYMTBL	        3303	Global	Relocatable 	
	CONTBL	        3422	Global	Relocatable 		EXPTBL	        3467	Global	Relocatable 	
	LABTBL	        3606	Global	Relocatable 		LITTBL	        3653	Global	Relocatable 	
	NAMTBL	        3654	Global	Relocatable 		SRCTBL	        3675	Global	Relocatable 	
	DIMTBL	        3676	Global	Relocatable 		DATTBL	        3677	Global	Relocatable 	
	BASEPT	        3700	Global	Relocatable 		COMBLK	        3701	Global	Relocatable 	
	LITPOI	        3702	Global	Relocatable 		SYMPTR	        3703	Global	Relocatable 	
	SORCPT	        3704	Global	Relocatable 		LASTEX	        3705	Global	Relocatable 	
		LINK-10 symbol map of	P0	version 4(210)		page 2
GLOB..
	LASTDI	        3706	Global	Relocatable 		CONSPT	        3707	Global	Relocatable 	
	LABLPT	        3710	Global	Relocatable 		EQVPTR	        3711	Global	Relocatable 	
	FORMPT	        3712	Global	Relocatable 		NAMLPT	        3713	Global	Relocatable 	
	ASIPTR	        3714	Global	Relocatable 		TTOTAL	        3715	Global	Relocatable 	
	FREELI	        3716	Global	Relocatable 		SPACEF	        3730	Global	Relocatable 	
	SRCHON	        3731	Global	Relocatable 		ISN	        3732	Global	Relocatable 	
	IDOFST	        3733	Global	Relocatable 		LABLOF	        3734	Global	Relocatable 	
	DLOOPT	        3735	Global	Relocatable 		DONEST	        3736	Global	Relocatable 	
	CURDOI	        3737	Global	Relocatable 		LASDOL	        3740	Global	Relocatable 	
	LASLVL	        3741	Global	Relocatable 		DELETP	        3742	Global	Relocatable 	
	SYMTYP	        3743	Global	Relocatable 		NAME	        3744	Global	Relocatable 	
	TYPE	        3745	Global	Relocatable 		INCREM	        3746	Global	Relocatable 	
	DECEXP	        3747	Global	Relocatable 		ENTRY	        3750	Global	Relocatable 	
	REGSAV	        3755	Global	Relocatable 		SEGINC	        3775	Global	Relocatable 	
	LOWLOC	        3776	Global	Relocatable 		HILOC	        3777	Global	Relocatable 	
	RELOCW	        4000	Global	Relocatable 		MAINRL	        4001	Global	Relocatable 	
	LOCRLB	        4025	Global	Relocatable 		SYMRLB	        4051	Global	Relocatable 	
	RDATWD	        4075	Global	Relocatable 		BLANKC	        4076	Global	Relocatable 	
	ENDSCA	        4077	Global	Relocatable 		MULENT	        4100	Global	Relocatable 	
	FORMAR	        4101	Global	Relocatable 		COMSIZ	        4102	Global	Relocatable 	
	ONEPLI	        4103	Global	Relocatable 		SP	        4104	Global	Relocatable 	
	LEXL	        4105	Global	Relocatable 		LSAVE	        4106	Global	Relocatable 	
	FARRY	        4107	Global	Relocatable 		CODELI	        4110	Global	Relocatable 	
	STALAB	        4111	Global	Relocatable 		PROGNA	        4112	Global	Relocatable 	
	IDTYPE	        4113	Global	Relocatable 		ASTATF	        4114	Global	Relocatable 	
	ERRLIN	        4115	Global	Relocatable 		TMPCNT	        4116	Global	Relocatable 	
	BSAVE	        4122	Global	Relocatable 		FSAVE	        4123	Global	Relocatable 	
	VSAVE	        4124	Global	Relocatable 		TYPTAB	        4125	Global	Relocatable 	
	LIBFUN	      400057	Global	Relocatable 		ONEAFT	      400156	Global	Relocatable 	
	LIBATT	      400266	Global	Relocatable 		CLRWDS	      400464	Global	Relocatable 	
	TREEPT	        4157	Global	Relocatable 		CSTMNT	        4160	Global	Relocatable 	
	ZERBLK	        4161	Global	Relocatable 		A1NODE	        4162	Global	Relocatable 	
	A2NODE	        4163	Global	Relocatable 		A1LABE	        4164	Global	Relocatable 	
	A2LABE	        4165	Global	Relocatable 		A3LABE	        4166	Global	Relocatable 	
	OPDSPI	        4167	Global	Relocatable 		REGFOR	        4170	Global	Relocatable 	
	PC	        4171	Global	Relocatable 		PBOPWD	        4172	Global	Relocatable 	
	PSYMPT	        4173	Global	Relocatable 		IOLSPT	        4174	Global	Relocatable 	
	DATASP	        4175	Global	Relocatable 		RESNAM	        4176	Global	Relocatable 	
	NEGFLG	        4177	Global	Relocatable 		NOTFLG	        4200	Global	Relocatable 	
	TRUECE	        4201	Global	Relocatable 		FALSEC	        4202	Global	Relocatable 	
	CIOCAL	        4203	Global	Relocatable 		CIOCLA	        4204	Global	Relocatable 	
	INPFLA	        4205	Global	Relocatable 		USERFN	        4206	Global	Relocatable 	
	CLOBBR	        4207	Global	Relocatable 		DBLMOD	        4210	Global	Relocatable 	
	LSTLNK	        4211	Global	Relocatable 		FTEMP	        4212	Global	Relocatable 	
	FRSTLN	        4213	Global	Relocatable 		ANCHOR	        4214	Global	Relocatable 	
	VERYFR	        4215	Global	Relocatable 		PBFPTR	        4216	Global	Relocatable 	
	PBUFF	        4217	Global	Relocatable 		PEEPPT	        4447	Global	Relocatable 	
	ILABIX	        4450	Global	Relocatable 		GBSYRE	        4451	Global	Relocatable 	
	GBSYCT	        4452	Global	Relocatable 		STBSYR	        4453	Global	Relocatable 	
	STRGCT	        4454	Global	Relocatable 		BLOCKB	        4455	Global	Relocatable 	
	NOBBRE	        4456	Global	Relocatable 		PAIRMO	        4457	Global	Relocatable 	
	EHASH	        4460	Global	Relocatable 		BACKST	        4515	Global	Relocatable 	
	IOPTFL	        4516	Global	Relocatable 		DOSP	        4517	Global	Relocatable 	
	DOSTAK	        4520	Global	Relocatable 		EXITNO	        4560	Global	Relocatable 	
		LINK-10 symbol map of	P0	version 4(210)		page 3
GLOB..
	RDCCT	        4561	Global	Relocatable 		LPRDCC	        4562	Global	Relocatable 	
	RDCLNK	        4563	Global	Relocatable 		LOCLNK	        4564	Global	Relocatable 	
	ARGLIN	        4565	Global	Relocatable 		SPECCA	        4566	Global	Relocatable 	
	QQ	        4567	Global	Relocatable 		UNIQVA	        4570	Global	Relocatable 	
	ASSOCP	        4571	Global	Relocatable 		FNTMP	        4572	Global	Relocatable 	
	DOCNT	        4573	Global	Relocatable 		OPTLAB	        4574	Global	Relocatable 	
	GLOBRE	        4575	Global	Relocatable 		RGRAPH	        4615	Global	Relocatable 	
	FGRAPH	        4616	Global	Relocatable 		SSIZTC	        4617	Global	Relocatable 	
	INTLTC	        4620	Global	Relocatable 		LOOP	        4621	Global	Relocatable 	
	INDVAR	        4622	Global	Relocatable 		LEND	        4623	Global	Relocatable 	
	LENTRY	        4624	Global	Relocatable 		LOOPNO	        4625	Global	Relocatable 	
	CHOSEN	        4626	Global	Relocatable 		TOP	        4666	Global	Relocatable 	
	BOTTOM	        4667	Global	Relocatable 		TPREV	        4670	Global	Relocatable 	
	PREV	        4671	Global	Relocatable 		PHI	        4672	Global	Relocatable 	
	NAN	        4673	Global	Relocatable 		EHASHP	        4674	Global	Relocatable 	
	LOWLIM	        4675	Global	Relocatable 		CELMNT	        4676	Global	Relocatable 	
	EVALU	      400531	Global	Relocatable 		INNERL	        4677	Global	Relocatable 	
	DOWDP	        4700	Global	Relocatable 		CDONOD	        4701	Global	Relocatable 	
	ITMCT	        4702	Global	Relocatable 		MTOPFU	      400567	Global	Relocatable 	
	DWP	        4703	Global	Relocatable 		C1H	        4704	Global	Relocatable 	
	C1L	        4705	Global	Relocatable 		C2H	        4706	Global	Relocatable 	
	C2L	        4707	Global	Relocatable 		COPRIX	        4710	Global	Relocatable 	
	SAVACS	        4711	Global	Relocatable 		SAVE17	        4720	Global	Relocatable 	
	EOPSAV	        4721	Global	Relocatable 		NOCR	        4722	Global	Relocatable 	
	STPTR	        4723	Global	Relocatable 		STLPTR	        4724	Global	Relocatable 	
	STPOS	        4725	Global	Relocatable 		LASTLI	        4726	Global	Relocatable 	
	ERRFLA	        4727	Global	Relocatable 		MSGNOT	        4730	Global	Relocatable 	
	CLASPT	        4731	Global	Relocatable 		CLASLP	        4732	Global	Relocatable 	
	CONTPT	        4733	Global	Relocatable 		LEXLIN	        4734	Global	Relocatable 	
	NUMWAR	        4735	Global	Relocatable 		NUMFAT	        4736	Global	Relocatable 	
	WARNOP	        4737	Global	Relocatable 		STMNDE	        4740	Global	Relocatable 	
	PSTATE	        4741	Global	Relocatable 		BACKLI	        4742	Global	Relocatable 	
	LOOK4L	        4743	Global	Relocatable 		FNDFF	        4744	Global	Relocatable 	
	DIMSTK	        4745	Global	Relocatable 		LOOK4C	        4746	Global	Relocatable 	
	ENDOFI	           0	Global	Absolute    		GLOBEN	        4747	Global	Relocatable 	
	BGSTBF	        4750	Global	Relocatable 		SAVFLG	        4751	Global	Relocatable 	
	DEBGSW	        4752	Global	Relocatable 		BUGOUT	        4753	Global	Relocatable 	
	FLAGS2	        4754	Global	Relocatable 		CURPOO	        4755	Global	Relocatable 	
	CURPTR	        4756	Global	Relocatable 		CHARPO	        4757	Global	Relocatable 	
	LINEPT	        4760	Global	Relocatable 		SEQLAS	        4761	Global	Relocatable 	
	LINENO	        4762	Global	Relocatable 		PAGELI	        4764	Global	Relocatable 	
	LINELI	        4765	Global	Relocatable 		HEADST	        4766	Global	Relocatable 	
	BASENO	        5012	Global	Relocatable 		HEADPT	        5013	Global	Relocatable 	
	PAGEPT	        5014	Global	Relocatable 		GLOB.F	      400047	Global	Relocatable 	
	GLOB.1	      400056	Global	Relocatable Suppressed	GLOB.P	      400056	Global	Relocatable 	
	GLOB.G	         471	Global	Relocatable Suppressed	.BREG	        5015	Global	Relocatable 	

		*************

$SCNDC	from DSK:SCAN.REL[10,7]	created on 20-Sep-74 at  0:00:00

	Zero length module

		*************
		LINK-10 symbol map of	P0	version 4(210)		page 4
$SCNDC

.SCAN	from DSK:SCAN.REL[10,7]	created on 20-Sep-74 at  0:00:00
	Low  segment starts at	  5016 ends at	  5650 length	   633 (octal),   411. (decimal)
	High segment starts at	400577 ends at	407171 length	  6373 (octal),  3323. (decimal)

	E.DSI	      403543	Global	Relocatable 		E.FMI	      401650	Global	Relocatable 	
	E.FMO	      401646	Global	Relocatable 		E.ILSC	      401653	Global	Relocatable 	
	E.INCL	      401652	Global	Relocatable 		E.SVNG	      403555	Global	Relocatable 	
	E.SVR	      403557	Global	Relocatable 		E.SVTL	      403553	Global	Relocatable 	
	E.UKK	      403533	Global	Relocatable 		F.NAM	        5432	Global	Relocatable 	
	N.CORE	        5103	Global	Relocatable 		N.EZER	        5102	Global	Relocatable Suppressed
	N.OFFS	        5104	Global	Relocatable 		N.ZER	        5061	Global	Relocatable Suppressed
	%%SCAN	   700000541	Global	Absolute    Suppressed	.ALDON	      401631	Global	Relocatable 	
	.ASCQC	      404740	Global	Relocatable 		.ASCQW	      404737	Global	Relocatable 	
	.BLOKC	      404567	Global	Relocatable 		.BLOKW	      404566	Global	Relocatable 	
	.CCLRB	      406022	Global	Relocatable 		.CKNEG	      404732	Global	Relocatable 	
	.CLRBF	      406024	Global	Relocatable 		.CLRFL	      402133	Global	Relocatable 	
	.COREC	      404576	Global	Relocatable 		.COREW	      404575	Global	Relocatable 	
	.DATIC	      403654	Global	Relocatable 		.DATIF	      403624	Global	Relocatable 	
	.DATIG	      403625	Global	Relocatable 		.DATIM	      403653	Global	Relocatable 	
	.DATIP	      403640	Global	Relocatable 		.DATIQ	      403641	Global	Relocatable 	
	.DECNC	      404635	Global	Relocatable 		.DECNW	      404634	Global	Relocatable 	
	.FILIN	      402045	Global	Relocatable 		.FMSG	      405717	Global	Relocatable 	
	.FMSGD	      405731	Global	Relocatable 		.FMSGE	      405767	Global	Relocatable 	
	.FMSGF	      405751	Global	Relocatable 		.FMSGN	      405725	Global	Relocatable 	
	.FMSGO	      405735	Global	Relocatable 		.FMSGX	      405776	Global	Relocatable 	
	.GTIND	      401702	Global	Relocatable 		.GTSPC	      402301	Global	Relocatable 	
	.ISCAN	      400577	Entry	Relocatable 		.KEYWD	      402431	Global	Relocatable 	
	.KLIND	      405653	Global	Relocatable 		.LASWD	        5615	Global	Relocatable 	
	.LEFTX	      404555	Global	Relocatable 		.MKPJN	      400725	Global	Relocatable 	
	.MNRET	      406064	Global	Relocatable 		.MONRT	      406055	Global	Relocatable 	
	.MYPPN	        5016	Global	Relocatable 		.NAME	      404462	Global	Relocatable 	
	.NAMEC	      404351	Global	Relocatable 		.NAMEW	      404350	Global	Relocatable 	
	.NMUE	        5614	Global	Relocatable Suppressed	.NMUL	        5557	Global	Relocatable 	
	.NOCTC	      404337	Global	Relocatable 		.NOCTW	      404336	Global	Relocatable 	
	.OCTNC	      404671	Global	Relocatable 		.OCTNW	      404670	Global	Relocatable 	
	.OSCAN	      401333	Global	Relocatable 		.OSDFS	      402375	Global	Relocatable 	
	.PSCAN	      401515	Global	Relocatable 		.QSCAN	      401533	Global	Relocatable 	
	.QUOTE	        5060	Global	Relocatable 		.REEAT	      405256	Global	Relocatable 	
	.RUNCM	      401755	Global	Relocatable 		.SCANL	         633	Global	Absolute    Suppressed
	.SCANZ	        5016	Global	Relocatable Suppressed	.SENEG	      404726	Global	Relocatable 	
	.SIXMC	      405000	Global	Relocatable 		.SIXMW	      404777	Global	Relocatable 	
	.SIXQC	      404774	Global	Relocatable 		.SIXQW	      404773	Global	Relocatable 	
	.SIXSC	      404760	Global	Relocatable 		.SIXSW	      404757	Global	Relocatable 	
	.STOPN	      405714	Global	Relocatable 		.SWASQ	      404737	Global	Relocatable Suppressed
	.SWCOR	      402706	Global	Relocatable 		.SWDEC	      402702	Global	Relocatable 	
	.SWDON	      410424	Global	Relocatable Suppressed	.SWDPB	      403116	Global	Relocatable 	
	.SWDTF	      403624	Global	Relocatable Suppressed	.SWDTM	      403653	Global	Relocatable Suppressed
	.SWDTP	      403640	Global	Relocatable Suppressed	.SWFIL	      402710	Global	Relocatable 	
	.SWHLP	      403030	Global	Relocatable 		.SWMAX	      403103	Global	Relocatable 	
	.SWOCT	      402704	Global	Relocatable 		.SWSIX	      404757	Global	Relocatable Suppressed
	.SWSXM	      404777	Global	Relocatable Suppressed	.SWSXQ	      404773	Global	Relocatable Suppressed
	.TERRP	      406074	Global	Relocatable 		.TIALT	      405050	Global	Relocatable 	
	.TIAUC	      405036	Global	Relocatable 		.TICAN	      405023	Global	Relocatable 	
		LINK-10 symbol map of	P0	version 4(210)		page 5
.SCAN
	.TICHE	      405307	Global	Relocatable 		.TICHG	      405052	Global	Relocatable 	
	.TICHR	      405120	Global	Relocatable 		.TICHT	      405301	Global	Relocatable 	
	.TICQT	      405044	Global	Relocatable 		.TIGET	      405337	Global	Relocatable 	
	.TIMUC	      405037	Global	Relocatable 		.TISQT	      405047	Global	Relocatable 	
	.TSCAN	      401016	Global	Relocatable 		.VERSC	      404465	Global	Relocatable 	
	.VERSW	      404464	Global	Relocatable 		.VSCAN	      401255	Global	Relocatable 	

		*************

.VERBO	from DSK:SCAN.REL[10,7]	created on 20-Sep-74 at  0:00:00
	Low  segment starts at	  5651 ends at	  5652 length	     2 (octal),     2. (decimal)
	High segment starts at	407172 ends at	407262 length	    71 (octal),    57. (decimal)

	.ERMSA	      407173	Entry	Relocatable 		.ERMSG	      407172	Entry	Relocatable 	
	.FLCBF	        5652	Global	Relocatable 		.FLVRB	        5651	Global	Relocatable 	
	.VERBO	      407235	Entry	Relocatable 		.VRBOL	           2	Global	Absolute    Suppressed
	.VRBOZ	        5651	Global	Relocatable Suppressed

		*************

.TNEWL	from DSK:SCAN.REL[10,7]	created on 20-Sep-74 at  0:00:00

	.TNEWL	      407634	Global	Relocatable Suppressed

		*************

.TOUTS	from DSK:SCAN.REL[10,7]	created on 20-Sep-74 at  0:00:00
	Low  segment starts at	  5653 ends at	  5653 length	     1 (octal),     1. (decimal)
	High segment starts at	407263 ends at	410001 length	   517 (octal),   335. (decimal)

	GUIDL.	          12	Global	Absolute    Suppressed	GUIDM.	777777777766	Global	Absolute    Suppressed
	GUIDT.	      407543	Global	Relocatable 		.TASTR	      407721	Global	Relocatable 	
	.TBLOK	      407610	Global	Relocatable 		.TCHAR	      407732	Global	Relocatable 	
	.TCOLN	      407723	Global	Relocatable 		.TCOMA	      407725	Global	Relocatable 	
	.TCORW	      407614	Global	Relocatable 		.TCRLF	      407634	Global	Relocatable 	
	.TDATE	      407423	Global	Relocatable 		.TDATN	      407422	Global	Relocatable 	
	.TDEC2	      407456	Global	Relocatable 		.TDECW	      407671	Global	Relocatable 	
	.TDIRB	      407326	Global	Relocatable 		.TDTTM	      407413	Global	Relocatable 	
	.TFBLK	      407304	Global	Relocatable 		.TFCHR	      407465	Global	Relocatable 	
	.TMOHW	      407373	Global	Relocatable 		.TOCTW	      407670	Global	Relocatable 	
	.TOLEB	      407265	Global	Relocatable 		.TOUTL	           1	Global	Absolute    Suppressed
	.TOUTZ	        5653	Global	Relocatable Suppressed	.TPPNW	      407643	Global	Relocatable 	
	.TRBRK	      407651	Global	Relocatable 		.TRDXW	      407672	Global	Relocatable 	
	.TSIXN	      407653	Global	Relocatable 		.TSPAC	      407731	Global	Relocatable 	
	.TSTRG	      407711	Global	Relocatable 		.TTABC	      407727	Global	Relocatable 	
	.TTIME	      407441	Global	Relocatable 		.TTIMN	      407440	Global	Relocatable 	
	.TVERW	      407555	Global	Relocatable 		.TXWDW	      407662	Global	Relocatable 	
	.TXWWW	      407364	Global	Relocatable 		.TYOCH	      407263	Entry	Relocatable 	

		*************

		LINK-10 symbol map of	P0	version 4(210)		page 6


.STOPB	from DSK:SCAN.REL[10,7]	created on 20-Sep-74 at  0:00:00
	High segment starts at	410002 ends at	410135 length	   134 (octal),    92. (decimal)

	.STOPB	      410002	Entry	Relocatable 	

		*************

.CNTDT	from DSK:SCAN.REL[10,7]	created on 20-Sep-74 at  0:00:00
	High segment starts at	410136 ends at	410274 length	   137 (octal),    95. (decimal)

	.CNTDT	      410136	Entry	Relocatable 		.CNVDT	      410215	Entry	Relocatable 	
	.GTNOW	      410207	Entry	Relocatable 	

		*************

.GTPUT	from DSK:SCAN.REL[10,7]	created on 20-Sep-74 at  0:00:00
	High segment starts at	410275 ends at	410366 length	    72 (octal),    58. (decimal)

	.GTWRD	      410333	Entry	Relocatable 		.ISLGI	      410353	Entry	Relocatable 	
	.LKNAM	      410275	Entry	Relocatable 		.MKMSK	      410344	Entry	Relocatable 	
	.PTWRD	      410340	Entry	Relocatable 	

		*************

.SAVE	from DSK:SCAN.REL[10,7]	created on 20-Sep-74 at  0:00:00
	High segment starts at	410367 ends at	410443 length	    55 (octal),    45. (decimal)

	.POP4T	      410436	Entry	Relocatable 		.POPJ	      410425	Entry	Relocatable 	
	.POPJ1	      410424	Entry	Relocatable 		.PSH4T	      410427	Entry	Relocatable 	
	.SAVE1	      410367	Entry	Relocatable 		.SAVE2	      410374	Entry	Relocatable 	
	.SAVE3	      410402	Entry	Relocatable 		.SAVE4	      410411	Entry	Relocatable 	
	.SAVX4	      410417	Global	Relocatable 	

		*************

.WILD	from DSK:WILD.REL[10,7]	created on 25-Sep-74 at  0:00:00
	Low  segment starts at	  5654 ends at	  6262 length	   407 (octal),   263. (decimal)
	High segment starts at	410444 ends at	413770 length	  3325 (octal),  1749. (decimal)

	B.DC	        6260	Global	Relocatable 		E.DFL	      412463	Global	Relocatable 	
	E.DFO	      412441	Global	Relocatable 		E.LKEN	      412467	Global	Relocatable 	
	E.SCL	      412144	Global	Relocatable 		E.SCO	      412134	Global	Relocatable 	
	%%WILD	   700000311	Global	Absolute    Suppressed	.CHKTA	      411360	Global	Relocatable 	
	.CHKTM	      411354	Global	Relocatable 		.INSTR	      413034	Global	Relocatable 	
	.LKERR	      412576	Global	Relocatable 		.LKWLD	      410444	Entry	Relocatable 	
	.NXDTW	      412423	Global	Relocatable 		.NXSTR	      413163	Global	Relocatable 	
	.SCWLD	      411637	Entry	Relocatable 		.TFILB	      412664	Global	Relocatable 	
	.TFILE	      412667	Global	Relocatable 		.WIFIR	        5735	Global	Relocatable 	
	.WILAS	        5736	Global	Relocatable 		.WILDL	         407	Global	Absolute    Suppressed
	.WILDZ	        5654	Global	Relocatable Suppressed	.WLDBF	        6005	Global	Relocatable 	
	.WLDFL	        5725	Global	Relocatable 	

		*************
		LINK-10 symbol map of	P0	version 4(210)		page 7
.WILD

FTNCMD	from DSK:COMMAN.REL[31,1611]	created by MACRO on  7-Oct-84 at 15:37:00
	Low  segment starts at	  6263 ends at	  6614 length	   332 (octal),   218. (decimal)
	High segment starts at	413771 ends at	415013 length	  1023 (octal),   531. (decimal)

	CORERR	        6263	Global	Relocatable 		LIT	      414733	Global	Relocatable 	
	MRP0	      414103	Global	Relocatable 		NXTFIL	      414454	Entry	Relocatable 	

		*************

OWNDM	from DSK:OWNDM.REL[31,1611]	created by MACRO on  7-Oct-84 at 16:16:00
	Low  segment starts at	  6615 ends at	  7614 length	  1000 (octal),   512. (decimal)


		*************

INOU..	from DSK:INOUT.REL[31,1611]	created by BLISS on  6-Oct-84 at 18:39:00
	Low  segment starts at	  7615 ends at	  7645 length	    31 (octal),    25. (decimal)
	High segment starts at	415014 ends at	416277 length	  1264 (octal),   692. (decimal)

	INOU.0	      415014	Global	Relocatable 		INOUV	   200000042	Global	Absolute    	
	NUMODI	        7615	Global	Relocatable 		DIGITS	      415014	Global	Relocatable 	
	STRNG6	      415034	Global	Relocatable 		STRNG7	      415046	Global	Relocatable 	
	HEADCH	      415055	Global	Relocatable 		HEADIN	      415065	Global	Relocatable 	
	FATLER	      415146	Global	Relocatable 		WARNER	      415311	Global	Relocatable 	
	FATLEX	      415321	Global	Relocatable 		WARNLE	      415331	Global	Relocatable 	
	BLDMSG	      415341	Global	Relocatable 		ERROR	      415516	Global	Relocatable 	
	OUUOLS	      415747	Global	Relocatable 		OUTSTA	      415765	Global	Relocatable 	
	LINEOU	      416013	Global	Relocatable 		CHAROU	      416037	Global	Relocatable 	
	STRNGO	      416046	Global	Relocatable 		LSTOUT	      416065	Global	Relocatable 	
	OUUOBI	      416071	Global	Relocatable 		RELOUT	      416107	Global	Relocatable 	
	SOUTPU	      416113	Global	Relocatable 		CLOSUP	      416116	Global	Relocatable 	
	INOU.1	      416122	Global	Relocatable Suppressed	INOU.P	      416122	Global	Relocatable 	
	INOU.C	      416244	Global	Relocatable 		INOU.L	      416254	Global	Relocatable 	
	INOU.G	        7615	Global	Relocatable Suppressed	INOU.O	        7616	Global	Relocatable 	

		*************

UNEN..	from DSK:UNEND.REL[31,1611]	created by BLISS on  6-Oct-84 at 18:39:00
	Low  segment starts at	  7646 ends at	  7650 length	     3 (octal),     3. (decimal)
	High segment starts at	416300 ends at	416721 length	   422 (octal),   274. (decimal)

	UNEN.0	      416300	Global	Relocatable 		UNENV	   200000003	Global	Absolute    	
	ENDUNI	      416300	Global	Relocatable 		CREFIT	      416467	Global	Relocatable 	
	ZZOUTM	      416610	Global	Relocatable 		UNEN.1	      416641	Global	Relocatable Suppressed
	UNEN.P	      416641	Global	Relocatable 		UNEN.C	      416670	Global	Relocatable 	
	UNEN.L	      416704	Global	Relocatable 		UNEN.O	        7646	Global	Relocatable 	

		*************

		LINK-10 symbol map of	P0	version 4(210)		page 8


ERR3	from DSK:ERR3.REL[31,1611]	created on  6-Oct-84 at 18:38:00
	High segment starts at	416722 ends at	417022 length	   101 (octal),    65. (decimal)

	CGERR	      416725	Global	Relocatable 		SKERR	      416722	Global	Relocatable 	
	VEDIT	           1	Global	Absolute    Suppressed

		*************

ERRA..	from DSK:ERROVA.REL[31,1611]	created by BLISS on  6-Oct-84 at 18:39:00
	High segment starts at	417023 ends at	417024 length	     2 (octal),     2. (decimal)

	ERRA.0	      417023	Global	Relocatable 		WARMSG	           0	Global	Absolute    	
	BACKTY	           0	Global	Absolute    		LEXNAM	           0	Global	Absolute    	
	ERRMSG	           0	Global	Absolute    		WOPTMS	           0	Global	Absolute    	
	CORMAN	           0	Global	Absolute    		ERRA.1	      417025	Global	Relocatable Suppressed

		*************

PSEUDO	from DSK:JOBD.REL[31,1611]	created on  6-Oct-84 at 18:39:00

	Zero length module

		*************

.HELPR	from DSK:HELPER.REL[10,7]	created on 10-Dec-73 at  0:00:00
	High segment starts at	417025 ends at	417162 length	   136 (octal),    94. (decimal)

	HELPER	      417025	Entry	Relocatable 		%HELPR	   500000041	Global	Absolute    Suppressed
	.HELPR	      417026	Entry	Relocatable 	

		*************


	Index to LINK-10 symbol map of	P0	version 4(210)		page 9

	Name	Page	Name	Page	Name	Page	Name	Page

	ERR3	 8	MAIN..	 1	.CNTDT	 6	.STOPB	 6
	ERRA..	 8	OWNDM	 7	.GTPUT	 6	.TNEWL	 5
	FTNCMD	 7	PSEUDO	 8	.HELPR	 8	.TOUTS	 5
	GLOB..	 1	UNEN..	 7	.SAVE	 6	.VERBO	 5
	INOU..	 7	$SCNDC	 3	.SCAN	 4	.WILD	 6

	[End of LINK-10 map of	P0]
