		LINK-10 symbol map of	P1	version 4(210)		page 1
	Produced by LINK-10 version 2A(241) on  9-Oct-84 at 11:05:58

	Low  segment starts at	     0 ends at	  7114 length	  7115 = 4K
	High segment starts at	400000 ends at	450026 length	 50027 = 21K
	435 words free in Low segment, 1001 words free in high segment
	908 Global symbols loaded, therefore min. hash size is 1009
	Start address is 447671, located in program DRIV..

		*************

JOBDAT-INITIAL-SYMBOLS

	Zero length module

		*************

MAIN..	from DSK:MAIN.REL[31,1611]	created by BLISS on  6-Oct-74 at 18:37:00
	Low  segment starts at	   140 ends at	   470 length	   331 (octal),   217. (decimal)

	MAIN.0	         140	Global	Relocatable 		MAINV	     2000033	Global	Absolute    	
	FT1SEG	           0	Global	Absolute    		IOFLV	   200000007	Global	Absolute    	
	PHAZCO	         140	Global	Relocatable 		SIXBOU	         264	Global	Relocatable 	
	GETSG	         302	Global	Relocatable 		NXFILG	         356	Global	Relocatable 	
	CTCSTA	         370	Global	Relocatable 		MAIN.1	         376	Global	Relocatable Suppressed
	MAIN.P	         376	Global	Relocatable 		MAIN.C	         460	Global	Relocatable 	
	MAIN.L	         462	Global	Relocatable 		MAIN.O	         467	Global	Relocatable 	

		*************

GLOB..	from DSK:GLOBAL.REL[31,1611]	created by BLISS on  6-Oct-74 at 18:39:00
	Low  segment starts at	   471 ends at	  5015 length	  4325 (octal),  2261. (decimal)
	High segment starts at	400010 ends at	400576 length	   567 (octal),   375. (decimal)

	GLOB.0	      400010	Global	Relocatable 		.ENT.0	      400010	Global	Relocatable 	
	.ENT.1	      400013	Global	Relocatable 		.ENT.2	      400017	Global	Relocatable 	
	.ENT.3	      400024	Global	Relocatable 		.ENT.4	      400032	Global	Relocatable 	
	.EXT.4	      400041	Global	Relocatable 		.EXT.3	      400042	Global	Relocatable 	
	.EXT.2	      400043	Global	Relocatable 		.EXT.1	      400044	Global	Relocatable 	
	.EXT3)	      400045	Global	Relocatable 		GLOBV	   200000111	Global	Absolute    	
	FIRSV	   200000176	Global	Absolute    		TABLV	   200000230	Global	Absolute    	
	POOL	        1455	Global	Relocatable 		STK	        2605	Global	Relocatable 	
	CHNLTB	        3177	Global	Relocatable 		IBLOCK	        3247	Global	Relocatable 	
	TBLOCK	        3252	Global	Relocatable 		LBLOCK	        3262	Global	Relocatable 	
	GETSBL	        3266	Global	Relocatable 		FLGWRD	        3274	Global	Relocatable 	
	ISPEC	        3275	Global	Relocatable 		FSPEC	        3276	Global	Relocatable 	
	CCLSW	        3277	Global	Relocatable 		INDEX	        3300	Global	Relocatable 	
	PAGE	        3301	Global	Relocatable 		JOBFFS	        3302	Global	Relocatable 	
	SYMTBL	        3303	Global	Relocatable 		CONTBL	        3422	Global	Relocatable 	
	EXPTBL	        3467	Global	Relocatable 		LABTBL	        3606	Global	Relocatable 	
	LITTBL	        3653	Global	Relocatable 		NAMTBL	        3654	Global	Relocatable 	
	SRCTBL	        3675	Global	Relocatable 		DIMTBL	        3676	Global	Relocatable 	
	DATTBL	        3677	Global	Relocatable 		BASEPT	        3700	Global	Relocatable 	
	COMBLK	        3701	Global	Relocatable 		LITPOI	        3702	Global	Relocatable 	
	SYMPTR	        3703	Global	Relocatable 		SORCPT	        3704	Global	Relocatable 	
	LASTEX	        3705	Global	Relocatable 		LASTDI	        3706	Global	Relocatable 	
		LINK-10 symbol map of	P1	version 4(210)		page 2
GLOB..
	CONSPT	        3707	Global	Relocatable 		LABLPT	        3710	Global	Relocatable 	
	EQVPTR	        3711	Global	Relocatable 		FORMPT	        3712	Global	Relocatable 	
	NAMLPT	        3713	Global	Relocatable 		ASIPTR	        3714	Global	Relocatable 	
	TTOTAL	        3715	Global	Relocatable 		FREELI	        3716	Global	Relocatable 	
	SPACEF	        3730	Global	Relocatable 		SRCHON	        3731	Global	Relocatable 	
	ISN	        3732	Global	Relocatable 		IDOFST	        3733	Global	Relocatable 	
	LABLOF	        3734	Global	Relocatable 		DLOOPT	        3735	Global	Relocatable 	
	DONEST	        3736	Global	Relocatable 		CURDOI	        3737	Global	Relocatable 	
	LASDOL	        3740	Global	Relocatable 		LASLVL	        3741	Global	Relocatable 	
	DELETP	        3742	Global	Relocatable 		SYMTYP	        3743	Global	Relocatable 	
	NAME	        3744	Global	Relocatable 		TYPE	        3745	Global	Relocatable 	
	INCREM	        3746	Global	Relocatable 		DECEXP	        3747	Global	Relocatable 	
	ENTRY	        3750	Global	Relocatable 		REGSAV	        3755	Global	Relocatable 	
	SEGINC	        3775	Global	Relocatable 		LOWLOC	        3776	Global	Relocatable 	
	HILOC	        3777	Global	Relocatable 		RELOCW	        4000	Global	Relocatable 	
	MAINRL	        4001	Global	Relocatable 		LOCRLB	        4025	Global	Relocatable 	
	SYMRLB	        4051	Global	Relocatable 		RDATWD	        4075	Global	Relocatable 	
	BLANKC	        4076	Global	Relocatable 		ENDSCA	        4077	Global	Relocatable 	
	MULENT	        4100	Global	Relocatable 		FORMAR	        4101	Global	Relocatable 	
	COMSIZ	        4102	Global	Relocatable 		ONEPLI	        4103	Global	Relocatable 	
	SP	        4104	Global	Relocatable 		LEXL	        4105	Global	Relocatable 	
	LSAVE	        4106	Global	Relocatable 		FARRY	        4107	Global	Relocatable 	
	CODELI	        4110	Global	Relocatable 		STALAB	        4111	Global	Relocatable 	
	PROGNA	        4112	Global	Relocatable 		IDTYPE	        4113	Global	Relocatable 	
	ASTATF	        4114	Global	Relocatable 		ERRLIN	        4115	Global	Relocatable 	
	TMPCNT	        4116	Global	Relocatable 		BSAVE	        4122	Global	Relocatable 	
	FSAVE	        4123	Global	Relocatable 		VSAVE	        4124	Global	Relocatable 	
	TYPTAB	        4125	Global	Relocatable 		LIBFUN	      400057	Global	Relocatable 	
	ONEAFT	      400156	Global	Relocatable 		LIBATT	      400266	Global	Relocatable 	
	CLRWDS	      400464	Global	Relocatable 		TREEPT	        4157	Global	Relocatable 	
	CSTMNT	        4160	Global	Relocatable 		ZERBLK	        4161	Global	Relocatable 	
	A1NODE	        4162	Global	Relocatable 		A2NODE	        4163	Global	Relocatable 	
	A1LABE	        4164	Global	Relocatable 		A2LABE	        4165	Global	Relocatable 	
	A3LABE	        4166	Global	Relocatable 		OPDSPI	        4167	Global	Relocatable 	
	REGFOR	        4170	Global	Relocatable 		PC	        4171	Global	Relocatable 	
	PBOPWD	        4172	Global	Relocatable 		PSYMPT	        4173	Global	Relocatable 	
	IOLSPT	        4174	Global	Relocatable 		DATASP	        4175	Global	Relocatable 	
	RESNAM	        4176	Global	Relocatable 		NEGFLG	        4177	Global	Relocatable 	
	NOTFLG	        4200	Global	Relocatable 		TRUECE	        4201	Global	Relocatable 	
	FALSEC	        4202	Global	Relocatable 		CIOCAL	        4203	Global	Relocatable 	
	CIOCLA	        4204	Global	Relocatable 		INPFLA	        4205	Global	Relocatable 	
	USERFN	        4206	Global	Relocatable 		CLOBBR	        4207	Global	Relocatable 	
	DBLMOD	        4210	Global	Relocatable 		LSTLNK	        4211	Global	Relocatable 	
	FTEMP	        4212	Global	Relocatable 		FRSTLN	        4213	Global	Relocatable 	
	ANCHOR	        4214	Global	Relocatable 		VERYFR	        4215	Global	Relocatable 	
	PBFPTR	        4216	Global	Relocatable 		PBUFF	        4217	Global	Relocatable 	
	PEEPPT	        4447	Global	Relocatable 		ILABIX	        4450	Global	Relocatable 	
	GBSYRE	        4451	Global	Relocatable 		GBSYCT	        4452	Global	Relocatable 	
	STBSYR	        4453	Global	Relocatable 		STRGCT	        4454	Global	Relocatable 	
	BLOCKB	        4455	Global	Relocatable 		NOBBRE	        4456	Global	Relocatable 	
	PAIRMO	        4457	Global	Relocatable 		EHASH	        4460	Global	Relocatable 	
	BACKST	        4515	Global	Relocatable 		IOPTFL	        4516	Global	Relocatable 	
	DOSP	        4517	Global	Relocatable 		DOSTAK	        4520	Global	Relocatable 	
	EXITNO	        4560	Global	Relocatable 		RDCCT	        4561	Global	Relocatable 	
		LINK-10 symbol map of	P1	version 4(210)		page 3
GLOB..
	LPRDCC	        4562	Global	Relocatable 		RDCLNK	        4563	Global	Relocatable 	
	LOCLNK	        4564	Global	Relocatable 		ARGLIN	        4565	Global	Relocatable 	
	SPECCA	        4566	Global	Relocatable 		QQ	        4567	Global	Relocatable 	
	UNIQVA	        4570	Global	Relocatable 		ASSOCP	        4571	Global	Relocatable 	
	FNTMP	        4572	Global	Relocatable 		DOCNT	        4573	Global	Relocatable 	
	OPTLAB	        4574	Global	Relocatable 		GLOBRE	        4575	Global	Relocatable 	
	RGRAPH	        4615	Global	Relocatable 		FGRAPH	        4616	Global	Relocatable 	
	SSIZTC	        4617	Global	Relocatable 		INTLTC	        4620	Global	Relocatable 	
	LOOP	        4621	Global	Relocatable 		INDVAR	        4622	Global	Relocatable 	
	LEND	        4623	Global	Relocatable 		LENTRY	        4624	Global	Relocatable 	
	LOOPNO	        4625	Global	Relocatable 		CHOSEN	        4626	Global	Relocatable 	
	TOP	        4666	Global	Relocatable 		BOTTOM	        4667	Global	Relocatable 	
	TPREV	        4670	Global	Relocatable 		PREV	        4671	Global	Relocatable 	
	PHI	        4672	Global	Relocatable 		NAN	        4673	Global	Relocatable 	
	EHASHP	        4674	Global	Relocatable 		LOWLIM	        4675	Global	Relocatable 	
	CELMNT	        4676	Global	Relocatable 		EVALU	      400531	Global	Relocatable 	
	INNERL	        4677	Global	Relocatable 		DOWDP	        4700	Global	Relocatable 	
	CDONOD	        4701	Global	Relocatable 		ITMCT	        4702	Global	Relocatable 	
	MTOPFU	      400567	Global	Relocatable 		DWP	        4703	Global	Relocatable 	
	C1H	        4704	Global	Relocatable 		C1L	        4705	Global	Relocatable 	
	C2H	        4706	Global	Relocatable 		C2L	        4707	Global	Relocatable 	
	COPRIX	        4710	Global	Relocatable 		SAVACS	        4711	Global	Relocatable 	
	SAVE17	        4720	Global	Relocatable 		EOPSAV	        4721	Global	Relocatable 	
	NOCR	        4722	Global	Relocatable 		STPTR	        4723	Global	Relocatable 	
	STLPTR	        4724	Global	Relocatable 		STPOS	        4725	Global	Relocatable 	
	LASTLI	        4726	Global	Relocatable 		ERRFLA	        4727	Global	Relocatable 	
	MSGNOT	        4730	Global	Relocatable 		CLASPT	        4731	Global	Relocatable 	
	CLASLP	        4732	Global	Relocatable 		CONTPT	        4733	Global	Relocatable 	
	LEXLIN	        4734	Global	Relocatable 		NUMWAR	        4735	Global	Relocatable 	
	NUMFAT	        4736	Global	Relocatable 		WARNOP	        4737	Global	Relocatable 	
	STMNDE	        4740	Global	Relocatable 		PSTATE	        4741	Global	Relocatable 	
	BACKLI	        4742	Global	Relocatable 		LOOK4L	        4743	Global	Relocatable 	
	FNDFF	        4744	Global	Relocatable 		DIMSTK	        4745	Global	Relocatable 	
	LOOK4C	        4746	Global	Relocatable 		ENDOFI	           0	Global	Absolute    	
	GLOBEN	        4747	Global	Relocatable 		BGSTBF	        4750	Global	Relocatable 	
	SAVFLG	        4751	Global	Relocatable 		DEBGSW	        4752	Global	Relocatable 	
	BUGOUT	        4753	Global	Relocatable 		FLAGS2	        4754	Global	Relocatable 	
	CURPOO	        4755	Global	Relocatable 		CURPTR	        4756	Global	Relocatable 	
	CHARPO	        4757	Global	Relocatable 		LINEPT	        4760	Global	Relocatable 	
	SEQLAS	        4761	Global	Relocatable 		LINENO	        4762	Global	Relocatable 	
	PAGELI	        4764	Global	Relocatable 		LINELI	        4765	Global	Relocatable 	
	HEADST	        4766	Global	Relocatable 		BASENO	        5012	Global	Relocatable 	
	HEADPT	        5013	Global	Relocatable 		PAGEPT	        5014	Global	Relocatable 	
	GLOB.F	      400047	Global	Relocatable 		GLOB.1	      400056	Global	Relocatable Suppressed
	GLOB.P	      400056	Global	Relocatable 		GLOB.G	         471	Global	Relocatable Suppressed
	.BREG	        5015	Global	Relocatable 	

		*************

$SCNDC	from DSK:SCAN.REL[10,7]	created on 20-Sep-74 at 13:06:00

	Zero length module

		*************
		LINK-10 symbol map of	P1	version 4(210)		page 4
$SCNDC

.SCAN	from DSK:SCAN.REL[10,7]	created on 20-Sep-74 at 13:06:00
	Low  segment starts at	  5016 ends at	  5650 length	   633 (octal),   411. (decimal)

	F.NAM	        5432	Global	Relocatable 		N.CORE	        5103	Global	Relocatable 	
	N.EZER	        5102	Global	Relocatable Suppressed	N.OFFS	        5104	Global	Relocatable 	
	N.ZER	        5061	Global	Relocatable Suppressed	%%SCAN	   700000541	Global	Absolute    Suppressed
	.LASWD	        5615	Global	Relocatable 		.MYPPN	        5016	Global	Relocatable 	
	.NMUE	        5614	Global	Relocatable Suppressed	.NMUL	        5557	Global	Relocatable 	
	.QUOTE	        5060	Global	Relocatable 		.SCANL	         633	Global	Absolute    Suppressed
	.SCANZ	        5016	Global	Relocatable Suppressed

		*************

.VERBO	from DSK:SCAN.REL[10,7]	created on 20-Sep-74 at 13:06:00
	Low  segment starts at	  5651 ends at	  5652 length	     2 (octal),     2. (decimal)

	.FLCBF	        5652	Global	Relocatable 		.FLVRB	        5651	Global	Relocatable 	
	.VRBOL	           2	Global	Absolute    Suppressed	.VRBOZ	        5651	Global	Relocatable Suppressed

		*************

.TNEWL	from DSK:SCAN.REL[10,7]	created on 20-Sep-74 at 13:06:00

	Zero length module

		*************

.TOUTS	from DSK:SCAN.REL[10,7]	created on 20-Sep-74 at 13:06:00
	Low  segment starts at	  5653 ends at	  5653 length	     1 (octal),     1. (decimal)

	GUIDL.	          12	Global	Absolute    Suppressed	GUIDM.	777777777766	Global	Absolute    Suppressed
	.TOUTL	           1	Global	Absolute    Suppressed	.TOUTZ	        5653	Global	Relocatable Suppressed

		*************

.STOPB	from DSK:SCAN.REL[10,7]	created on 20-Sep-74 at 13:06:00

	Zero length module

		*************

.CNTDT	from DSK:SCAN.REL[10,7]	created on 20-Sep-74 at 13:06:00

	Zero length module

		*************

.GTPUT	from DSK:SCAN.REL[10,7]	created on 20-Sep-74 at 13:06:00

	Zero length module

		*************

		LINK-10 symbol map of	P1	version 4(210)		page 5


.SAVE	from DSK:SCAN.REL[10,7]	created on 20-Sep-74 at 13:06:00

	Zero length module

		*************

.WILD	from DSK:WILD.REL[10,7]	created on 25-Sep-74 at  9:04:00
	Low  segment starts at	  5654 ends at	  6262 length	   407 (octal),   263. (decimal)

	B.DC	        6260	Global	Relocatable 		%%WILD	   700000311	Global	Absolute    Suppressed
	.WIFIR	        5735	Global	Relocatable 		.WILAS	        5736	Global	Relocatable 	
	.WILDL	         407	Global	Absolute    Suppressed	.WILDZ	        5654	Global	Relocatable Suppressed
	.WLDBF	        6005	Global	Relocatable 		.WLDFL	        5725	Global	Relocatable 	

		*************

FTNCMD	from DSK:COMMAN.REL[31,1611]	created by MACRO on  7-Oct-74 at 15:37:00
	Low  segment starts at	  6263 ends at	  6614 length	   332 (octal),   218. (decimal)

	CORERR	        6263	Global	Relocatable 	

		*************

SERV..	from DSK:SRCA.REL[31,1611]	created by BLISS on  6-Oct-74 at 18:43:00
	Low  segment starts at	  6615 ends at	  6633 length	    17 (octal),    15. (decimal)
	High segment starts at	400577 ends at	401717 length	  1121 (octal),   593. (decimal)

	SERV.0	      400577	Global	Relocatable 		SRCAV	   200000060	Global	Absolute    	
	ADDLOO	      400577	Global	Relocatable 		TBLSEA	      400703	Global	Relocatable 	
	THASH	      400767	Global	Relocatable 		SRCHLI	      401021	Global	Relocatable 	
	NEWENT	      401105	Global	Relocatable 		TESTEN	      401400	Global	Relocatable 	
	SAVSPA	      401447	Global	Relocatable 		CORMAN	      401465	Global	Relocatable 	
	GENLAB	      401536	Global	Relocatable 		MAKEPR	      401545	Global	Relocatable 	
	MAKPR1	      401571	Global	Relocatable 		SERV.1	      401662	Global	Relocatable Suppressed
	SERV.P	      401662	Global	Relocatable 		SERV.C	      401674	Global	Relocatable 	
	SERV.L	      401700	Global	Relocatable 		SERV.O	        6615	Global	Relocatable 	

		*************

FLTGEN	from DSK:FLTGEN.REL[31,1611]	created on  6-Oct-74 at 18:43:00
	High segment starts at	401720 ends at	402323 length	   404 (octal),   260. (decimal)

	FCMML	      401720	Entry	Relocatable 		FLTGV	   200000002	Global	Absolute    	

		*************

VLTP..	from DSK:VLTPPR.REL[31,1611]	created by BLISS on  6-Oct-74 at 18:45:00
	Low  segment starts at	  6634 ends at	  6644 length	    11 (octal),     9. (decimal)
	High segment starts at	402324 ends at	403302 length	   757 (octal),   495. (decimal)

	VLTP.0	      402324	Global	Relocatable 		VLTPV	   201000054	Global	Absolute    	
	EXPRTY	      402324	Global	Relocatable 		ASGNTY	      402633	Global	Relocatable 	
	CNVNOD	      402760	Global	Relocatable 		TPCDMY	      403101	Global	Relocatable 	
		LINK-10 symbol map of	P1	version 4(210)		page 6
VLTP..
	VLTP.1	      403141	Global	Relocatable Suppressed	VLTP.P	      403141	Global	Relocatable 	
	VLTP.C	      403250	Global	Relocatable 		VLTP.L	      403256	Global	Relocatable 	
	VLTP.O	        6634	Global	Relocatable 	

		*************

ARRX..	from DSK:ARRXPN.REL[31,1611]	created by BLISS on  6-Oct-74 at 18:47:00
	Low  segment starts at	  6645 ends at	  6670 length	    24 (octal),    20. (decimal)
	High segment starts at	403303 ends at	404272 length	   770 (octal),   504. (decimal)

	ARRX.0	      403303	Global	Relocatable 		ARRXV	   201000063	Global	Absolute    	
	ARRXPN	      403303	Global	Relocatable 		PROARR	      403671	Global	Relocatable 	
	DATASU	      404041	Global	Relocatable 		LEGLDA	      404122	Global	Relocatable 	
	ONLST	      404202	Global	Relocatable 		ARRX.1	      404227	Global	Relocatable Suppressed
	ARRX.C	      404227	Global	Relocatable 		ARRX.L	      404231	Global	Relocatable 	
	ARRX.O	        6645	Global	Relocatable 	

		*************

DOXP..	from DSK:DOXPN.REL[31,1611]	created by BLISS on  6-Oct-74 at 18:49:00
	Low  segment starts at	  6671 ends at	  6724 length	    34 (octal),    28. (decimal)
	High segment starts at	404273 ends at	406400 length	  2106 (octal),  1094. (decimal)

	DOXP.0	      404273	Global	Relocatable 		DOXPV	   200000120	Global	Absolute    	
	DOXPN	      404273	Global	Relocatable 		SSIZTM	      405540	Global	Relocatable 	
	INITLT	      405575	Global	Relocatable 		IODOXP	      405632	Global	Relocatable 	
	ADJGEN	      405727	Global	Relocatable 		ALLONE	      406170	Global	Relocatable 	
	ADJCAL	      406220	Global	Relocatable 		DOXP.1	      406273	Global	Relocatable Suppressed
	DOXP.C	      406273	Global	Relocatable 		DOXP.L	      406311	Global	Relocatable 	
	DOXP.O	        6671	Global	Relocatable 	

		*************

CNSTCM	from DSK:CNSTCM.REL[31,1611]	created on  6-Oct-74 at 18:49:00
	High segment starts at	406401 ends at	407406 length	  1006 (octal),   518. (decimal)

	CNSTCM	      406401	Entry	Relocatable 		CNSTCV	   201000100	Global	Absolute    	
	KADPRN	      406555	Global	Relocatable 		KARIAB	      406434	Global	Relocatable 	
	KARIIB	      406414	Global	Relocatable 		KBOOLB	      406556	Global	Relocatable 	
	KDNEGB	      406562	Global	Relocatable 		KDPINT	      406530	Global	Relocatable 	
	KDPRL	      406554	Global	Relocatable 		KILDAB	      407126	Global	Relocatable 	
	KILFBA	      407110	Global	Relocatable 		KILFBR	      407117	Global	Relocatable 	
	KSPECB	      406705	Global	Relocatable 		KTYPCB	      406454	Global	Relocatable 	

		*************

DPSIM	from DSK:DPSIM.REL[31,1611]	created on  6-Oct-74 at 18:49:00
	High segment starts at	407407 ends at	410002 length	   374 (octal),   252. (decimal)

	DFA0	      407430	Global	Relocatable 		DFA4	      407414	Global	Relocatable 	
	DFAM0	      407427	Global	Relocatable 		DFAM4	      407413	Global	Relocatable 	
	DFD0	      407705	Global	Relocatable 		DFD4	      407707	Global	Relocatable 	
	DFDM0	      407704	Global	Relocatable 		DFDM4	      407706	Global	Relocatable 	
	DFM0	      407617	Global	Relocatable 		DFM4	      407621	Global	Relocatable 	
		LINK-10 symbol map of	P1	version 4(210)		page 7
DPSIM
	DFMM0	      407616	Global	Relocatable 		DFMM4	      407620	Global	Relocatable 	
	DFS0	      407420	Global	Relocatable 		DFS4	      407410	Global	Relocatable 	
	DFSM0	      407417	Global	Relocatable 		DFSM4	      407407	Global	Relocatable 	
	DPSIMV	     2000001	Global	Absolute    	

		*************

FAZ1..	from DSK:FAZ1.REL[31,1611]	created by BLISS on  6-Oct-74 at 18:51:00
	High segment starts at	410003 ends at	412350 length	  2346 (octal),  1254. (decimal)

	FAZ1.0	      410003	Global	Relocatable 		FAZ1V	   200000041	Global	Absolute    	
	LEXNV	   200000000	Global	Absolute    		LEXEME	      410003	Global	Relocatable 	
	COPYXL	      410127	Global	Relocatable 		COPYLI	      410214	Global	Relocatable 	
	SYNTAX	      410243	Global	Relocatable 		FAZ1.1	      410720	Global	Relocatable Suppressed
	FAZ1.P	      410720	Global	Relocatable 		FAZ1.C	      412330	Global	Relocatable 	
	FAZ1.L	      412343	Global	Relocatable 	

		*************

GNRC..	from DSK:GNRCFN.REL[31,1611]	created by BLISS on  6-Oct-74 at 18:53:00
	Low  segment starts at	  6725 ends at	  6733 length	     7 (octal),     7. (decimal)
	High segment starts at	412351 ends at	412676 length	   326 (octal),   214. (decimal)

	GNRC.0	      412351	Global	Relocatable 		GNRCV	     2000036	Global	Absolute    	
	DOTTED	      412556	Global	Relocatable 		MAKLIB	      412351	Global	Relocatable 	
	GNRC.1	      412555	Global	Relocatable Suppressed	GNRC.P	      412555	Global	Relocatable 	
	GNRC.C	      412654	Global	Relocatable 		GNRC.L	      412664	Global	Relocatable 	
	GNRC.O	        6725	Global	Relocatable 	

		*************

EXPR..	from DSK:EXPRES.REL[31,1611]	created by BLISS on  6-Oct-74 at 18:55:00
	High segment starts at	412677 ends at	414602 length	  1704 (octal),   964. (decimal)

	EXPR.0	      412677	Global	Relocatable 		EXPRV	   200000037	Global	Absolute    	
	ASHEV	   200000002	Global	Absolute    		EXPRES	      412677	Global	Relocatable 	
	LOGEXP	      412730	Global	Relocatable 		REFERE	      413241	Global	Relocatable 	
	PRIMIT	      413662	Global	Relocatable 		EXPR.1	      414463	Global	Relocatable Suppressed
	EXPR.P	      414463	Global	Relocatable 		EXPR.C	      414514	Global	Relocatable 	
	EXPR.L	      414527	Global	Relocatable 	

		*************

STA0..	from DSK:STA0.REL[31,1611]	created by BLISS on  6-Oct-74 at 19:03:00
	High segment starts at	414603 ends at	416061 length	  1257 (octal),   687. (decimal)

	STA0.0	      414603	Global	Relocatable 		STA0V	   200000055	Global	Absolute    	
	MULTIA	      414603	Global	Relocatable 		ASSIGN	      414655	Global	Relocatable 	
	ASSIST	      414671	Global	Relocatable 		GOTOST	      414753	Global	Relocatable 	
	CALLST	      415152	Global	Relocatable 		RETUST	      415343	Global	Relocatable 	
	CONTST	      415416	Global	Relocatable 		LITORO	      415437	Global	Relocatable 	
	STOPST	      415476	Global	Relocatable 		PAUSST	      415515	Global	Relocatable 	
	RWBLD	      415534	Global	Relocatable 		READST	      415720	Global	Relocatable 	
	ACCEST	      415726	Global	Relocatable 		PUNCST	      415745	Global	Relocatable 	
		LINK-10 symbol map of	P1	version 4(210)		page 8
STA0..
	WRITST	      415764	Global	Relocatable 		STA0.1	      415774	Global	Relocatable Suppressed
	STA0.P	      415774	Global	Relocatable 		STA0.C	      416007	Global	Relocatable 	
	STA0.L	      416022	Global	Relocatable 	

		*************

STA1..	from DSK:STA1.REL[31,1611]	created by BLISS on  6-Oct-74 at 19:05:00
	Low  segment starts at	  6734 ends at	  6734 length	     1 (octal),     1. (decimal)
	High segment starts at	416062 ends at	420214 length	  2133 (octal),  1115. (decimal)

	STA1.0	      416062	Global	Relocatable 		STA1V	   200000075	Global	Absolute    	
	BLDUTI	      416062	Global	Relocatable 		BLDIO1	      416142	Global	Relocatable 	
	PRINST	      416233	Global	Relocatable 		TYPEST	      416252	Global	Relocatable 	
	BLDEDC	      416270	Global	Relocatable 		ENCOST	      416405	Global	Relocatable 	
	DECOST	      416413	Global	Relocatable 		REREST	      416421	Global	Relocatable 	
	BKSPST	      416451	Global	Relocatable 		REWIST	      416501	Global	Relocatable 	
	ENDFST	      416505	Global	Relocatable 		FINDST	      416511	Global	Relocatable 	
	DATAGE	      416710	Global	Relocatable 		DATAST	      417161	Global	Relocatable 	
	STRNGS	      417266	Global	Relocatable 		OPENCL	      417356	Global	Relocatable 	
	OPENST	      417757	Global	Relocatable 		CLOSST	      417763	Global	Relocatable 	
	STA1.1	      417771	Global	Relocatable Suppressed	STA1.P	      417771	Global	Relocatable 	
	STA1.C	      420106	Global	Relocatable 		STA1.L	      420145	Global	Relocatable 	
	STA1.O	        6734	Global	Relocatable 	

		*************

STA2..	from DSK:STA2.REL[31,1611]	created by BLISS on  6-Oct-74 at 19:09:00
	Low  segment starts at	  6735 ends at	  6750 length	    14 (octal),    12. (decimal)
	High segment starts at	420215 ends at	422063 length	  1647 (octal),   935. (decimal)

	STA2.0	      420215	Global	Relocatable 		STA2V	     2000050	Global	Absolute    	
	ACTLDA	        6735	Global	Relocatable 		SVFLG2	        6736	Global	Relocatable 	
	FILSP	      420215	Global	Relocatable 		PPN	      420270	Global	Relocatable 	
	PPNUM	      420327	Global	Relocatable 		SCANFI	      420350	Global	Relocatable 	
	SWITCH	      420416	Global	Relocatable 		ICLPTR	        6737	Global	Relocatable 	
	SVINCL	        6740	Global	Relocatable 		INCLST	      420442	Global	Relocatable 	
	POSTIN	      420667	Global	Relocatable 		ASTER	      420725	Global	Relocatable 	
	TYPDEC	      421127	Global	Relocatable 		INTEST	      421205	Global	Relocatable 	
	REALST	      421211	Global	Relocatable 		LOGIST	      421215	Global	Relocatable 	
	DOUBST	      421221	Global	Relocatable 		COMPST	      421225	Global	Relocatable 	
	FUNCST	      421231	Global	Relocatable 		SUBRST	      421250	Global	Relocatable 	
	ENTRST	      421266	Global	Relocatable 		PROGST	      421365	Global	Relocatable 	
	PARAST	      421425	Global	Relocatable 		BLOCST	      421574	Global	Relocatable 	
	DIMEST	      421636	Global	Relocatable 		COMMST	      421652	Global	Relocatable 	
	STA2.1	      421767	Global	Relocatable Suppressed	STA2.P	      421767	Global	Relocatable 	
	STA2.C	      422001	Global	Relocatable 		STA2.L	      422031	Global	Relocatable 	
	STA2.G	        6735	Global	Relocatable Suppressed	STA2.O	        6750	Global	Relocatable 	

		*************

		LINK-10 symbol map of	P1	version 4(210)		page 9


STA3..	from DSK:STA3.REL[31,1611]	created by BLISS on  6-Oct-74 at 19:11:00
	High segment starts at	422064 ends at	424026 length	  1743 (octal),   995. (decimal)

	STA3.0	      422064	Global	Relocatable 		STA3V	   200000067	Global	Absolute    	
	EQUIST	      422316	Global	Relocatable 		EXTEST	      422454	Global	Relocatable 	
	DUMYID	      422550	Global	Relocatable 		IMPLST	      422611	Global	Relocatable 	
	NAMEST	      422646	Global	Relocatable 		SKIPST	      422755	Global	Relocatable 	
	UNLOST	      423005	Global	Relocatable 		DOLOOP	      423011	Global	Relocatable 	
	LOGICA	      423157	Global	Relocatable 		ARITHI	      423321	Global	Relocatable 	
	STATEF	      423546	Global	Relocatable 		STA3.1	      423722	Global	Relocatable Suppressed
	STA3.P	      423722	Global	Relocatable 		STA3.C	      423726	Global	Relocatable 	
	STA3.L	      423745	Global	Relocatable 	

		*************

FORM..	from DSK:FORMAT.REL[31,1611]	created by BLISS on  6-Oct-74 at 18:55:00
	Low  segment starts at	  6751 ends at	  6752 length	     2 (octal),     2. (decimal)
	High segment starts at	424027 ends at	425116 length	  1070 (octal),   568. (decimal)

	FORM.0	      424027	Global	Relocatable 		FORMV	   200000037	Global	Absolute    	
	FLEXNA	      424554	Global	Relocatable 		FMTLEX	      425031	Global	Relocatable 	
	FMTLET	      425031	Global	Relocatable 		FORMAT	      424027	Global	Relocatable 	
	FMTPTR	        6751	Global	Relocatable 		FMTEND	        6752	Global	Relocatable 	
	FORMST	      424334	Global	Relocatable 		FMTOVE	      424441	Global	Relocatable 	
	FORM.1	      424463	Global	Relocatable Suppressed	FORM.P	      424463	Global	Relocatable 	
	FORM.C	      425075	Global	Relocatable 		FORM.L	      425106	Global	Relocatable 	
	FORM.G	        6751	Global	Relocatable Suppressed

		*************

ACT0..	from DSK:ACT0.REL[31,1611]	created by BLISS on  6-Oct-74 at 18:57:00
	High segment starts at	425117 ends at	425774 length	   656 (octal),   430. (decimal)

	ACT0.0	      425117	Global	Relocatable 		ACT0V	   200000063	Global	Absolute    	
	ASTERT	      425117	Global	Relocatable 		PNAMSE	      425133	Global	Relocatable 	
	TMPGN	      425156	Global	Relocatable 		SUBLOC	      425177	Global	Relocatable 	
	FUNCTI	      425254	Global	Relocatable 		LABELS	      425266	Global	Relocatable 	
	NOLABE	      425272	Global	Relocatable 		TYPEID	      425275	Global	Relocatable 	
	IMPLIC	      425373	Global	Relocatable 		TOQUOT	      425472	Global	Relocatable 	
	RECORD	      425506	Global	Relocatable 		EXPRLI	      425620	Global	Relocatable 	
	ACT0.1	      425726	Global	Relocatable Suppressed	ACT0.P	      425726	Global	Relocatable 	
	ACT0.C	      425737	Global	Relocatable 		ACT0.L	      425762	Global	Relocatable 	

		*************

ACT1..	from DSK:ACT1.REL[31,1611]	created by BLISS on  6-Oct-74 at 19:01:00
	Low  segment starts at	  6753 ends at	  6754 length	     2 (octal),     2. (decimal)
	High segment starts at	425775 ends at	432217 length	  4223 (octal),  2195. (decimal)

	ACT1.0	      425775	Global	Relocatable 		ACT1V	   200000142	Global	Absolute    	
	NAMDEF	      425775	Global	Relocatable 		NAMSET	      426205	Global	Relocatable 	
	NAMREF	      426240	Global	Relocatable 		NAMCHK	      426255	Global	Relocatable 	
	FUNCGE	      426432	Global	Relocatable 		TYPEGE	      426741	Global	Relocatable 	
		LINK-10 symbol map of	P1	version 4(210)		page 10
ACT1..
	TMPGEN	      426776	Global	Relocatable 		BLDDIM	      427066	Global	Relocatable 	
	BLDARR	      430024	Global	Relocatable 		BLKSRC	      430353	Global	Relocatable 	
	SETUSE	        6753	Global	Relocatable 		BLDVAR	      430375	Global	Relocatable 	
	DATALI	      430477	Global	Relocatable 		NAMLST	        6754	Global	Relocatable 	
	BLDFOR	      431325	Global	Relocatable 		BLDUNI	      431457	Global	Relocatable 	
	ACT1.1	      431640	Global	Relocatable Suppressed	ACT1.P	      431640	Global	Relocatable 	
	ACT1.C	      432042	Global	Relocatable 		ACT1.L	      432121	Global	Relocatable 	
	ACT1.G	        6753	Global	Relocatable Suppressed

		*************

INOU..	from DSK:INOUT.REL[31,1611]	created by BLISS on  6-Oct-74 at 18:39:00
	Low  segment starts at	  6755 ends at	  7005 length	    31 (octal),    25. (decimal)
	High segment starts at	432220 ends at	433503 length	  1264 (octal),   692. (decimal)

	INOU.0	      432220	Global	Relocatable 		INOUV	   200000042	Global	Absolute    	
	NUMODI	        6755	Global	Relocatable 		DIGITS	      432220	Global	Relocatable 	
	STRNG6	      432240	Global	Relocatable 		STRNG7	      432252	Global	Relocatable 	
	HEADCH	      432261	Global	Relocatable 		HEADIN	      432271	Global	Relocatable 	
	FATLER	      432352	Global	Relocatable 		WARNER	      432515	Global	Relocatable 	
	FATLEX	      432525	Global	Relocatable 		WARNLE	      432535	Global	Relocatable 	
	BLDMSG	      432545	Global	Relocatable 		ERROR	      432722	Global	Relocatable 	
	OUUOLS	      433153	Global	Relocatable 		OUTSTA	      433171	Global	Relocatable 	
	LINEOU	      433217	Global	Relocatable 		CHAROU	      433243	Global	Relocatable 	
	STRNGO	      433252	Global	Relocatable 		LSTOUT	      433271	Global	Relocatable 	
	OUUOBI	      433275	Global	Relocatable 		RELOUT	      433313	Global	Relocatable 	
	SOUTPU	      433317	Global	Relocatable 		CLOSUP	      433322	Global	Relocatable 	
	INOU.1	      433326	Global	Relocatable Suppressed	INOU.P	      433326	Global	Relocatable 	
	INOU.C	      433450	Global	Relocatable 		INOU.L	      433460	Global	Relocatable 	
	INOU.G	        6755	Global	Relocatable Suppressed	INOU.O	        6756	Global	Relocatable 	

		*************

ERRO..	from DSK:ERROUT.REL[31,1611]	created by BLISS on  6-Oct-74 at 18:43:00
	High segment starts at	433504 ends at	435463 length	  1760 (octal),  1008. (decimal)

	ERRO.0	      433504	Global	Relocatable 		ERROV	   200000037	Global	Absolute    	
	E24	           0	Global	Absolute    		E28	           7	Global	Absolute    	
	E37	          20	Global	Absolute    		E57	          34	Global	Absolute    	
	E62	          55	Global	Absolute    		E64	          77	Global	Absolute    	
	E69	         107	Global	Absolute    		E76	         116	Global	Absolute    	
	E78	         127	Global	Absolute    		E79	         146	Global	Absolute    	
	E88	         156	Global	Absolute    		E98	         167	Global	Absolute    	
	E99	         204	Global	Absolute    		E100	         216	Global	Absolute    	
	E105	         230	Global	Absolute    		E107	         241	Global	Absolute    	
	E109	         250	Global	Absolute    		E111	         264	Global	Absolute    	
	E112	         273	Global	Absolute    		E129	         303	Global	Absolute    	
	E131	         314	Global	Absolute    		E133	         325	Global	Absolute    	
	E134	         342	Global	Absolute    		E135	         353	Global	Absolute    	
	WOPTMS	         365	Global	Absolute    		E77	         365	Global	Absolute    	
	WARMSG	         375	Global	Absolute    		E0	         375	Global	Absolute    	
	E2	         404	Global	Absolute    		E3	         414	Global	Absolute    	
	E4	         420	Global	Absolute    		E7	         426	Global	Absolute    	
	E8	         437	Global	Absolute    		E9	         450	Global	Absolute    	
		LINK-10 symbol map of	P1	version 4(210)		page 11
ERRO..
	E10	         456	Global	Absolute    		E12	         465	Global	Absolute    	
	E15	         474	Global	Absolute    		E17	         500	Global	Absolute    	
	E18	         510	Global	Absolute    		E19	         522	Global	Absolute    	
	E20	         531	Global	Absolute    		E21	         542	Global	Absolute    	
	E23	         553	Global	Absolute    		E26	         564	Global	Absolute    	
	E27	         577	Global	Absolute    		E29	         612	Global	Absolute    	
	E31	         623	Global	Absolute    		E33	         636	Global	Absolute    	
	E34	         650	Global	Absolute    		E38	         657	Global	Absolute    	
	E39	         670	Global	Absolute    		E42	         700	Global	Absolute    	
	E44	         711	Global	Absolute    		E47	         724	Global	Absolute    	
	E48	         734	Global	Absolute    		E49	         747	Global	Absolute    	
	E50	         760	Global	Absolute    		E51	         767	Global	Absolute    	
	E52	         777	Global	Absolute    		E53	        1011	Global	Absolute    	
	E54	        1024	Global	Absolute    		E55	        1036	Global	Absolute    	
	E60	        1046	Global	Absolute    		E61	        1056	Global	Absolute    	
	E66	        1065	Global	Absolute    		E67	        1077	Global	Absolute    	
	E70	        1110	Global	Absolute    		E71	        1120	Global	Absolute    	
	E72	        1131	Global	Absolute    		E74	        1140	Global	Absolute    	
	E75	        1152	Global	Absolute    		E80	        1164	Global	Absolute    	
	E81	        1177	Global	Absolute    		E82	        1212	Global	Absolute    	
	E83	        1225	Global	Absolute    		E84	        1242	Global	Absolute    	
	E87	        1253	Global	Absolute    		E90	        1263	Global	Absolute    	
	E91	        1274	Global	Absolute    		E93	        1312	Global	Absolute    	
	E94	        1326	Global	Absolute    		E95	        1336	Global	Absolute    	
	E96	        1347	Global	Absolute    		E101	        1357	Global	Absolute    	
	E103	        1365	Global	Absolute    		E104	        1373	Global	Absolute    	
	E108	        1402	Global	Absolute    		E110	        1414	Global	Absolute    	
	E113	        1424	Global	Absolute    		E114	        1442	Global	Absolute    	
	E115	        1454	Global	Absolute    		E116	        1466	Global	Absolute    	
	E117	        1475	Global	Absolute    		E118	        1501	Global	Absolute    	
	E119	        1507	Global	Absolute    		E120	        1514	Global	Absolute    	
	E121	        1525	Global	Absolute    		E122	        1542	Global	Absolute    	
	E123	        1550	Global	Absolute    		E124	        1565	Global	Absolute    	
	E125	        1576	Global	Absolute    		E126	        1615	Global	Absolute    	
	E127	        1634	Global	Absolute    		E128	        1660	Global	Absolute    	
	E130	        1676	Global	Absolute    		E132	        1715	Global	Absolute    	
	E136	        1724	Global	Absolute    		E137	        1737	Global	Absolute    	
	E138	        1752	Global	Absolute    		ERRMSG	      433507	Global	Relocatable 	
	ERRO.1	      433506	Global	Relocatable Suppressed	ERRO.P	      433506	Global	Relocatable 	

		*************

ERR3	from DSK:ERR3.REL[31,1611]	created on  6-Oct-74 at 18:38:00
	High segment starts at	435464 ends at	435564 length	   101 (octal),    65. (decimal)

	CGERR	      435467	Global	Relocatable 		SKERR	      435464	Global	Relocatable 	
	VEDIT	           1	Global	Absolute    Suppressed

		*************

		LINK-10 symbol map of	P1	version 4(210)		page 12


ERRB..	from DSK:ERROVB.REL[31,1611]	created by BLISS on  6-Oct-74 at 18:43:00
	High segment starts at	435565 ends at	435566 length	     2 (octal),     2. (decimal)

	ERRB.0	      435565	Global	Relocatable 		NXTFIL	           0	Global	Absolute    	
	ERRB.1	      435567	Global	Relocatable Suppressed

		*************

CODE..	from DSK:CODETA.REL[31,1611]	created by BLISS on  6-Oct-74 at 19:13:00
	High segment starts at	435567 ends at	436737 length	  1151 (octal),   617. (decimal)

	CODE.0	      435567	Global	Relocatable 		CODEV	   200000001	Global	Absolute    	
	CODETA	      435626	Global	Relocatable 		PST1ST	           0	Global	Absolute    	
	PSTIMP	           1	Global	Absolute    		PSTSPF	           3	Global	Absolute    	
	PSTEXE	           5	Global	Absolute    		PSTBKI	           6	Global	Absolute    	
	PSTEND	          12	Global	Absolute    		GIOCOD	          13	Global	Absolute    	
	GTYPCO	           6	Global	Absolute    		GFORMA	           3	Global	Absolute    	
	STMNST	      436032	Global	Relocatable 		GLEGAL	           0	Global	Absolute    	
	GILLEG	           1	Global	Absolute    		DELAYE	           2	Global	Absolute    	
	COMPLI	      436512	Global	Relocatable 		REALPL	      436470	Global	Relocatable 	
	FNPLIT	      436457	Global	Relocatable 		DSCINC	      436416	Global	Relocatable 	
	DOUBPL	      436407	Global	Relocatable 		DSCPAR	      436362	Global	Relocatable 	
	LOGIPL	      436344	Global	Relocatable 		INTGPL	      436341	Global	Relocatable 	
	ARPLIT	      436316	Global	Relocatable 		ARGPLI	      436314	Global	Relocatable 	
	DSCIFL	      436312	Global	Relocatable 		SFPLIT	      436306	Global	Relocatable 	
	DSCSTF	      436305	Global	Relocatable 		DSCEND	      436303	Global	Relocatable 	
	DSCDO	      436301	Global	Relocatable 		DSCSFA	      436273	Global	Relocatable 	
	DSCIFA	      436271	Global	Relocatable 		DSCASG	      436265	Global	Relocatable 	
	CLASHA	      435567	Global	Relocatable 		CODE.1	      435625	Global	Relocatable Suppressed
	CODE.P	      435625	Global	Relocatable 		CODE.L	      436737	Global	Relocatable 	

		*************

LEXS..	from DSK:LEXSUP.REL[31,1611]	created by BLISS on  6-Oct-74 at 19:13:00
	Low  segment starts at	  7006 ends at	  7007 length	     2 (octal),     2. (decimal)
	High segment starts at	436740 ends at	437676 length	   737 (octal),   479. (decimal)

	LEXS.0	      436740	Global	Relocatable 		LEXSV	   200000007	Global	Absolute    	
	GREAL	          24	Global	Absolute    		GLOGI	           0	Global	Absolute    	
	GINTEG	          20	Global	Absolute    		GDOUBL	          30	Global	Absolute    	
	GDUBOC	          10	Global	Absolute    		GOCTAL	           0	Global	Absolute    	
	GCONTA	      437350	Global	Relocatable 		GIDTAB	      437347	Global	Relocatable 	
	LEXNAM	      437447	Global	Relocatable 		FDOTOP	      437563	Global	Relocatable 	
	TDOTOP	      437556	Global	Relocatable 		LDOTOP	      437546	Global	Relocatable 	
	GDOTOP	      437536	Global	Relocatable 		EDOTOP	      437526	Global	Relocatable 	
	XDOTOP	      437521	Global	Relocatable 		ODOTOP	      437515	Global	Relocatable 	
	ADOTOP	      437510	Global	Relocatable 		NDOTOP	      437500	Global	Relocatable 	
	DOTOPT	      437571	Global	Relocatable 		BACKPR	      436740	Global	Relocatable 	
	SAVLIN	      437007	Global	Relocatable 		BAKSAV	      437040	Global	Relocatable 	
	BACKUP	      437052	Global	Relocatable 		LITDEF	      437071	Global	Relocatable 	
	ENDOFL	      437124	Global	Relocatable 		LABDEF	      437151	Global	Relocatable 	
	NONIOI	        7006	Global	Relocatable 		LABREF	      437250	Global	Relocatable 	
	LEXS.1	      437346	Global	Relocatable Suppressed	LEXS.P	      437346	Global	Relocatable 	
		LINK-10 symbol map of	P1	version 4(210)		page 13
LEXS..
	LEXS.C	      437660	Global	Relocatable 		LEXS.L	      437666	Global	Relocatable 	
	LEXS.G	        7006	Global	Relocatable Suppressed	LEXS.O	        7007	Global	Relocatable 	

		*************

LEXA..	from DSK:LEXICA.REL[31,1611]	created by BLISS on  9-Oct-74 at 11:01:00
	Low  segment starts at	  7010 ends at	  7050 length	    41 (octal),    33. (decimal)
	High segment starts at	437677 ends at	444152 length	  4254 (octal),  2220. (decimal)

	LEXA.0	      437677	Global	Relocatable 		LEXIV	   200000015	Global	Absolute    	
	CLASLI	        7010	Global	Relocatable 		CLASPO	        7011	Global	Relocatable 	
	HIAC	        7012	Global	Relocatable 		LOAC	        7013	Global	Relocatable 	
	STPACK	           4	Global	Absolute    		STBITS	          11	Global	Absolute    	
	LASTBI	          23	Global	Absolute    		LASTSM	          52	Global	Absolute    	
	SMALST	      443274	Global	Relocatable 		BIGSTA	      443501	Global	Relocatable 	
	GSTIFC	      443757	Global	Relocatable 		GSTFMT	      443756	Global	Relocatable 	
	GSTOPO	      443755	Global	Relocatable 		GSTSSC	      443754	Global	Relocatable 	
	GSTCSC	      443753	Global	Relocatable 		GSTEOP	      443752	Global	Relocatable 	
	GSTNOE	      443751	Global	Relocatable 		GSTLEX	      443750	Global	Relocatable 	
	GSTSTM	      443747	Global	Relocatable 		LEXINI	      440057	Global	Relocatable 	
	LEXICA	      440115	Global	Relocatable 		LEXA.1	      443273	Global	Relocatable Suppressed
	LEXA.P	      443273	Global	Relocatable 		LEXA.C	      444005	Global	Relocatable 	
	LEXA.L	      444126	Global	Relocatable 		LEXA.G	        7010	Global	Relocatable Suppressed
	LEXA.O	        7014	Global	Relocatable 	

		*************

LIST..	from DSK:LISTNG.REL[31,1611]	created by BLISS on  6-Oct-74 at 19:11:00
	Low  segment starts at	  7051 ends at	  7111 length	    41 (octal),    33. (decimal)
	High segment starts at	444153 ends at	446305 length	  2133 (octal),  1115. (decimal)

	LIST.0	      444153	Global	Relocatable 		LISTV	   200000010	Global	Absolute    	
	DECREM	      444153	Global	Relocatable 		LINESE	      444174	Global	Relocatable 	
	PAGEHE	      444243	Global	Relocatable 		INSTAT	      444564	Global	Relocatable 	
	CHK4MO	      444736	Global	Relocatable 		SINPUT	      444740	Global	Relocatable 	
	READTX	      444743	Global	Relocatable 		GETBUF	      444745	Global	Relocatable 	
	OVREST	      444773	Global	Relocatable 		EOPSVP	      444775	Global	Relocatable 	
	FFBUFS	        7051	Global	Relocatable 		EOPRES	      445154	Global	Relocatable 	
	OVERFL	      445353	Global	Relocatable 		SHIFTP	      445404	Global	Relocatable 	
	DECODE	      445465	Global	Relocatable 		ERLSTR	      445511	Global	Relocatable 	
	PRINT	      445554	Global	Relocatable 		BACKTY	      445713	Global	Relocatable 	
	LIST.1	      446147	Global	Relocatable Suppressed	LIST.P	      446147	Global	Relocatable 	
	LIST.C	      446213	Global	Relocatable 		LIST.L	      446237	Global	Relocatable 	
	LIST.G	        7051	Global	Relocatable Suppressed	LIST.O	        7052	Global	Relocatable 	

		*************

UNEN..	from DSK:UNEND.REL[31,1611]	created by BLISS on  6-Oct-74 at 18:39:00
	Low  segment starts at	  7112 ends at	  7114 length	     3 (octal),     3. (decimal)
	High segment starts at	446306 ends at	446727 length	   422 (octal),   274. (decimal)

	UNEN.0	      446306	Global	Relocatable 		UNENV	   200000003	Global	Absolute    	
	ENDUNI	      446306	Global	Relocatable 		CREFIT	      446475	Global	Relocatable 	
	ZZOUTM	      446616	Global	Relocatable 		UNEN.1	      446647	Global	Relocatable Suppressed
		LINK-10 symbol map of	P1	version 4(210)		page 14
UNEN..
	UNEN.P	      446647	Global	Relocatable 		UNEN.C	      446676	Global	Relocatable 	
	UNEN.L	      446712	Global	Relocatable 		UNEN.O	        7112	Global	Relocatable 	

		*************

DRIV..	from DSK:DRIVER.REL[31,1611]	created by BLISS on  6-Oct-74 at 19:21:00
	High segment starts at	446730 ends at	450026 length	  1077 (octal),   575. (decimal)

	DRIV.0	      446730	Global	Relocatable 		DRIVV	   200000015	Global	Absolute    	
	ENDSTA	      446730	Global	Relocatable 		CKAJDI	      447013	Global	Relocatable 	
	LABLCH	      447066	Global	Relocatable 		UNDOLA	      447152	Global	Relocatable 	
	DOCHEC	      447216	Global	Relocatable 		CKDOIN	      447255	Global	Relocatable 	
	GLOBIN	      447274	Global	Relocatable 		MRP1	      447360	Global	Relocatable 	
	DRIV.F	      447671	Global	Relocatable 		DRIV.1	      447675	Global	Relocatable Suppressed
	DRIV.P	      447675	Global	Relocatable 		DRIV.C	      447747	Global	Relocatable 	
	DRIV.L	      447777	Global	Relocatable 	

		*************

PSEUDO	from DSK:JOBD.REL[31,1611]	created on  6-Oct-74 at 18:39:00

	Zero length module

		*************


		LINK-10 symbol map of	P1	version 4(210)		page 15

5 undefined global symbols

.TNEWL	0
.POPJ1	0
.SWDON	0
.TCRLF	0
GUIDT.	0

		*************

	Index to LINK-10 symbol map of	P1	version 4(210)		page 16

	Name	Page	Name	Page	Name	Page	Name	Page

	ACT0..	 9	EXPR..	 7	LIST..	13	$SCNDC	 3
	ACT1..	 9	FAZ1..	 7	MAIN..	 1	.CNTDT	 4
	ARRX..	 6	FLTGEN	 5	PSEUDO	14	.GTPUT	 4
	CNSTCM	 6	FORM..	 9	SERV..	 5	.SAVE	 5
	CODE..	12	FTNCMD	 5	STA0..	 7	.SCAN	 4
	DOXP..	 6	GLOB..	 1	STA1..	 8	.STOPB	 4
	DPSIM	 6	GNRC..	 7	STA2..	 8	.TNEWL	 4
	DRIV..	14	INOU..	10	STA3..	 9	.TOUTS	 4
	ERR3	11	LEXA..	13	UNEN..	13	.VERBO	 4
	ERRB..	12	LEXS..	12	VLTP..	 5	.WILD	 5
	ERRO..	10

	[End of LINK-10 map of	P1]
