		LINK-10 symbol map of	P3	version 4(210)		page 1
	Produced by LINK-10 version 2A(241) on  8-Oct-84 at 17:05:29

	Low  segment starts at	     0 ends at	  7015 length	  7016 = 4K
	High segment starts at	400000 ends at	440122 length	 40123 = 17K
	498 words free in Low segment, 941 words free in high segment
	768 Global symbols loaded, therefore min. hash size is 854
	Start address is 440064, located in program PHA3..

		*************

JOBDAT-INITIAL-SYMBOLS

	Zero length module

		*************

MAIN..	from DSK:MAIN.REL[31,1611]	created by BLISS on  6-Oct-84 at 18:37:00
	Low  segment starts at	   140 ends at	   470 length	   331 (octal),   217. (decimal)

	MAIN.0	         140	Global	Relocatable 		MAINV	     2000033	Global	Absolute    	
	FT1SEG	           0	Global	Absolute    		IOFLV	   200000007	Global	Absolute    	
	PHAZCO	         140	Global	Relocatable 		SIXBOU	         264	Global	Relocatable 	
	GETSG	         302	Global	Relocatable 		NXFILG	         356	Global	Relocatable 	
	CTCSTA	         370	Global	Relocatable 		MAIN.1	         376	Global	Relocatable Suppressed
	MAIN.P	         376	Global	Relocatable 		MAIN.C	         460	Global	Relocatable 	
	MAIN.L	         462	Global	Relocatable 		MAIN.O	         467	Global	Relocatable 	

		*************

GLOB..	from DSK:GLOBAL.REL[31,1611]	created by BLISS on  6-Oct-84 at 18:39:00
	Low  segment starts at	   471 ends at	  5015 length	  4325 (octal),  2261. (decimal)
	High segment starts at	400010 ends at	400576 length	   567 (octal),   375. (decimal)

	GLOB.0	      400010	Global	Relocatable 		.ENT.0	      400010	Global	Relocatable 	
	.ENT.1	      400013	Global	Relocatable 		.ENT.2	      400017	Global	Relocatable 	
	.ENT.3	      400024	Global	Relocatable 		.ENT.4	      400032	Global	Relocatable 	
	.EXT.4	      400041	Global	Relocatable 		.EXT.3	      400042	Global	Relocatable 	
	.EXT.2	      400043	Global	Relocatable 		.EXT.1	      400044	Global	Relocatable 	
	.EXT3)	      400045	Global	Relocatable 		GLOBV	   200000111	Global	Absolute    	
	FIRSV	   200000176	Global	Absolute    		TABLV	   200000230	Global	Absolute    	
	POOL	        1455	Global	Relocatable 		STK	        2605	Global	Relocatable 	
	CHNLTB	        3177	Global	Relocatable 		IBLOCK	        3247	Global	Relocatable 	
	TBLOCK	        3252	Global	Relocatable 		LBLOCK	        3262	Global	Relocatable 	
	GETSBL	        3266	Global	Relocatable 		FLGWRD	        3274	Global	Relocatable 	
	ISPEC	        3275	Global	Relocatable 		FSPEC	        3276	Global	Relocatable 	
	CCLSW	        3277	Global	Relocatable 		INDEX	        3300	Global	Relocatable 	
	PAGE	        3301	Global	Relocatable 		JOBFFS	        3302	Global	Relocatable 	
	SYMTBL	        3303	Global	Relocatable 		CONTBL	        3422	Global	Relocatable 	
	EXPTBL	        3467	Global	Relocatable 		LABTBL	        3606	Global	Relocatable 	
	LITTBL	        3653	Global	Relocatable 		NAMTBL	        3654	Global	Relocatable 	
	SRCTBL	        3675	Global	Relocatable 		DIMTBL	        3676	Global	Relocatable 	
	DATTBL	        3677	Global	Relocatable 		BASEPT	        3700	Global	Relocatable 	
	COMBLK	        3701	Global	Relocatable 		LITPOI	        3702	Global	Relocatable 	
	SYMPTR	        3703	Global	Relocatable 		SORCPT	        3704	Global	Relocatable 	
	LASTEX	        3705	Global	Relocatable 		LASTDI	        3706	Global	Relocatable 	
		LINK-10 symbol map of	P3	version 4(210)		page 2
GLOB..
	CONSPT	        3707	Global	Relocatable 		LABLPT	        3710	Global	Relocatable 	
	EQVPTR	        3711	Global	Relocatable 		FORMPT	        3712	Global	Relocatable 	
	NAMLPT	        3713	Global	Relocatable 		ASIPTR	        3714	Global	Relocatable 	
	TTOTAL	        3715	Global	Relocatable 		FREELI	        3716	Global	Relocatable 	
	SPACEF	        3730	Global	Relocatable 		SRCHON	        3731	Global	Relocatable 	
	ISN	        3732	Global	Relocatable 		IDOFST	        3733	Global	Relocatable 	
	LABLOF	        3734	Global	Relocatable 		DLOOPT	        3735	Global	Relocatable 	
	DONEST	        3736	Global	Relocatable 		CURDOI	        3737	Global	Relocatable 	
	LASDOL	        3740	Global	Relocatable 		LASLVL	        3741	Global	Relocatable 	
	DELETP	        3742	Global	Relocatable 		SYMTYP	        3743	Global	Relocatable 	
	NAME	        3744	Global	Relocatable 		TYPE	        3745	Global	Relocatable 	
	INCREM	        3746	Global	Relocatable 		DECEXP	        3747	Global	Relocatable 	
	ENTRY	        3750	Global	Relocatable 		REGSAV	        3755	Global	Relocatable 	
	SEGINC	        3775	Global	Relocatable 		LOWLOC	        3776	Global	Relocatable 	
	HILOC	        3777	Global	Relocatable 		RELOCW	        4000	Global	Relocatable 	
	MAINRL	        4001	Global	Relocatable 		LOCRLB	        4025	Global	Relocatable 	
	SYMRLB	        4051	Global	Relocatable 		RDATWD	        4075	Global	Relocatable 	
	BLANKC	        4076	Global	Relocatable 		ENDSCA	        4077	Global	Relocatable 	
	MULENT	        4100	Global	Relocatable 		FORMAR	        4101	Global	Relocatable 	
	COMSIZ	        4102	Global	Relocatable 		ONEPLI	        4103	Global	Relocatable 	
	SP	        4104	Global	Relocatable 		LEXL	        4105	Global	Relocatable 	
	LSAVE	        4106	Global	Relocatable 		FARRY	        4107	Global	Relocatable 	
	CODELI	        4110	Global	Relocatable 		STALAB	        4111	Global	Relocatable 	
	PROGNA	        4112	Global	Relocatable 		IDTYPE	        4113	Global	Relocatable 	
	ASTATF	        4114	Global	Relocatable 		ERRLIN	        4115	Global	Relocatable 	
	TMPCNT	        4116	Global	Relocatable 		BSAVE	        4122	Global	Relocatable 	
	FSAVE	        4123	Global	Relocatable 		VSAVE	        4124	Global	Relocatable 	
	TYPTAB	        4125	Global	Relocatable 		LIBFUN	      400057	Global	Relocatable 	
	ONEAFT	      400156	Global	Relocatable 		LIBATT	      400266	Global	Relocatable 	
	CLRWDS	      400464	Global	Relocatable 		TREEPT	        4157	Global	Relocatable 	
	CSTMNT	        4160	Global	Relocatable 		ZERBLK	        4161	Global	Relocatable 	
	A1NODE	        4162	Global	Relocatable 		A2NODE	        4163	Global	Relocatable 	
	A1LABE	        4164	Global	Relocatable 		A2LABE	        4165	Global	Relocatable 	
	A3LABE	        4166	Global	Relocatable 		OPDSPI	        4167	Global	Relocatable 	
	REGFOR	        4170	Global	Relocatable 		PC	        4171	Global	Relocatable 	
	PBOPWD	        4172	Global	Relocatable 		PSYMPT	        4173	Global	Relocatable 	
	IOLSPT	        4174	Global	Relocatable 		DATASP	        4175	Global	Relocatable 	
	RESNAM	        4176	Global	Relocatable 		NEGFLG	        4177	Global	Relocatable 	
	NOTFLG	        4200	Global	Relocatable 		TRUECE	        4201	Global	Relocatable 	
	FALSEC	        4202	Global	Relocatable 		CIOCAL	        4203	Global	Relocatable 	
	CIOCLA	        4204	Global	Relocatable 		INPFLA	        4205	Global	Relocatable 	
	USERFN	        4206	Global	Relocatable 		CLOBBR	        4207	Global	Relocatable 	
	DBLMOD	        4210	Global	Relocatable 		LSTLNK	        4211	Global	Relocatable 	
	FTEMP	        4212	Global	Relocatable 		FRSTLN	        4213	Global	Relocatable 	
	ANCHOR	        4214	Global	Relocatable 		VERYFR	        4215	Global	Relocatable 	
	PBFPTR	        4216	Global	Relocatable 		PBUFF	        4217	Global	Relocatable 	
	PEEPPT	        4447	Global	Relocatable 		ILABIX	        4450	Global	Relocatable 	
	GBSYRE	        4451	Global	Relocatable 		GBSYCT	        4452	Global	Relocatable 	
	STBSYR	        4453	Global	Relocatable 		STRGCT	        4454	Global	Relocatable 	
	BLOCKB	        4455	Global	Relocatable 		NOBBRE	        4456	Global	Relocatable 	
	PAIRMO	        4457	Global	Relocatable 		EHASH	        4460	Global	Relocatable 	
	BACKST	        4515	Global	Relocatable 		IOPTFL	        4516	Global	Relocatable 	
	DOSP	        4517	Global	Relocatable 		DOSTAK	        4520	Global	Relocatable 	
	EXITNO	        4560	Global	Relocatable 		RDCCT	        4561	Global	Relocatable 	
		LINK-10 symbol map of	P3	version 4(210)		page 3
GLOB..
	LPRDCC	        4562	Global	Relocatable 		RDCLNK	        4563	Global	Relocatable 	
	LOCLNK	        4564	Global	Relocatable 		ARGLIN	        4565	Global	Relocatable 	
	SPECCA	        4566	Global	Relocatable 		QQ	        4567	Global	Relocatable 	
	UNIQVA	        4570	Global	Relocatable 		ASSOCP	        4571	Global	Relocatable 	
	FNTMP	        4572	Global	Relocatable 		DOCNT	        4573	Global	Relocatable 	
	OPTLAB	        4574	Global	Relocatable 		GLOBRE	        4575	Global	Relocatable 	
	RGRAPH	        4615	Global	Relocatable 		FGRAPH	        4616	Global	Relocatable 	
	SSIZTC	        4617	Global	Relocatable 		INTLTC	        4620	Global	Relocatable 	
	LOOP	        4621	Global	Relocatable 		INDVAR	        4622	Global	Relocatable 	
	LEND	        4623	Global	Relocatable 		LENTRY	        4624	Global	Relocatable 	
	LOOPNO	        4625	Global	Relocatable 		CHOSEN	        4626	Global	Relocatable 	
	TOP	        4666	Global	Relocatable 		BOTTOM	        4667	Global	Relocatable 	
	TPREV	        4670	Global	Relocatable 		PREV	        4671	Global	Relocatable 	
	PHI	        4672	Global	Relocatable 		NAN	        4673	Global	Relocatable 	
	EHASHP	        4674	Global	Relocatable 		LOWLIM	        4675	Global	Relocatable 	
	CELMNT	        4676	Global	Relocatable 		EVALU	      400531	Global	Relocatable 	
	INNERL	        4677	Global	Relocatable 		DOWDP	        4700	Global	Relocatable 	
	CDONOD	        4701	Global	Relocatable 		ITMCT	        4702	Global	Relocatable 	
	MTOPFU	      400567	Global	Relocatable 		DWP	        4703	Global	Relocatable 	
	C1H	        4704	Global	Relocatable 		C1L	        4705	Global	Relocatable 	
	C2H	        4706	Global	Relocatable 		C2L	        4707	Global	Relocatable 	
	COPRIX	        4710	Global	Relocatable 		SAVACS	        4711	Global	Relocatable 	
	SAVE17	        4720	Global	Relocatable 		EOPSAV	        4721	Global	Relocatable 	
	NOCR	        4722	Global	Relocatable 		STPTR	        4723	Global	Relocatable 	
	STLPTR	        4724	Global	Relocatable 		STPOS	        4725	Global	Relocatable 	
	LASTLI	        4726	Global	Relocatable 		ERRFLA	        4727	Global	Relocatable 	
	MSGNOT	        4730	Global	Relocatable 		CLASPT	        4731	Global	Relocatable 	
	CLASLP	        4732	Global	Relocatable 		CONTPT	        4733	Global	Relocatable 	
	LEXLIN	        4734	Global	Relocatable 		NUMWAR	        4735	Global	Relocatable 	
	NUMFAT	        4736	Global	Relocatable 		WARNOP	        4737	Global	Relocatable 	
	STMNDE	        4740	Global	Relocatable 		PSTATE	        4741	Global	Relocatable 	
	BACKLI	        4742	Global	Relocatable 		LOOK4L	        4743	Global	Relocatable 	
	FNDFF	        4744	Global	Relocatable 		DIMSTK	        4745	Global	Relocatable 	
	LOOK4C	        4746	Global	Relocatable 		ENDOFI	           0	Global	Absolute    	
	GLOBEN	        4747	Global	Relocatable 		BGSTBF	        4750	Global	Relocatable 	
	SAVFLG	        4751	Global	Relocatable 		DEBGSW	        4752	Global	Relocatable 	
	BUGOUT	        4753	Global	Relocatable 		FLAGS2	        4754	Global	Relocatable 	
	CURPOO	        4755	Global	Relocatable 		CURPTR	        4756	Global	Relocatable 	
	CHARPO	        4757	Global	Relocatable 		LINEPT	        4760	Global	Relocatable 	
	SEQLAS	        4761	Global	Relocatable 		LINENO	        4762	Global	Relocatable 	
	PAGELI	        4764	Global	Relocatable 		LINELI	        4765	Global	Relocatable 	
	HEADST	        4766	Global	Relocatable 		BASENO	        5012	Global	Relocatable 	
	HEADPT	        5013	Global	Relocatable 		PAGEPT	        5014	Global	Relocatable 	
	GLOB.F	      400047	Global	Relocatable 		GLOB.1	      400056	Global	Relocatable Suppressed
	GLOB.P	      400056	Global	Relocatable 		GLOB.G	         471	Global	Relocatable Suppressed
	.BREG	        5015	Global	Relocatable 	

		*************

$SCNDC	from DSK:SCAN.REL[10,7]	created on 20-Sep-74 at  0:00:00

	Zero length module

		*************
		LINK-10 symbol map of	P3	version 4(210)		page 4
$SCNDC

.SCAN	from DSK:SCAN.REL[10,7]	created on 20-Sep-74 at  0:00:00
	Low  segment starts at	  5016 ends at	  5650 length	   633 (octal),   411. (decimal)

	F.NAM	        5432	Global	Relocatable 		N.CORE	        5103	Global	Relocatable 	
	N.EZER	        5102	Global	Relocatable Suppressed	N.OFFS	        5104	Global	Relocatable 	
	N.ZER	        5061	Global	Relocatable Suppressed	%%SCAN	   700000541	Global	Absolute    Suppressed
	.LASWD	        5615	Global	Relocatable 		.MYPPN	        5016	Global	Relocatable 	
	.NMUE	        5614	Global	Relocatable Suppressed	.NMUL	        5557	Global	Relocatable 	
	.QUOTE	        5060	Global	Relocatable 		.SCANL	         633	Global	Absolute    Suppressed
	.SCANZ	        5016	Global	Relocatable Suppressed

		*************

.VERBO	from DSK:SCAN.REL[10,7]	created on 20-Sep-74 at  0:00:00
	Low  segment starts at	  5651 ends at	  5652 length	     2 (octal),     2. (decimal)

	.FLCBF	        5652	Global	Relocatable 		.FLVRB	        5651	Global	Relocatable 	
	.VRBOL	           2	Global	Absolute    Suppressed	.VRBOZ	        5651	Global	Relocatable Suppressed

		*************

.TNEWL	from DSK:SCAN.REL[10,7]	created on 20-Sep-74 at  0:00:00

	Zero length module

		*************

.TOUTS	from DSK:SCAN.REL[10,7]	created on 20-Sep-74 at  0:00:00
	Low  segment starts at	  5653 ends at	  5653 length	     1 (octal),     1. (decimal)

	GUIDL.	          12	Global	Absolute    Suppressed	GUIDM.	777777777766	Global	Absolute    Suppressed
	.TOUTL	           1	Global	Absolute    Suppressed	.TOUTZ	        5653	Global	Relocatable Suppressed

		*************

.STOPB	from DSK:SCAN.REL[10,7]	created on 20-Sep-74 at  0:00:00

	Zero length module

		*************

.CNTDT	from DSK:SCAN.REL[10,7]	created on 20-Sep-74 at  0:00:00

	Zero length module

		*************

.GTPUT	from DSK:SCAN.REL[10,7]	created on 20-Sep-74 at  0:00:00

	Zero length module

		*************

		LINK-10 symbol map of	P3	version 4(210)		page 5


.SAVE	from DSK:SCAN.REL[10,7]	created on 20-Sep-74 at  0:00:00

	Zero length module

		*************

.WILD	from DSK:WILD.REL[10,7]	created on 25-Sep-74 at  0:00:00
	Low  segment starts at	  5654 ends at	  6262 length	   407 (octal),   263. (decimal)

	B.DC	        6260	Global	Relocatable 		%%WILD	   700000311	Global	Absolute    Suppressed
	.WIFIR	        5735	Global	Relocatable 		.WILAS	        5736	Global	Relocatable 	
	.WILDL	         407	Global	Absolute    Suppressed	.WILDZ	        5654	Global	Relocatable Suppressed
	.WLDBF	        6005	Global	Relocatable 		.WLDFL	        5725	Global	Relocatable 	

		*************

FTNCMD	from DSK:COMMAN.REL[31,1611]	created by MACRO on  7-Oct-84 at 15:37:00
	Low  segment starts at	  6263 ends at	  6614 length	   332 (octal),   218. (decimal)

	CORERR	        6263	Global	Relocatable 	

		*************

SERV..	from DSK:SRCA.REL[31,1611]	created by BLISS on  6-Oct-84 at 18:43:00
	Low  segment starts at	  6615 ends at	  6633 length	    17 (octal),    15. (decimal)
	High segment starts at	400577 ends at	401717 length	  1121 (octal),   593. (decimal)

	SERV.0	      400577	Global	Relocatable 		SRCAV	   200000060	Global	Absolute    	
	ADDLOO	      400577	Global	Relocatable 		TBLSEA	      400703	Global	Relocatable 	
	THASH	      400767	Global	Relocatable 		SRCHLI	      401021	Global	Relocatable 	
	NEWENT	      401105	Global	Relocatable 		TESTEN	      401400	Global	Relocatable 	
	SAVSPA	      401447	Global	Relocatable 		CORMAN	      401465	Global	Relocatable 	
	GENLAB	      401536	Global	Relocatable 		MAKEPR	      401545	Global	Relocatable 	
	MAKPR1	      401571	Global	Relocatable 		SERV.1	      401662	Global	Relocatable Suppressed
	SERV.P	      401662	Global	Relocatable 		SERV.C	      401674	Global	Relocatable 	
	SERV.L	      401700	Global	Relocatable 		SERV.O	        6615	Global	Relocatable 	

		*************

INOU..	from DSK:INOUT.REL[31,1611]	created by BLISS on  6-Oct-84 at 18:39:00
	Low  segment starts at	  6634 ends at	  6664 length	    31 (octal),    25. (decimal)
	High segment starts at	401720 ends at	403203 length	  1264 (octal),   692. (decimal)

	INOU.0	      401720	Global	Relocatable 		INOUV	   200000042	Global	Absolute    	
	NUMODI	        6634	Global	Relocatable 		DIGITS	      401720	Global	Relocatable 	
	STRNG6	      401740	Global	Relocatable 		STRNG7	      401752	Global	Relocatable 	
	HEADCH	      401761	Global	Relocatable 		HEADIN	      401771	Global	Relocatable 	
	FATLER	      402052	Global	Relocatable 		WARNER	      402215	Global	Relocatable 	
	FATLEX	      402225	Global	Relocatable 		WARNLE	      402235	Global	Relocatable 	
	BLDMSG	      402245	Global	Relocatable 		ERROR	      402422	Global	Relocatable 	
	OUUOLS	      402653	Global	Relocatable 		OUTSTA	      402671	Global	Relocatable 	
	LINEOU	      402717	Global	Relocatable 		CHAROU	      402743	Global	Relocatable 	
	STRNGO	      402752	Global	Relocatable 		LSTOUT	      402771	Global	Relocatable 	
		LINK-10 symbol map of	P3	version 4(210)		page 6
INOU..
	OUUOBI	      402775	Global	Relocatable 		RELOUT	      403013	Global	Relocatable 	
	SOUTPU	      403017	Global	Relocatable 		CLOSUP	      403022	Global	Relocatable 	
	INOU.1	      403026	Global	Relocatable Suppressed	INOU.P	      403026	Global	Relocatable 	
	INOU.C	      403150	Global	Relocatable 		INOU.L	      403160	Global	Relocatable 	
	INOU.G	        6634	Global	Relocatable Suppressed	INOU.O	        6635	Global	Relocatable 	

		*************

ERR3	from DSK:ERR3.REL[31,1611]	created on  6-Oct-84 at 18:38:00
	High segment starts at	403204 ends at	403304 length	   101 (octal),    65. (decimal)

	CGERR	      403207	Global	Relocatable 		SKERR	      403204	Global	Relocatable 	
	VEDIT	           1	Global	Absolute    Suppressed

		*************

ERRG..	from DSK:ERROVG.REL[31,1611]	created by BLISS on  6-Oct-84 at 20:57:00
	High segment starts at	403305 ends at	403450 length	   144 (octal),   100. (decimal)

	ERRG.0	      403305	Global	Relocatable 		E64	           0	Global	Absolute    	
	E131	          10	Global	Absolute    		WOPTMS	          21	Global	Absolute    	
	WARMSG	          21	Global	Absolute    		E33	          21	Global	Absolute    	
	E49	          33	Global	Absolute    		E93	          44	Global	Absolute    	
	E91	          60	Global	Absolute    		E48	          76	Global	Absolute    	
	E96	         111	Global	Absolute    		E130	         121	Global	Absolute    	
	ERRMSG	      403310	Global	Relocatable 		BACKTY	           0	Global	Absolute    	
	NXTFIL	           0	Global	Absolute    		ENDUNI	           0	Global	Absolute    	
	FINALC	           0	Global	Absolute    		LEXNAM	           0	Global	Absolute    	
	ERRG.1	      403307	Global	Relocatable Suppressed	ERRG.P	      403307	Global	Relocatable 	

		*************

OPTA..	from DSK:OPTAB.REL[31,1611]	created by BLISS on  6-Oct-84 at 20:57:00
	High segment starts at	403451 ends at	404237 length	   567 (octal),   375. (decimal)

	OPTA.0	      403451	Global	Relocatable 		OPTAV	     2000001	Global	Absolute    	
	OPMNEM	      403454	Global	Relocatable 		OPTA.1	      403453	Global	Relocatable Suppressed
	OPTA.P	      403453	Global	Relocatable 	

		*************

LISO..	from DSK:LISTOU.REL[31,1611]	created by BLISS on  6-Oct-84 at 21:17:00
	Low  segment starts at	  6665 ends at	  6666 length	     2 (octal),     2. (decimal)
	High segment starts at	404240 ends at	406746 length	  2507 (octal),  1351. (decimal)

	LISO.0	      404240	Global	Relocatable 		LISOV	     2000065	Global	Absolute    	
	BLDLAB	      404240	Global	Relocatable 		DMPSYM	      404254	Global	Relocatable 	
	ZSIXBI	      404570	Global	Relocatable 		ZOUTCO	      404605	Global	Relocatable 	
	COMCOM	      404622	Global	Relocatable 		ZLABLM	      404626	Global	Relocatable 	
	LSTINS	      404645	Global	Relocatable 		ROUIMF	      405220	Global	Relocatable 	
	ROURLA	      405247	Global	Relocatable 		ROUSYM	      405306	Global	Relocatable 	
	OUTMOD	      405507	Global	Relocatable 		OUTMDA	      405704	Global	Relocatable 	
	ZENDAL	      406436	Global	Relocatable 		GMULEN	      406517	Global	Relocatable 	
	LSTFOR	      406540	Global	Relocatable 		LISO.1	      406656	Global	Relocatable Suppressed
		LINK-10 symbol map of	P3	version 4(210)		page 7
LISO..
	LISO.P	      406656	Global	Relocatable 		LISO.C	      406670	Global	Relocatable 	
	LISO.L	      406676	Global	Relocatable 		LISO.O	        6665	Global	Relocatable 	

		*************

RELB..	from DSK:RELBUF.REL[31,1611]	created by BLISS on  6-Oct-84 at 20:41:00
	High segment starts at	406747 ends at	407400 length	   432 (octal),   282. (decimal)

	RELB.0	      406747	Global	Relocatable 		RELBV	   200000036	Global	Absolute    	
	ZOUTBL	      407005	Global	Relocatable 		DMPMAI	      407111	Global	Relocatable 	
	INIRLB	      407125	Global	Relocatable 		DMPRLB	      407141	Global	Relocatable 	
	LSTRLW	      407205	Global	Relocatable 		ZOUTMS	      407223	Global	Relocatable 	
	ZOUTSY	      407237	Global	Relocatable 		ZOUTOC	      407255	Global	Relocatable 	
	RADIX5	      407273	Global	Relocatable 		ZOUDEC	      407317	Global	Relocatable 	
	ZOUOFF	      407352	Global	Relocatable 		RELB.1	      407371	Global	Relocatable Suppressed
	RELB.C	      407371	Global	Relocatable 		RELB.L	      407374	Global	Relocatable 	

		*************

DEBU..	from DSK:DEBUG.REL[31,1611]	created by BLISS on  6-Oct-84 at 21:19:00
	Low  segment starts at	  6667 ends at	  6717 length	    31 (octal),    25. (decimal)
	High segment starts at	407401 ends at	407764 length	   364 (octal),   244. (decimal)

	DEBU.0	      407401	Global	Relocatable 		DEBUV	     2000044	Global	Absolute    	
	INIFDD	      407401	Global	Relocatable 		XCTFDD	      407414	Global	Relocatable 	
	DEFISN	      407432	Global	Relocatable 		ENDISN	      407511	Global	Relocatable 	
	INIISN	      407542	Global	Relocatable 		ZOUDLB	      407554	Global	Relocatable 	
	DUMPDI	      407576	Global	Relocatable 		CGDIMB	      407634	Global	Relocatable 	
	DEBU.1	      407742	Global	Relocatable Suppressed	DEBU.C	      407742	Global	Relocatable 	
	DEBU.L	      407750	Global	Relocatable 		DEBU.O	        6667	Global	Relocatable 	

		*************

CGDO..	from DSK:CGDO.REL[31,1611]	created by BLISS on  6-Oct-84 at 20:59:00
	Low  segment starts at	  6720 ends at	  6735 length	    16 (octal),    14. (decimal)
	High segment starts at	407765 ends at	412711 length	  2725 (octal),  1493. (decimal)

	CGDO.0	      407765	Global	Relocatable 		CGDOV	   200000205	Global	Absolute    	
	CGDOLO	      407765	Global	Relocatable 		CGDOEN	      410246	Global	Relocatable 	
	CGPROE	      410546	Global	Relocatable 		CGEPIL	      411345	Global	Relocatable 	
	CGRETU	      411746	Global	Relocatable 		CGSFN	      412145	Global	Relocatable 	
	CGSBPR	      412217	Global	Relocatable 		ARGGEN	      412332	Global	Relocatable 	
	CGARGS	      412447	Global	Relocatable 		CGDO.1	      412522	Global	Relocatable Suppressed
	CGDO.C	      412522	Global	Relocatable 		CGDO.L	      412601	Global	Relocatable 	
	CGDO.O	        6720	Global	Relocatable 	

		*************

CGST..	from DSK:CGSTMN.REL[31,1611]	created by BLISS on  6-Oct-84 at 21:05:00
	Low  segment starts at	  6736 ends at	  6773 length	    36 (octal),    30. (decimal)
	High segment starts at	412712 ends at	417421 length	  4510 (octal),  2376. (decimal)

	CGST.0	      412712	Global	Relocatable 		CGSTV	   200000173	Global	Absolute    	
	CGSTMN	      412712	Global	Relocatable 		CGASMN	      413054	Global	Relocatable 	
		LINK-10 symbol map of	P3	version 4(210)		page 8
CGST..
	CGASSI	      413216	Global	Relocatable 		CGAGO	      413237	Global	Relocatable 	
	CGCGO	      413333	Global	Relocatable 		CGLOGI	      413457	Global	Relocatable 	
	CGEND	      413704	Global	Relocatable 		CGSTOP	      413747	Global	Relocatable 	
	CGPAUS	      413766	Global	Relocatable 		CGARIF	      414005	Global	Relocatable 	
	CGCMNS	      414131	Global	Relocatable 		CGIOLS	      414230	Global	Relocatable 	
	CGE1LI	      414352	Global	Relocatable 		CGE2LI	      414411	Global	Relocatable 	
	CGIOCA	      414460	Global	Relocatable 		CGIOLA	      414532	Global	Relocatable 	
	CGDCAL	      414626	Global	Relocatable 		CGSLIS	      414712	Global	Relocatable 	
	CAE1LI	      414751	Global	Relocatable 		CAE2LI	      415050	Global	Relocatable 	
	BLDIOI	      415151	Global	Relocatable 		CGSTPA	      415222	Global	Relocatable 	
	CGMTOP	      415256	Global	Relocatable 		CGENCO	      415275	Global	Relocatable 	
	CGDECO	      415324	Global	Relocatable 		CGRERE	      415353	Global	Relocatable 	
	CGUNIT	      415402	Global	Relocatable 		CGRECN	      415415	Global	Relocatable 	
	CGREAD	      415432	Global	Relocatable 		CGWRIT	      415513	Global	Relocatable 	
	CGOPLS	      415570	Global	Relocatable 		CGOPEN	      415622	Global	Relocatable 	
	CGFIND	      415641	Global	Relocatable 		CGCLOS	      415661	Global	Relocatable 	
	CGDECA	      415700	Global	Relocatable 		IOENDE	      415755	Global	Relocatable 	
	IOFORM	      416012	Global	Relocatable 		IOPTR	      416127	Global	Relocatable 	
	IOIMME	      416225	Global	Relocatable 		CGIOAR	      416442	Global	Relocatable 	
	REDORW	      416661	Global	Relocatable 		NAMGEN	      417031	Global	Relocatable 	
	CGST.1	      417226	Global	Relocatable Suppressed	CGST.C	      417226	Global	Relocatable 	
	CGST.L	      417307	Global	Relocatable 		CGST.O	        6736	Global	Relocatable 	

		*************

CGEX..	from DSK:CGEXPR.REL[31,1611]	created by BLISS on  6-Oct-84 at 21:07:00
	Low  segment starts at	  6774 ends at	  6777 length	     4 (octal),     4. (decimal)
	High segment starts at	417422 ends at	422403 length	  2762 (octal),  1522. (decimal)

	CGEX.0	      417422	Global	Relocatable 		CGEXV	   201000106	Global	Absolute    	
	OBUFF	      417422	Global	Relocatable 		OBUFFA	      417463	Global	Relocatable 	
	CGEXCI	      417506	Global	Relocatable 		CGETVA	      417604	Global	Relocatable 	
	CGOPGE	      420504	Global	Relocatable 		CGARGE	      421042	Global	Relocatable 	
	CGILF	      421104	Global	Relocatable 		CGVBOO	      421274	Global	Relocatable 	
	CGCBOO	      421575	Global	Relocatable 		CGREL1	      422027	Global	Relocatable 	
	CGJMPC	      422153	Global	Relocatable 		DEFLAB	      422167	Global	Relocatable 	
	CGEX.1	      422223	Global	Relocatable Suppressed	CGEX.C	      422223	Global	Relocatable 	
	CGEX.L	      422271	Global	Relocatable 		CGEX.O	        6774	Global	Relocatable 	

		*************

OPGNTA	from DSK:OPGNTA.REL[31,1611]	created on  6-Oct-84 at 21:07:00
	High segment starts at	422404 ends at	426067 length	  3464 (octal),  1844. (decimal)

	CALLER	      425652	Global	Relocatable 		CRETN	      425571	Global	Relocatable 	
	DOSTC	      425316	Global	Relocatable 		DOSTI	      425315	Global	Relocatable 	
	DVALU	      425561	Global	Relocatable 		MOVRET	      425563	Global	Relocatable 	
	OPASIN	      424063	Global	Relocatable 		OPDSTG	      425570	Global	Relocatable 	
	OPGADJ	      425677	Global	Relocatable 		OPGAIF	      425345	Global	Relocatable 	
	OPGALT	      425265	Global	Relocatable 		OPGARA	      422665	Global	Relocatable 	
	OPGARI	      422765	Global	Relocatable 		OPGASA	      424006	Global	Relocatable 	
	OPGASI	      424022	Global	Relocatable 		OPGASR	      424036	Global	Relocatable 	
	OPGBOO	      424070	Global	Relocatable 		OPGCGI	      425536	Global	Relocatable 	
	OPGCGO	      425527	Global	Relocatable 		OPGCLO	      425704	Global	Relocatable 	
		LINK-10 symbol map of	P3	version 4(210)		page 9
OPGNTA
	OPGDB1	      425115	Global	Relocatable 		OPGDBF	      425101	Global	Relocatable 	
	OPGDEC	      425671	Global	Relocatable 		OPGDOE	      425325	Global	Relocatable 	
	OPGDOS	      425324	Global	Relocatable 		OPGENC	      425670	Global	Relocatable 	
	OPGETA	      422460	Global	Relocatable 		OPGETI	      422404	Global	Relocatable 	
	OPGEX	      422626	Global	Relocatable 		OPGEXI	      426044	Global	Relocatable 	
	OPGEXM	      422636	Global	Relocatable 		OPGEXS	      422632	Global	Relocatable 	
	OPGFIN	      425705	Global	Relocatable 		OPGFND	      425702	Global	Relocatable 	
	OPGIIN	      425547	Global	Relocatable 		OPGIL1	      425112	Global	Relocatable 	
	OPGILF	      425072	Global	Relocatable 		OPGILI	      425103	Global	Relocatable 	
	OPGIN	      425667	Global	Relocatable 		OPGIOL	      425665	Global	Relocatable 	
	OPGLIB	      425700	Global	Relocatable 		OPGMTO	      425666	Global	Relocatable 	
	OPGMVL	      425550	Global	Relocatable 		OPGN1A	      424404	Global	Relocatable 	
	OPGN1I	      424424	Global	Relocatable 		OPGN2A	      424444	Global	Relocatable 	
	OPGN2I	      424474	Global	Relocatable 		OPGNLI	      425675	Global	Relocatable 	
	OPGNLO	      425676	Global	Relocatable 		OPGNV	   202000170	Global	Absolute    	
	OPGOPE	      425701	Global	Relocatable 		OPGOUT	      425672	Global	Relocatable 	
	OPGPAU	      426030	Global	Relocatable 		OPGPHR	      426065	Global	Relocatable 	
	OPGPPR	      426062	Global	Relocatable 		OPGREL	      424210	Global	Relocatable 	
	OPGRES	      426052	Global	Relocatable 		OPGRLS	      425703	Global	Relocatable 	
	OPGRTB	      425674	Global	Relocatable 		OPGSET	      422612	Global	Relocatable 	
	OPGSFN	      425654	Global	Relocatable 		OPGSPA	      424552	Global	Relocatable 	
	OPGSPI	      424602	Global	Relocatable 		OPGSPM	      424642	Global	Relocatable 	
	OPGSTA	      423774	Global	Relocatable 		OPGSTC	      425225	Global	Relocatable 	
	OPGSTD	      425231	Global	Relocatable 		OPGSTI	      423776	Global	Relocatable 	
	OPGSTP	      426036	Global	Relocatable 		OPGTCA	      423545	Global	Relocatable 	
	OPGTCI	      423605	Global	Relocatable 		OPGVTS	      425261	Global	Relocatable 	
	OPGWTB	      425673	Global	Relocatable 		OPGXPI	      422662	Global	Relocatable 	
	OPINDA	      425551	Global	Relocatable 		OPINDI	      425555	Global	Relocatable 	
	OPINSA	      425564	Global	Relocatable 		OPINSI	      425566	Global	Relocatable 	
	OPP21I	      424632	Global	Relocatable 		POPRET	      425562	Global	Relocatable 	

		*************

PEEP..	from DSK:PEEPOP.REL[31,1611]	created by BLISS on  6-Oct-84 at 21:13:00
	Low  segment starts at	  7000 ends at	  7007 length	    10 (octal),     8. (decimal)
	High segment starts at	426070 ends at	432650 length	  4561 (octal),  2417. (decimal)

	PEEP.0	      426070	Global	Relocatable 		PEEPV	     2000106	Global	Absolute    	
	PEEPOP	      426070	Global	Relocatable 		PEEPA	      426133	Global	Relocatable 	
	PEEP00	      426201	Global	Relocatable 		PEEP01	      426431	Global	Relocatable 	
	PEEP02	      426544	Global	Relocatable 		PEEP03	      426726	Global	Relocatable 	
	PEEP10	      426757	Global	Relocatable 		PEEP11	      427032	Global	Relocatable 	
	PEEP14	      427072	Global	Relocatable 		PEEP05	      427364	Global	Relocatable 	
	PEEP20	      427416	Global	Relocatable 		PEEP21	      427526	Global	Relocatable 	
	PEEP22	      427562	Global	Relocatable 		PEEP24	      427622	Global	Relocatable 	
	PEEP25	      427665	Global	Relocatable 		PEEP27	      427721	Global	Relocatable 	
	PEEP30	      427761	Global	Relocatable 		PEEP31	      430020	Global	Relocatable 	
	PEEP32	      430052	Global	Relocatable 		PEEPA0	      430153	Global	Relocatable 	
	POPT01	      430275	Global	Relocatable 		POPT02	      430320	Global	Relocatable 	
	POPT03	      430415	Global	Relocatable 		POPT04	      430441	Global	Relocatable 	
	POPT05	      430465	Global	Relocatable 		POPT06	      430511	Global	Relocatable 	
	POPT07	      430540	Global	Relocatable 		POPT08	      430567	Global	Relocatable 	
	POPT09	      430616	Global	Relocatable 		POPT10	      430645	Global	Relocatable 	
	POPT11	      430674	Global	Relocatable 		POPT12	      430740	Global	Relocatable 	
		LINK-10 symbol map of	P3	version 4(210)		page 10
PEEP..
	POPT13	      431022	Global	Relocatable 		POPT14	      431060	Global	Relocatable 	
	POPT15	      431132	Global	Relocatable 		POPT16	      431176	Global	Relocatable 	
	POPT17	      431230	Global	Relocatable 		POPT18	      431257	Global	Relocatable 	
	POPT19	      431305	Global	Relocatable 		POPT20	      431346	Global	Relocatable 	
	POPT21	      431376	Global	Relocatable 		POPT22	      431424	Global	Relocatable 	
	POPT23	      431461	Global	Relocatable 		POPT24	      431507	Global	Relocatable 	
	POPT25	      431545	Global	Relocatable 		POPT26	      431557	Global	Relocatable 	
	POPT27	      431572	Global	Relocatable 		POPT28	      431621	Global	Relocatable 	
	POPT29	      431657	Global	Relocatable 		POPT30	      431713	Global	Relocatable 	
	POPT31	      431750	Global	Relocatable 		POPT32	      432015	Global	Relocatable 	
	POPT33	      432052	Global	Relocatable 		POPT34	      432102	Global	Relocatable 	
	POPT35	      432140	Global	Relocatable 		NONSKI	      432210	Global	Relocatable 	
	OPTOME	      432235	Global	Relocatable 		AROPTO	      432301	Global	Relocatable 	
	EQVPOS	      432347	Global	Relocatable 		AEQLC0	      432407	Global	Relocatable 	
	DELPBI	      432446	Global	Relocatable 		ADDLAB	      432520	Global	Relocatable 	
	PEEP.1	      432554	Global	Relocatable Suppressed	PEEP.C	      432554	Global	Relocatable 	
	PEEP.L	      432555	Global	Relocatable 		PEEP.O	        7000	Global	Relocatable 	

		*************

UTIL..	from DSK:UTIL.REL[31,1611]	created by BLISS on  6-Oct-84 at 19:47:00
	Low  segment starts at	  7010 ends at	  7014 length	     5 (octal),     5. (decimal)
	High segment starts at	432651 ends at	435221 length	  2351 (octal),  1257. (decimal)

	UTIL.0	      432651	Global	Relocatable 		UTILV	   200000124	Global	Absolute    	
	TRANSM	      432651	Global	Relocatable 		PROPNE	      432722	Global	Relocatable 	
	NODERR	      433114	Global	Relocatable 		SETPVA	      433117	Global	Relocatable 	
	SETPIM	      433212	Global	Relocatable 		LOOKAN	      433265	Global	Relocatable 	
	LOKA1	      433311	Global	Relocatable 		LOKA2	      433377	Global	Relocatable 	
	LEAFSU	      433465	Global	Relocatable 		SWAPEM	      433575	Global	Relocatable 	
	MISCIO	      433625	Global	Relocatable 		DOVARS	      433701	Global	Relocatable 	
	IOCS	      434023	Global	Relocatable 		E1ORE2	      434055	Global	Relocatable 	
	IOSUBS	      434153	Global	Relocatable 		CONTVA	      434325	Global	Relocatable 	
	CONTFN	      434702	Global	Relocatable 		UNFLDO	      435012	Global	Relocatable 	
	ARGCON	      435047	Global	Relocatable 		LASTON	      435064	Global	Relocatable 	
	UTIL.1	      435130	Global	Relocatable Suppressed	UTIL.P	      435130	Global	Relocatable 	
	UTIL.L	      435152	Global	Relocatable 		UTIL.O	        7010	Global	Relocatable 	

		*************

GOPT..	from DSK:GOPTIM.REL[31,1611]	created by BLISS on  6-Oct-84 at 19:43:00
	High segment starts at	435222 ends at	436250 length	  1027 (octal),   535. (decimal)

	GOPT.0	      435222	Global	Relocatable 		GOPTV	   200000064	Global	Absolute    	
	LOOKUP	      435222	Global	Relocatable 		CHKUA	      435244	Global	Relocatable 	
	LOKCAL	      435265	Global	Relocatable 		REPLAC	      435374	Global	Relocatable 	
	DOPARM	      436036	Global	Relocatable 		LNKASS	      436065	Global	Relocatable 	
	MAKASS	      436140	Global	Relocatable 		GOPT.1	      436227	Global	Relocatable Suppressed
	GOPT.L	      436227	Global	Relocatable 	

		*************

		LINK-10 symbol map of	P3	version 4(210)		page 11


CNSTCM	from DSK:CNSTCM.REL[31,1611]	created on  6-Oct-84 at 18:49:00
	High segment starts at	436251 ends at	437256 length	  1006 (octal),   518. (decimal)

	CNSTCM	      436251	Entry	Relocatable 		CNSTCV	   201000100	Global	Absolute    	
	KADPRN	      436425	Global	Relocatable 		KARIAB	      436304	Global	Relocatable 	
	KARIIB	      436264	Global	Relocatable 		KBOOLB	      436426	Global	Relocatable 	
	KDNEGB	      436432	Global	Relocatable 		KDPINT	      436400	Global	Relocatable 	
	KDPRL	      436424	Global	Relocatable 		KILDAB	      436776	Global	Relocatable 	
	KILFBA	      436760	Global	Relocatable 		KILFBR	      436767	Global	Relocatable 	
	KSPECB	      436555	Global	Relocatable 		KTYPCB	      436324	Global	Relocatable 	

		*************

DPSIM	from DSK:DPSIM.REL[31,1611]	created on  6-Oct-84 at 18:49:00
	High segment starts at	437257 ends at	437652 length	   374 (octal),   252. (decimal)

	DFA0	      437300	Global	Relocatable 		DFA4	      437264	Global	Relocatable 	
	DFAM0	      437277	Global	Relocatable 		DFAM4	      437263	Global	Relocatable 	
	DFD0	      437555	Global	Relocatable 		DFD4	      437557	Global	Relocatable 	
	DFDM0	      437554	Global	Relocatable 		DFDM4	      437556	Global	Relocatable 	
	DFM0	      437467	Global	Relocatable 		DFM4	      437471	Global	Relocatable 	
	DFMM0	      437466	Global	Relocatable 		DFMM4	      437470	Global	Relocatable 	
	DFS0	      437270	Global	Relocatable 		DFS4	      437260	Global	Relocatable 	
	DFSM0	      437267	Global	Relocatable 		DFSM4	      437257	Global	Relocatable 	
	DPSIMV	     2000001	Global	Absolute    	

		*************

PHA3..	from DSK:PHA3.REL[31,1611]	created by BLISS on  6-Oct-84 at 21:21:00
	Low  segment starts at	  7015 ends at	  7015 length	     1 (octal),     1. (decimal)
	High segment starts at	437653 ends at	440122 length	   250 (octal),   168. (decimal)

	PHA3.0	      437653	Global	Relocatable 		PHA3V	   202000061	Global	Absolute    	
	MRP3	      437653	Global	Relocatable 		PHA3.F	      440064	Global	Relocatable 	
	PHA3.1	      440070	Global	Relocatable Suppressed	PHA3.P	      440070	Global	Relocatable 	
	PHA3.C	      440110	Global	Relocatable 		PHA3.L	      440115	Global	Relocatable 	
	PHA3.O	        7015	Global	Relocatable 	

		*************

PSEUDO	from DSK:JOBD.REL[31,1611]	created on  6-Oct-84 at 18:39:00

	Zero length module

		*************


		LINK-10 symbol map of	P3	version 4(210)		page 12

5 undefined global symbols

.TNEWL	0
.POPJ1	0
.SWDON	0
.TCRLF	0
GUIDT.	0

		*************

	Index to LINK-10 symbol map of	P3	version 4(210)		page 13

	Name	Page	Name	Page	Name	Page	Name	Page

	CGDO..	 7	FTNCMD	 5	PEEP..	 9	.GTPUT	 4
	CGEX..	 8	GLOB..	 1	PHA3..	11	.SAVE	 5
	CGST..	 7	GOPT..	10	PSEUDO	11	.SCAN	 4
	CNSTCM	11	INOU..	 5	RELB..	 7	.STOPB	 4
	DEBU..	 7	LISO..	 6	SERV..	 5	.TNEWL	 4
	DPSIM	11	MAIN..	 1	UTIL..	10	.TOUTS	 4
	ERR3	 6	OPGNTA	 8	$SCNDC	 3	.VERBO	 4
	ERRG..	 6	OPTA..	 6	.CNTDT	 4	.WILD	 5

	[End of LINK-10 map of	P3]
