		LINK-10 symbol map of	P3R	version 4(210)		page 1
	Produced by LINK-10 version 2A(241) on  8-Oct-84 at 17:03:33

	Low  segment starts at	     0 ends at	  7235 length	  7236 = 4K
	High segment starts at	400000 ends at	446112 length	 46113 = 20K
	354 words free in Low segment, 949 words free in high segment
	723 Global symbols loaded, therefore min. hash size is 804
	Start address is 446107, located in program P3R..

		*************

JOBDAT-INITIAL-SYMBOLS

	Zero length module

		*************

MAIN..	from DSK:MAIN.REL[31,1611]	created by BLISS on  6-Oct-84 at 18:37:00
	Low  segment starts at	   140 ends at	   470 length	   331 (octal),   217. (decimal)

	MAIN.0	         140	Global	Relocatable 		MAINV	     2000033	Global	Absolute    	
	FT1SEG	           0	Global	Absolute    		IOFLV	   200000007	Global	Absolute    	
	PHAZCO	         140	Global	Relocatable 		SIXBOU	         264	Global	Relocatable 	
	GETSG	         302	Global	Relocatable 		NXFILG	         356	Global	Relocatable 	
	CTCSTA	         370	Global	Relocatable 		MAIN.1	         376	Global	Relocatable Suppressed
	MAIN.P	         376	Global	Relocatable 		MAIN.C	         460	Global	Relocatable 	
	MAIN.L	         462	Global	Relocatable 		MAIN.O	         467	Global	Relocatable 	

		*************

GLOB..	from DSK:GLOBAL.REL[31,1611]	created by BLISS on  6-Oct-84 at 18:39:00
	Low  segment starts at	   471 ends at	  5015 length	  4325 (octal),  2261. (decimal)
	High segment starts at	400010 ends at	400576 length	   567 (octal),   375. (decimal)

	GLOB.0	      400010	Global	Relocatable 		.ENT.0	      400010	Global	Relocatable 	
	.ENT.1	      400013	Global	Relocatable 		.ENT.2	      400017	Global	Relocatable 	
	.ENT.3	      400024	Global	Relocatable 		.ENT.4	      400032	Global	Relocatable 	
	.EXT.4	      400041	Global	Relocatable 		.EXT.3	      400042	Global	Relocatable 	
	.EXT.2	      400043	Global	Relocatable 		.EXT.1	      400044	Global	Relocatable 	
	.EXT3)	      400045	Global	Relocatable 		GLOBV	   200000111	Global	Absolute    	
	FIRSV	   200000176	Global	Absolute    		TABLV	   200000230	Global	Absolute    	
	POOL	        1455	Global	Relocatable 		STK	        2605	Global	Relocatable 	
	CHNLTB	        3177	Global	Relocatable 		IBLOCK	        3247	Global	Relocatable 	
	TBLOCK	        3252	Global	Relocatable 		LBLOCK	        3262	Global	Relocatable 	
	GETSBL	        3266	Global	Relocatable 		FLGWRD	        3274	Global	Relocatable 	
	ISPEC	        3275	Global	Relocatable 		FSPEC	        3276	Global	Relocatable 	
	CCLSW	        3277	Global	Relocatable 		INDEX	        3300	Global	Relocatable 	
	PAGE	        3301	Global	Relocatable 		JOBFFS	        3302	Global	Relocatable 	
	SYMTBL	        3303	Global	Relocatable 		CONTBL	        3422	Global	Relocatable 	
	EXPTBL	        3467	Global	Relocatable 		LABTBL	        3606	Global	Relocatable 	
	LITTBL	        3653	Global	Relocatable 		NAMTBL	        3654	Global	Relocatable 	
	SRCTBL	        3675	Global	Relocatable 		DIMTBL	        3676	Global	Relocatable 	
	DATTBL	        3677	Global	Relocatable 		BASEPT	        3700	Global	Relocatable 	
	COMBLK	        3701	Global	Relocatable 		LITPOI	        3702	Global	Relocatable 	
	SYMPTR	        3703	Global	Relocatable 		SORCPT	        3704	Global	Relocatable 	
	LASTEX	        3705	Global	Relocatable 		LASTDI	        3706	Global	Relocatable 	
		LINK-10 symbol map of	P3R	version 4(210)		page 2
GLOB..
	CONSPT	        3707	Global	Relocatable 		LABLPT	        3710	Global	Relocatable 	
	EQVPTR	        3711	Global	Relocatable 		FORMPT	        3712	Global	Relocatable 	
	NAMLPT	        3713	Global	Relocatable 		ASIPTR	        3714	Global	Relocatable 	
	TTOTAL	        3715	Global	Relocatable 		FREELI	        3716	Global	Relocatable 	
	SPACEF	        3730	Global	Relocatable 		SRCHON	        3731	Global	Relocatable 	
	ISN	        3732	Global	Relocatable 		IDOFST	        3733	Global	Relocatable 	
	LABLOF	        3734	Global	Relocatable 		DLOOPT	        3735	Global	Relocatable 	
	DONEST	        3736	Global	Relocatable 		CURDOI	        3737	Global	Relocatable 	
	LASDOL	        3740	Global	Relocatable 		LASLVL	        3741	Global	Relocatable 	
	DELETP	        3742	Global	Relocatable 		SYMTYP	        3743	Global	Relocatable 	
	NAME	        3744	Global	Relocatable 		TYPE	        3745	Global	Relocatable 	
	INCREM	        3746	Global	Relocatable 		DECEXP	        3747	Global	Relocatable 	
	ENTRY	        3750	Global	Relocatable 		REGSAV	        3755	Global	Relocatable 	
	SEGINC	        3775	Global	Relocatable 		LOWLOC	        3776	Global	Relocatable 	
	HILOC	        3777	Global	Relocatable 		RELOCW	        4000	Global	Relocatable 	
	MAINRL	        4001	Global	Relocatable 		LOCRLB	        4025	Global	Relocatable 	
	SYMRLB	        4051	Global	Relocatable 		RDATWD	        4075	Global	Relocatable 	
	BLANKC	        4076	Global	Relocatable 		ENDSCA	        4077	Global	Relocatable 	
	MULENT	        4100	Global	Relocatable 		FORMAR	        4101	Global	Relocatable 	
	COMSIZ	        4102	Global	Relocatable 		ONEPLI	        4103	Global	Relocatable 	
	SP	        4104	Global	Relocatable 		LEXL	        4105	Global	Relocatable 	
	LSAVE	        4106	Global	Relocatable 		FARRY	        4107	Global	Relocatable 	
	CODELI	        4110	Global	Relocatable 		STALAB	        4111	Global	Relocatable 	
	PROGNA	        4112	Global	Relocatable 		IDTYPE	        4113	Global	Relocatable 	
	ASTATF	        4114	Global	Relocatable 		ERRLIN	        4115	Global	Relocatable 	
	TMPCNT	        4116	Global	Relocatable 		BSAVE	        4122	Global	Relocatable 	
	FSAVE	        4123	Global	Relocatable 		VSAVE	        4124	Global	Relocatable 	
	TYPTAB	        4125	Global	Relocatable 		LIBFUN	      400057	Global	Relocatable 	
	ONEAFT	      400156	Global	Relocatable 		LIBATT	      400266	Global	Relocatable 	
	CLRWDS	      400464	Global	Relocatable 		TREEPT	        4157	Global	Relocatable 	
	CSTMNT	        4160	Global	Relocatable 		ZERBLK	        4161	Global	Relocatable 	
	A1NODE	        4162	Global	Relocatable 		A2NODE	        4163	Global	Relocatable 	
	A1LABE	        4164	Global	Relocatable 		A2LABE	        4165	Global	Relocatable 	
	A3LABE	        4166	Global	Relocatable 		OPDSPI	        4167	Global	Relocatable 	
	REGFOR	        4170	Global	Relocatable 		PC	        4171	Global	Relocatable 	
	PBOPWD	        4172	Global	Relocatable 		PSYMPT	        4173	Global	Relocatable 	
	IOLSPT	        4174	Global	Relocatable 		DATASP	        4175	Global	Relocatable 	
	RESNAM	        4176	Global	Relocatable 		NEGFLG	        4177	Global	Relocatable 	
	NOTFLG	        4200	Global	Relocatable 		TRUECE	        4201	Global	Relocatable 	
	FALSEC	        4202	Global	Relocatable 		CIOCAL	        4203	Global	Relocatable 	
	CIOCLA	        4204	Global	Relocatable 		INPFLA	        4205	Global	Relocatable 	
	USERFN	        4206	Global	Relocatable 		CLOBBR	        4207	Global	Relocatable 	
	DBLMOD	        4210	Global	Relocatable 		LSTLNK	        4211	Global	Relocatable 	
	FTEMP	        4212	Global	Relocatable 		FRSTLN	        4213	Global	Relocatable 	
	ANCHOR	        4214	Global	Relocatable 		VERYFR	        4215	Global	Relocatable 	
	PBFPTR	        4216	Global	Relocatable 		PBUFF	        4217	Global	Relocatable 	
	PEEPPT	        4447	Global	Relocatable 		ILABIX	        4450	Global	Relocatable 	
	GBSYRE	        4451	Global	Relocatable 		GBSYCT	        4452	Global	Relocatable 	
	STBSYR	        4453	Global	Relocatable 		STRGCT	        4454	Global	Relocatable 	
	BLOCKB	        4455	Global	Relocatable 		NOBBRE	        4456	Global	Relocatable 	
	PAIRMO	        4457	Global	Relocatable 		EHASH	        4460	Global	Relocatable 	
	BACKST	        4515	Global	Relocatable 		IOPTFL	        4516	Global	Relocatable 	
	DOSP	        4517	Global	Relocatable 		DOSTAK	        4520	Global	Relocatable 	
	EXITNO	        4560	Global	Relocatable 		RDCCT	        4561	Global	Relocatable 	
		LINK-10 symbol map of	P3R	version 4(210)		page 3
GLOB..
	LPRDCC	        4562	Global	Relocatable 		RDCLNK	        4563	Global	Relocatable 	
	LOCLNK	        4564	Global	Relocatable 		ARGLIN	        4565	Global	Relocatable 	
	SPECCA	        4566	Global	Relocatable 		QQ	        4567	Global	Relocatable 	
	UNIQVA	        4570	Global	Relocatable 		ASSOCP	        4571	Global	Relocatable 	
	FNTMP	        4572	Global	Relocatable 		DOCNT	        4573	Global	Relocatable 	
	OPTLAB	        4574	Global	Relocatable 		GLOBRE	        4575	Global	Relocatable 	
	RGRAPH	        4615	Global	Relocatable 		FGRAPH	        4616	Global	Relocatable 	
	SSIZTC	        4617	Global	Relocatable 		INTLTC	        4620	Global	Relocatable 	
	LOOP	        4621	Global	Relocatable 		INDVAR	        4622	Global	Relocatable 	
	LEND	        4623	Global	Relocatable 		LENTRY	        4624	Global	Relocatable 	
	LOOPNO	        4625	Global	Relocatable 		CHOSEN	        4626	Global	Relocatable 	
	TOP	        4666	Global	Relocatable 		BOTTOM	        4667	Global	Relocatable 	
	TPREV	        4670	Global	Relocatable 		PREV	        4671	Global	Relocatable 	
	PHI	        4672	Global	Relocatable 		NAN	        4673	Global	Relocatable 	
	EHASHP	        4674	Global	Relocatable 		LOWLIM	        4675	Global	Relocatable 	
	CELMNT	        4676	Global	Relocatable 		EVALU	      400531	Global	Relocatable 	
	INNERL	        4677	Global	Relocatable 		DOWDP	        4700	Global	Relocatable 	
	CDONOD	        4701	Global	Relocatable 		ITMCT	        4702	Global	Relocatable 	
	MTOPFU	      400567	Global	Relocatable 		DWP	        4703	Global	Relocatable 	
	C1H	        4704	Global	Relocatable 		C1L	        4705	Global	Relocatable 	
	C2H	        4706	Global	Relocatable 		C2L	        4707	Global	Relocatable 	
	COPRIX	        4710	Global	Relocatable 		SAVACS	        4711	Global	Relocatable 	
	SAVE17	        4720	Global	Relocatable 		EOPSAV	        4721	Global	Relocatable 	
	NOCR	        4722	Global	Relocatable 		STPTR	        4723	Global	Relocatable 	
	STLPTR	        4724	Global	Relocatable 		STPOS	        4725	Global	Relocatable 	
	LASTLI	        4726	Global	Relocatable 		ERRFLA	        4727	Global	Relocatable 	
	MSGNOT	        4730	Global	Relocatable 		CLASPT	        4731	Global	Relocatable 	
	CLASLP	        4732	Global	Relocatable 		CONTPT	        4733	Global	Relocatable 	
	LEXLIN	        4734	Global	Relocatable 		NUMWAR	        4735	Global	Relocatable 	
	NUMFAT	        4736	Global	Relocatable 		WARNOP	        4737	Global	Relocatable 	
	STMNDE	        4740	Global	Relocatable 		PSTATE	        4741	Global	Relocatable 	
	BACKLI	        4742	Global	Relocatable 		LOOK4L	        4743	Global	Relocatable 	
	FNDFF	        4744	Global	Relocatable 		DIMSTK	        4745	Global	Relocatable 	
	LOOK4C	        4746	Global	Relocatable 		ENDOFI	           0	Global	Absolute    	
	GLOBEN	        4747	Global	Relocatable 		BGSTBF	        4750	Global	Relocatable 	
	SAVFLG	        4751	Global	Relocatable 		DEBGSW	        4752	Global	Relocatable 	
	BUGOUT	        4753	Global	Relocatable 		FLAGS2	        4754	Global	Relocatable 	
	CURPOO	        4755	Global	Relocatable 		CURPTR	        4756	Global	Relocatable 	
	CHARPO	        4757	Global	Relocatable 		LINEPT	        4760	Global	Relocatable 	
	SEQLAS	        4761	Global	Relocatable 		LINENO	        4762	Global	Relocatable 	
	PAGELI	        4764	Global	Relocatable 		LINELI	        4765	Global	Relocatable 	
	HEADST	        4766	Global	Relocatable 		BASENO	        5012	Global	Relocatable 	
	HEADPT	        5013	Global	Relocatable 		PAGEPT	        5014	Global	Relocatable 	
	GLOB.F	      400047	Global	Relocatable 		GLOB.1	      400056	Global	Relocatable Suppressed
	GLOB.P	      400056	Global	Relocatable 		GLOB.G	         471	Global	Relocatable Suppressed
	.BREG	        5015	Global	Relocatable 	

		*************

$SCNDC	from DSK:SCAN.REL[10,7]	created on 20-Sep-74 at  0:00:00

	Zero length module

		*************
		LINK-10 symbol map of	P3R	version 4(210)		page 4
$SCNDC

.SCAN	from DSK:SCAN.REL[10,7]	created on 20-Sep-74 at  0:00:00
	Low  segment starts at	  5016 ends at	  5650 length	   633 (octal),   411. (decimal)

	F.NAM	        5432	Global	Relocatable 		N.CORE	        5103	Global	Relocatable 	
	N.EZER	        5102	Global	Relocatable Suppressed	N.OFFS	        5104	Global	Relocatable 	
	N.ZER	        5061	Global	Relocatable Suppressed	%%SCAN	   700000541	Global	Absolute    Suppressed
	.LASWD	        5615	Global	Relocatable 		.MYPPN	        5016	Global	Relocatable 	
	.NMUE	        5614	Global	Relocatable Suppressed	.NMUL	        5557	Global	Relocatable 	
	.QUOTE	        5060	Global	Relocatable 		.SCANL	         633	Global	Absolute    Suppressed
	.SCANZ	        5016	Global	Relocatable Suppressed

		*************

.VERBO	from DSK:SCAN.REL[10,7]	created on 20-Sep-74 at  0:00:00
	Low  segment starts at	  5651 ends at	  5652 length	     2 (octal),     2. (decimal)

	.FLCBF	        5652	Global	Relocatable 		.FLVRB	        5651	Global	Relocatable 	
	.VRBOL	           2	Global	Absolute    Suppressed	.VRBOZ	        5651	Global	Relocatable Suppressed

		*************

.TNEWL	from DSK:SCAN.REL[10,7]	created on 20-Sep-74 at  0:00:00

	Zero length module

		*************

.TOUTS	from DSK:SCAN.REL[10,7]	created on 20-Sep-74 at  0:00:00
	Low  segment starts at	  5653 ends at	  5653 length	     1 (octal),     1. (decimal)

	GUIDL.	          12	Global	Absolute    Suppressed	GUIDM.	777777777766	Global	Absolute    Suppressed
	.TOUTL	           1	Global	Absolute    Suppressed	.TOUTZ	        5653	Global	Relocatable Suppressed

		*************

.STOPB	from DSK:SCAN.REL[10,7]	created on 20-Sep-74 at  0:00:00

	Zero length module

		*************

.CNTDT	from DSK:SCAN.REL[10,7]	created on 20-Sep-74 at  0:00:00

	Zero length module

		*************

.GTPUT	from DSK:SCAN.REL[10,7]	created on 20-Sep-74 at  0:00:00

	Zero length module

		*************

		LINK-10 symbol map of	P3R	version 4(210)		page 5


.SAVE	from DSK:SCAN.REL[10,7]	created on 20-Sep-74 at  0:00:00

	Zero length module

		*************

.WILD	from DSK:WILD.REL[10,7]	created on 25-Sep-74 at  0:00:00
	Low  segment starts at	  5654 ends at	  6262 length	   407 (octal),   263. (decimal)

	B.DC	        6260	Global	Relocatable 		%%WILD	   700000311	Global	Absolute    Suppressed
	.WIFIR	        5735	Global	Relocatable 		.WILAS	        5736	Global	Relocatable 	
	.WILDL	         407	Global	Absolute    Suppressed	.WILDZ	        5654	Global	Relocatable Suppressed
	.WLDBF	        6005	Global	Relocatable 		.WLDFL	        5725	Global	Relocatable 	

		*************

FTNCMD	from DSK:COMMAN.REL[31,1611]	created by MACRO on  7-Oct-84 at 15:37:00
	Low  segment starts at	  6263 ends at	  6614 length	   332 (octal),   218. (decimal)

	CORERR	        6263	Global	Relocatable 	

		*************

SERV..	from DSK:SRCA.REL[31,1611]	created by BLISS on  6-Oct-84 at 18:43:00
	Low  segment starts at	  6615 ends at	  6633 length	    17 (octal),    15. (decimal)
	High segment starts at	400577 ends at	401717 length	  1121 (octal),   593. (decimal)

	SERV.0	      400577	Global	Relocatable 		SRCAV	   200000060	Global	Absolute    	
	ADDLOO	      400577	Global	Relocatable 		TBLSEA	      400703	Global	Relocatable 	
	THASH	      400767	Global	Relocatable 		SRCHLI	      401021	Global	Relocatable 	
	NEWENT	      401105	Global	Relocatable 		TESTEN	      401400	Global	Relocatable 	
	SAVSPA	      401447	Global	Relocatable 		CORMAN	      401465	Global	Relocatable 	
	GENLAB	      401536	Global	Relocatable 		MAKEPR	      401545	Global	Relocatable 	
	MAKPR1	      401571	Global	Relocatable 		SERV.1	      401662	Global	Relocatable Suppressed
	SERV.P	      401662	Global	Relocatable 		SERV.C	      401674	Global	Relocatable 	
	SERV.L	      401700	Global	Relocatable 		SERV.O	        6615	Global	Relocatable 	

		*************

INOU..	from DSK:INOUT.REL[31,1611]	created by BLISS on  6-Oct-84 at 18:39:00
	Low  segment starts at	  6634 ends at	  6664 length	    31 (octal),    25. (decimal)
	High segment starts at	401720 ends at	403203 length	  1264 (octal),   692. (decimal)

	INOU.0	      401720	Global	Relocatable 		INOUV	   200000042	Global	Absolute    	
	NUMODI	        6634	Global	Relocatable 		DIGITS	      401720	Global	Relocatable 	
	STRNG6	      401740	Global	Relocatable 		STRNG7	      401752	Global	Relocatable 	
	HEADCH	      401761	Global	Relocatable 		HEADIN	      401771	Global	Relocatable 	
	FATLER	      402052	Global	Relocatable 		WARNER	      402215	Global	Relocatable 	
	FATLEX	      402225	Global	Relocatable 		WARNLE	      402235	Global	Relocatable 	
	BLDMSG	      402245	Global	Relocatable 		ERROR	      402422	Global	Relocatable 	
	OUUOLS	      402653	Global	Relocatable 		OUTSTA	      402671	Global	Relocatable 	
	LINEOU	      402717	Global	Relocatable 		CHAROU	      402743	Global	Relocatable 	
	STRNGO	      402752	Global	Relocatable 		LSTOUT	      402771	Global	Relocatable 	
		LINK-10 symbol map of	P3R	version 4(210)		page 6
INOU..
	OUUOBI	      402775	Global	Relocatable 		RELOUT	      403013	Global	Relocatable 	
	SOUTPU	      403017	Global	Relocatable 		CLOSUP	      403022	Global	Relocatable 	
	INOU.1	      403026	Global	Relocatable Suppressed	INOU.P	      403026	Global	Relocatable 	
	INOU.C	      403150	Global	Relocatable 		INOU.L	      403160	Global	Relocatable 	
	INOU.G	        6634	Global	Relocatable Suppressed	INOU.O	        6635	Global	Relocatable 	

		*************

ERR3	from DSK:ERR3.REL[31,1611]	created on  6-Oct-84 at 18:38:00
	High segment starts at	403204 ends at	403304 length	   101 (octal),    65. (decimal)

	CGERR	      403207	Global	Relocatable 		SKERR	      403204	Global	Relocatable 	
	VEDIT	           1	Global	Absolute    Suppressed

		*************

ERRR..	from DSK:ERROVR.REL[31,1611]	created by BLISS on  6-Oct-84 at 20:21:00
	High segment starts at	403305 ends at	403530 length	   224 (octal),   148. (decimal)

	ERRR.0	      403305	Global	Relocatable 		E57	           0	Global	Absolute    	
	E64	          21	Global	Absolute    		E98	          31	Global	Absolute    	
	E135	          46	Global	Absolute    		WOPTMS	          60	Global	Absolute    	
	WARMSG	          60	Global	Absolute    		E33	          60	Global	Absolute    	
	E48	          72	Global	Absolute    		E49	         105	Global	Absolute    	
	E93	         116	Global	Absolute    		E61	         132	Global	Absolute    	
	E26	         141	Global	Absolute    		E60	         154	Global	Absolute    	
	E27	         164	Global	Absolute    		E53	         177	Global	Absolute    	
	E103	         212	Global	Absolute    		ERRMSG	      403310	Global	Relocatable 	
	BACKTY	           0	Global	Absolute    		NXTFIL	           0	Global	Absolute    	
	ENDUNI	           0	Global	Absolute    		FINALC	           0	Global	Absolute    	
	LEXNAM	           0	Global	Absolute    		ERRR.1	      403307	Global	Relocatable Suppressed
	ERRR.P	      403307	Global	Relocatable 	

		*************

ARRX..	from DSK:ARRXPN.REL[31,1611]	created by BLISS on  6-Oct-84 at 18:47:00
	Low  segment starts at	  6665 ends at	  6710 length	    24 (octal),    20. (decimal)
	High segment starts at	403531 ends at	404520 length	   770 (octal),   504. (decimal)

	ARRX.0	      403531	Global	Relocatable 		ARRXV	   201000063	Global	Absolute    	
	ARRXPN	      403531	Global	Relocatable 		PROARR	      404117	Global	Relocatable 	
	DATASU	      404267	Global	Relocatable 		LEGLDA	      404350	Global	Relocatable 	
	ONLST	      404430	Global	Relocatable 		ARRX.1	      404455	Global	Relocatable Suppressed
	ARRX.C	      404455	Global	Relocatable 		ARRX.L	      404457	Global	Relocatable 	
	ARRX.O	        6665	Global	Relocatable 	

		*************

VLTP..	from DSK:VLTPPR.REL[31,1611]	created by BLISS on  6-Oct-84 at 18:45:00
	Low  segment starts at	  6711 ends at	  6721 length	    11 (octal),     9. (decimal)
	High segment starts at	404521 ends at	405477 length	   757 (octal),   495. (decimal)

	VLTP.0	      404521	Global	Relocatable 		VLTPV	   201000054	Global	Absolute    	
	EXPRTY	      404521	Global	Relocatable 		ASGNTY	      405030	Global	Relocatable 	
		LINK-10 symbol map of	P3R	version 4(210)		page 7
VLTP..
	CNVNOD	      405155	Global	Relocatable 		TPCDMY	      405276	Global	Relocatable 	
	VLTP.1	      405336	Global	Relocatable Suppressed	VLTP.P	      405336	Global	Relocatable 	
	VLTP.C	      405445	Global	Relocatable 		VLTP.L	      405453	Global	Relocatable 	
	VLTP.O	        6711	Global	Relocatable 	

		*************

CNSTCM	from DSK:CNSTCM.REL[31,1611]	created on  6-Oct-84 at 18:49:00
	High segment starts at	405500 ends at	406505 length	  1006 (octal),   518. (decimal)

	CNSTCM	      405500	Entry	Relocatable 		CNSTCV	   201000100	Global	Absolute    	
	KADPRN	      405654	Global	Relocatable 		KARIAB	      405533	Global	Relocatable 	
	KARIIB	      405513	Global	Relocatable 		KBOOLB	      405655	Global	Relocatable 	
	KDNEGB	      405661	Global	Relocatable 		KDPINT	      405627	Global	Relocatable 	
	KDPRL	      405653	Global	Relocatable 		KILDAB	      406225	Global	Relocatable 	
	KILFBA	      406207	Global	Relocatable 		KILFBR	      406216	Global	Relocatable 	
	KSPECB	      406004	Global	Relocatable 		KTYPCB	      405553	Global	Relocatable 	

		*************

DPSIM	from DSK:DPSIM.REL[31,1611]	created on  6-Oct-84 at 18:49:00
	High segment starts at	406506 ends at	407101 length	   374 (octal),   252. (decimal)

	DFA0	      406527	Global	Relocatable 		DFA4	      406513	Global	Relocatable 	
	DFAM0	      406526	Global	Relocatable 		DFAM4	      406512	Global	Relocatable 	
	DFD0	      407004	Global	Relocatable 		DFD4	      407006	Global	Relocatable 	
	DFDM0	      407003	Global	Relocatable 		DFDM4	      407005	Global	Relocatable 	
	DFM0	      406716	Global	Relocatable 		DFM4	      406720	Global	Relocatable 	
	DFMM0	      406715	Global	Relocatable 		DFMM4	      406717	Global	Relocatable 	
	DFS0	      406517	Global	Relocatable 		DFS4	      406507	Global	Relocatable 	
	DFSM0	      406516	Global	Relocatable 		DFSM4	      406506	Global	Relocatable 	
	DPSIMV	     2000001	Global	Absolute    	

		*************

STRE..	from DSK:STREGA.REL[31,1611]	created by BLISS on  6-Oct-84 at 20:21:00
	Low  segment starts at	  6722 ends at	  7024 length	   103 (octal),    67. (decimal)
	High segment starts at	407102 ends at	415704 length	  6603 (octal),  3459. (decimal)

	STRE.0	      407102	Global	Relocatable 		STREV	   200000311	Global	Absolute    	
	STREGA	      407102	Global	Relocatable 		FNREF	        6722	Global	Relocatable 	
	CMSTMN	      407156	Global	Relocatable 		ALCSTM	      407454	Global	Relocatable 	
	STCMAS	      407611	Global	Relocatable 		STCMAG	      410000	Global	Relocatable 	
	STCMCG	      410023	Global	Relocatable 		STCMST	      410055	Global	Relocatable 	
	STCMLI	      410075	Global	Relocatable 		STCMAI	      410174	Global	Relocatable 	
	SCMASS	      410235	Global	Relocatable 		STCMOP	      410263	Global	Relocatable 	
	CMPDEC	      410332	Global	Relocatable 		STCMCS	      410374	Global	Relocatable 	
	ALCASM	      410551	Global	Relocatable 		ALCMEM	      411433	Global	Relocatable 	
	ORDERM	      412146	Global	Relocatable 		ALCASS	      412233	Global	Relocatable 	
	ALCCAL	      412260	Global	Relocatable 		ALCAGO	      412306	Global	Relocatable 	
	ALCCGO	      412335	Global	Relocatable 		ALCLIF	      412364	Global	Relocatable 	
	ALCAIF	      412510	Global	Relocatable 		ALCDEC	      412633	Global	Relocatable 	
	ALCOPE	      412715	Global	Relocatable 		ALCCMN	      412771	Global	Relocatable 	
	ALCIOL	      413414	Global	Relocatable 		ALCIOC	      413647	Global	Relocatable 	
		LINK-10 symbol map of	P3R	version 4(210)		page 8
STRE..
	ALCE1L	      414200	Global	Relocatable 		ALCE2L	      414340	Global	Relocatable 	
	LHINRE	      414760	Global	Relocatable 		STRE.1	      415524	Global	Relocatable Suppressed
	STRE.L	      415524	Global	Relocatable 		STRE.G	        6722	Global	Relocatable Suppressed
	STRE.O	        6723	Global	Relocatable 	

		*************

CPLX..	from DSK:CMPLEX.REL[31,1611]	created by BLISS on  6-Oct-84 at 20:27:00
	Low  segment starts at	  7025 ends at	  7061 length	    35 (octal),    29. (decimal)
	High segment starts at	415705 ends at	422447 length	  4543 (octal),  2403. (decimal)

	CPLX.0	      415705	Global	Relocatable 		CPLXV	   400000176	Global	Absolute    	
	SETCOM	      415705	Global	Relocatable 		ARRNAR	      416155	Global	Relocatable 	
	CMPLA	      416231	Global	Relocatable 		CMARGS	      416626	Global	Relocatable 	
	EXPTOF	      416757	Global	Relocatable 		PRCNST	      417037	Global	Relocatable 	
	CMPVBO	      417355	Global	Relocatable 		CMPLBL	      417460	Global	Relocatable 	
	CMPLRE	      417602	Global	Relocatable 		CMPLFN	      420003	Global	Relocatable 	
	CMPFNA	      420066	Global	Relocatable 		CMPTPC	      420165	Global	Relocatable 	
	CMPLXA	      420327	Global	Relocatable 		CMPILF	      420704	Global	Relocatable 	
	CMPLIO	      421330	Global	Relocatable 		CMPIOC	      421474	Global	Relocatable 	
	CMPE1L	      421623	Global	Relocatable 		CMPE2L	      421754	Global	Relocatable 	
	SNGARG	      422114	Global	Relocatable 		EXCHAR	      422170	Global	Relocatable 	
	CPLX.1	      422310	Global	Relocatable Suppressed	CPLX.P	      422310	Global	Relocatable 	
	CPLX.C	      422322	Global	Relocatable 		CPLX.L	      422324	Global	Relocatable 	
	CPLX.O	        7025	Global	Relocatable 	

		*************

CMPB..	from DSK:CMPBLO.REL[31,1611]	created by BLISS on  6-Oct-84 at 20:29:00
	Low  segment starts at	  7062 ends at	  7065 length	     4 (octal),     4. (decimal)
	High segment starts at	422450 ends at	423216 length	   547 (octal),   359. (decimal)

	CMPB.0	      422450	Global	Relocatable 		CMPBV	   201000057	Global	Absolute    	
	CMPBLO	      422501	Global	Relocatable 		SRCHRE	      422644	Global	Relocatable 	
	ADDREG	      422676	Global	Relocatable 		SAVREG	      422751	Global	Relocatable 	
	INITRE	      423167	Global	Relocatable 		CMPB.1	      423174	Global	Relocatable Suppressed
	CMPB.L	      423174	Global	Relocatable 		CMPB.O	        7062	Global	Relocatable 	

		*************

ALCB..	from DSK:ALCBLO.REL[31,1611]	created by BLISS on  6-Oct-84 at 20:31:00
	Low  segment starts at	  7066 ends at	  7130 length	    43 (octal),    35. (decimal)
	High segment starts at	423217 ends at	424627 length	  1411 (octal),   777. (decimal)

	ALCB.0	      423217	Global	Relocatable 		ALCBV	     2000057	Global	Absolute    	
	ALCBLO	      423217	Global	Relocatable 		AFREER	      423442	Global	Relocatable 	
	REGCON	      423701	Global	Relocatable 		VARCLO	      423737	Global	Relocatable 	
	CLOBBC	      424057	Global	Relocatable 		CLOBBE	      424132	Global	Relocatable 	
	REGCLO	      424262	Global	Relocatable 		CLRRGS	      424401	Global	Relocatable 	
	INIRGS	      424430	Global	Relocatable 		SAVERE	      424443	Global	Relocatable 	
	FREEPA	      424557	Global	Relocatable 		ALCB.1	      424601	Global	Relocatable Suppressed
	ALCB.L	      424601	Global	Relocatable 		ALCB.O	        7066	Global	Relocatable 	

		*************
		LINK-10 symbol map of	P3R	version 4(210)		page 9
ALCB..

DOAL..	from DSK:DOALC.REL[31,1611]	created by BLISS on  6-Oct-84 at 20:33:00
	Low  segment starts at	  7131 ends at	  7146 length	    16 (octal),    14. (decimal)
	High segment starts at	424630 ends at	427447 length	  2620 (octal),  1424. (decimal)

	DOAL.0	      424630	Global	Relocatable 		DOALV	   202000151	Global	Absolute    	
	RETNCT	        7131	Global	Relocatable 		ASVCT	        7132	Global	Relocatable 	
	STCMDO	      424630	Global	Relocatable 		ALCDOS	      425332	Global	Relocatable 	
	ALCDOE	      425660	Global	Relocatable 		STCMRE	      425764	Global	Relocatable 	
	ALCRET	      426040	Global	Relocatable 		ALCTEM	      426067	Global	Relocatable 	
	STCMSF	      426203	Global	Relocatable 		ALCSFN	      426347	Global	Relocatable 	
	STCMSU	      426407	Global	Relocatable 		LPIXSU	      426510	Global	Relocatable 	
	ALCENT	      426742	Global	Relocatable 		ALCENL	      426753	Global	Relocatable 	
	ARGSIZ	      427075	Global	Relocatable 		FNVALC	      427155	Global	Relocatable 	
	FNVLCH	      427242	Global	Relocatable 		ASNFNV	      427247	Global	Relocatable 	
	DOAL.1	      427330	Global	Relocatable Suppressed	DOAL.C	      427330	Global	Relocatable 	
	DOAL.L	      427336	Global	Relocatable 		DOAL.G	        7131	Global	Relocatable Suppressed
	DOAL.O	        7133	Global	Relocatable 	

		*************

REGA..	from DSK:REGAL2.REL[31,1611]	created by BLISS on  6-Oct-84 at 20:39:00
	Low  segment starts at	  7147 ends at	  7175 length	    27 (octal),    23. (decimal)
	High segment starts at	427450 ends at	435322 length	  5653 (octal),  2987. (decimal)

	REGA.0	      427450	Global	Relocatable 		REGAV	   201000176	Global	Absolute    	
	ALCINR	      427450	Global	Relocatable 		ALCREL	      427570	Global	Relocatable 	
	ALCRL1	      427657	Global	Relocatable 		ALCA	      430073	Global	Relocatable 	
	GETRGP	      430416	Global	Relocatable 		ALCLIB	      430451	Global	Relocatable 	
	ALCARG	      430536	Global	Relocatable 		ALCVBO	      431173	Global	Relocatable 	
	ALCCNB	      431412	Global	Relocatable 		ALCCNT	      431470	Global	Relocatable 	
	RGTOSA	      431514	Global	Relocatable 		ALCNAR	      431565	Global	Relocatable 	
	ALCFNC	      431612	Global	Relocatable 		ALCFNA	      431666	Global	Relocatable 	
	ALCARR	      432046	Global	Relocatable 		ALCTPC	      432243	Global	Relocatable 	
	ALCNEG	      432656	Global	Relocatable 		ALCSPE	      432777	Global	Relocatable 	
	ALCILF	      433212	Global	Relocatable 		ALCINT	      433316	Global	Relocatable 	
	ALCTVB	      433706	Global	Relocatable 		ALCTA	      434113	Global	Relocatable 	
	ALCTAR	      434404	Global	Relocatable 		ALCTVA	      434525	Global	Relocatable 	
	REGTOU	      434576	Global	Relocatable 		RGTOU1	      434713	Global	Relocatable 	
	SETTAR	      435036	Global	Relocatable 		SETTAC	      435071	Global	Relocatable 	
	CLOBBN	      435117	Global	Relocatable 		REGA.1	      435157	Global	Relocatable Suppressed
	REGA.L	      435157	Global	Relocatable 		REGA.O	        7147	Global	Relocatable 	

		*************

UTIL..	from DSK:UTIL.REL[31,1611]	created by BLISS on  6-Oct-84 at 19:47:00
	Low  segment starts at	  7176 ends at	  7202 length	     5 (octal),     5. (decimal)
	High segment starts at	435323 ends at	437673 length	  2351 (octal),  1257. (decimal)

	UTIL.0	      435323	Global	Relocatable 		UTILV	   200000124	Global	Absolute    	
	TRANSM	      435323	Global	Relocatable 		PROPNE	      435374	Global	Relocatable 	
	NODERR	      435566	Global	Relocatable 		SETPVA	      435571	Global	Relocatable 	
	SETPIM	      435664	Global	Relocatable 		LOOKAN	      435737	Global	Relocatable 	
	LOKA1	      435763	Global	Relocatable 		LOKA2	      436051	Global	Relocatable 	
		LINK-10 symbol map of	P3R	version 4(210)		page 10
UTIL..
	LEAFSU	      436137	Global	Relocatable 		SWAPEM	      436247	Global	Relocatable 	
	MISCIO	      436277	Global	Relocatable 		DOVARS	      436353	Global	Relocatable 	
	IOCS	      436475	Global	Relocatable 		E1ORE2	      436527	Global	Relocatable 	
	IOSUBS	      436625	Global	Relocatable 		CONTVA	      436777	Global	Relocatable 	
	CONTFN	      437354	Global	Relocatable 		UNFLDO	      437464	Global	Relocatable 	
	ARGCON	      437521	Global	Relocatable 		LASTON	      437536	Global	Relocatable 	
	UTIL.1	      437602	Global	Relocatable Suppressed	UTIL.P	      437602	Global	Relocatable 	
	UTIL.L	      437624	Global	Relocatable 		UTIL.O	        7176	Global	Relocatable 	

		*************

REGU..	from DSK:REGUTL.REL[31,1611]	created by BLISS on  6-Oct-84 at 20:23:00
	Low  segment starts at	  7203 ends at	  7205 length	     3 (octal),     3. (decimal)
	High segment starts at	437674 ends at	440127 length	   234 (octal),   156. (decimal)

	REGU.0	      437674	Global	Relocatable 		REGUV	   200000025	Global	Absolute    	
	MAKRC0	      437674	Global	Relocatable 		ALODIM	      437714	Global	Relocatable 	
	ALDIM1	      437743	Global	Relocatable 		ALOCON	      440012	Global	Relocatable 	
	MAKTEM	      440020	Global	Relocatable 		NXTTMP	      440062	Global	Relocatable 	
	REGU.1	      440112	Global	Relocatable Suppressed	REGU.C	      440112	Global	Relocatable 	
	REGU.L	      440116	Global	Relocatable 		REGU.O	        7203	Global	Relocatable 	

		*************

DATA..	from DSK:DATAST.REL[31,1611]	created by BLISS on  6-Oct-84 at 20:41:00
	Low  segment starts at	  7206 ends at	  7232 length	    25 (octal),    21. (decimal)
	High segment starts at	440130 ends at	441045 length	   716 (octal),   462. (decimal)

	DATA.0	      440130	Global	Relocatable 		DATAV	     2000052	Global	Absolute    	
	DATPRO	      440130	Global	Relocatable 		ALCDAT	      440145	Global	Relocatable 	
	ADJDAT	      440313	Global	Relocatable 		GETDAD	      440403	Global	Relocatable 	
	CNSTEV	      440462	Global	Relocatable 		GETDCN	      440612	Global	Relocatable 	
	DATA.1	      441016	Global	Relocatable Suppressed	DATA.C	      441016	Global	Relocatable 	
	DATA.L	      441022	Global	Relocatable 		DATA.O	        7206	Global	Relocatable 	

		*************

OPMO..	from DSK:OUTMOD.REL[31,1611]	created by BLISS on  6-Oct-84 at 20:45:00
	Low  segment starts at	  7233 ends at	  7235 length	     3 (octal),     3. (decimal)
	High segment starts at	441046 ends at	444343 length	  3276 (octal),  1726. (decimal)

	OPMO.0	      441046	Global	Relocatable 		OPMOV	   202000076	Global	Absolute    	
	OUTDAT	      441046	Global	Relocatable 		LISTSY	      441123	Global	Relocatable 	
	SUBPRO	      441156	Global	Relocatable 		ALLSCA	      441237	Global	Relocatable 	
	ALLCOM	      441441	Global	Relocatable 		ALLOCA	      441574	Global	Relocatable 	
	DMPFOR	      441615	Global	Relocatable 		ALLFOR	      441653	Global	Relocatable 	
	PROCCO	      441670	Global	Relocatable 		EQERRL	      441737	Global	Relocatable 	
	GROUPT	      442002	Global	Relocatable 		LINKGR	      442140	Global	Relocatable 	
	ELISTS	      442167	Global	Relocatable 		EQCALL	      442657	Global	Relocatable 	
	GRPSCA	      442755	Global	Relocatable 		PROCEQ	      443037	Global	Relocatable 	
	KISNGL	      443457	Global	Relocatable 		KITOKA	      443500	Global	Relocatable 	
	ALCCON	      443543	Global	Relocatable 		ALCTMP	      443725	Global	Relocatable 	
	HISEGB	      444062	Global	Relocatable 		RELINI	      444100	Global	Relocatable 	
	OPMO.1	      444145	Global	Relocatable Suppressed	OPMO.P	      444145	Global	Relocatable 	
		LINK-10 symbol map of	P3R	version 4(210)		page 11
OPMO..
	OPMO.C	      444233	Global	Relocatable 		OPMO.L	      444254	Global	Relocatable 	
	OPMO.O	        7233	Global	Relocatable 	

		*************

RELB..	from DSK:RELBUF.REL[31,1611]	created by BLISS on  6-Oct-84 at 20:41:00
	High segment starts at	444344 ends at	444775 length	   432 (octal),   282. (decimal)

	RELB.0	      444344	Global	Relocatable 		RELBV	   200000036	Global	Absolute    	
	ZOUTBL	      444402	Global	Relocatable 		DMPMAI	      444506	Global	Relocatable 	
	INIRLB	      444522	Global	Relocatable 		DMPRLB	      444536	Global	Relocatable 	
	LSTRLW	      444602	Global	Relocatable 		ZOUTMS	      444620	Global	Relocatable 	
	ZOUTSY	      444634	Global	Relocatable 		ZOUTOC	      444652	Global	Relocatable 	
	RADIX5	      444670	Global	Relocatable 		ZOUDEC	      444714	Global	Relocatable 	
	ZOUOFF	      444747	Global	Relocatable 		RELB.1	      444766	Global	Relocatable Suppressed
	RELB.C	      444766	Global	Relocatable 		RELB.L	      444771	Global	Relocatable 	

		*************

GOPT..	from DSK:GOPTIM.REL[31,1611]	created by BLISS on  6-Oct-84 at 19:43:00
	High segment starts at	444776 ends at	446024 length	  1027 (octal),   535. (decimal)

	GOPT.0	      444776	Global	Relocatable 		GOPTV	   200000064	Global	Absolute    	
	LOOKUP	      444776	Global	Relocatable 		CHKUA	      445020	Global	Relocatable 	
	LOKCAL	      445041	Global	Relocatable 		REPLAC	      445150	Global	Relocatable 	
	DOPARM	      445612	Global	Relocatable 		LNKASS	      445641	Global	Relocatable 	
	MAKASS	      445714	Global	Relocatable 		GOPT.1	      446003	Global	Relocatable Suppressed
	GOPT.L	      446003	Global	Relocatable 	

		*************

P3R..	from DSK:P3R.REL[31,1611]	created by BLISS on  6-Oct-84 at 20:55:00
	High segment starts at	446025 ends at	446112 length	    66 (octal),    54. (decimal)

	P3R.0	      446025	Global	Relocatable 		P3RV	     2000061	Global	Absolute    	
	MRP3R	      446025	Global	Relocatable 		P3R.F	      446107	Global	Relocatable 	
	P3R.1	      446113	Global	Relocatable Suppressed

		*************

PSEUDO	from DSK:JOBD.REL[31,1611]	created on  6-Oct-84 at 18:39:00

	Zero length module

		*************


		LINK-10 symbol map of	P3R	version 4(210)		page 12

5 undefined global symbols

.TNEWL	0
.POPJ1	0
.SWDON	0
.TCRLF	0
GUIDT.	0

		*************

	Index to LINK-10 symbol map of	P3R	version 4(210)		page 13

	Name	Page	Name	Page	Name	Page	Name	Page

	ALCB..	 8	ERRR..	 6	REGA..	 9	.GTPUT	 4
	ARRX..	 6	FTNCMD	 5	REGU..	10	.SAVE	 5
	CMPB..	 8	GLOB..	 1	RELB..	11	.SCAN	 4
	CNSTCM	 7	GOPT..	11	SERV..	 5	.STOPB	 4
	CPLX..	 8	INOU..	 5	STRE..	 7	.TNEWL	 4
	DATA..	10	MAIN..	 1	UTIL..	 9	.TOUTS	 4
	DOAL..	 9	OPMO..	10	VLTP..	 6	.VERBO	 4
	DPSIM	 7	P3R..	11	$SCNDC	 3	.WILD	 5
	ERR3	 6	PSEUDO	11	.CNTDT	 4

	[End of LINK-10 map of	P3R]
